running egg_info
creating ../../build/drone_node/drone_node.egg-info
writing ../../build/drone_node/drone_node.egg-info/PKG-INFO
writing dependency_links to ../../build/drone_node/drone_node.egg-info/dependency_links.txt
writing entry points to ../../build/drone_node/drone_node.egg-info/entry_points.txt
writing requirements to ../../build/drone_node/drone_node.egg-info/requires.txt
writing top-level names to ../../build/drone_node/drone_node.egg-info/top_level.txt
writing manifest file '../../build/drone_node/drone_node.egg-info/SOURCES.txt'
reading manifest file '../../build/drone_node/drone_node.egg-info/SOURCES.txt'
writing manifest file '../../build/drone_node/drone_node.egg-info/SOURCES.txt'
running build
running build_py
creating /home/dudz/multi-drone-disaster-response/build/drone_node/build
creating /home/dudz/multi-drone-disaster-response/build/drone_node/build/lib
creating /home/dudz/multi-drone-disaster-response/build/drone_node/build/lib/drone_node
copying drone_node/camera_bridge_simple.py -> /home/dudz/multi-drone-disaster-response/build/drone_node/build/lib/drone_node
copying drone_node/__init__.py -> /home/dudz/multi-drone-disaster-response/build/drone_node/build/lib/drone_node
copying drone_node/cloud_detector.py -> /home/dudz/multi-drone-disaster-response/build/drone_node/build/lib/drone_node
copying drone_node/drone_naming.py -> /home/dudz/multi-drone-disaster-response/build/drone_node/build/lib/drone_node
copying drone_node/victim_detector.py -> /home/dudz/multi-drone-disaster-response/build/drone_node/build/lib/drone_node
copying drone_node/drone_commander.py -> /home/dudz/multi-drone-disaster-response/build/drone_node/build/lib/drone_node
copying drone_node/drone_reactor.py -> /home/dudz/multi-drone-disaster-response/build/drone_node/build/lib/drone_node
copying drone_node/drone_task_publisher.py -> /home/dudz/multi-drone-disaster-response/build/drone_node/build/lib/drone_node
copying drone_node/drone_status_publisher.py -> /home/dudz/multi-drone-disaster-response/build/drone_node/build/lib/drone_node
running install
running install_lib
creating /home/dudz/multi-drone-disaster-response/install/drone_node/lib/python3.12/site-packages/drone_node
copying /home/dudz/multi-drone-disaster-response/build/drone_node/build/lib/drone_node/camera_bridge_simple.py -> /home/dudz/multi-drone-disaster-response/install/drone_node/lib/python3.12/site-packages/drone_node
copying /home/dudz/multi-drone-disaster-response/build/drone_node/build/lib/drone_node/__init__.py -> /home/dudz/multi-drone-disaster-response/install/drone_node/lib/python3.12/site-packages/drone_node
copying /home/dudz/multi-drone-disaster-response/build/drone_node/build/lib/drone_node/cloud_detector.py -> /home/dudz/multi-drone-disaster-response/install/drone_node/lib/python3.12/site-packages/drone_node
copying /home/dudz/multi-drone-disaster-response/build/drone_node/build/lib/drone_node/drone_naming.py -> /home/dudz/multi-drone-disaster-response/install/drone_node/lib/python3.12/site-packages/drone_node
copying /home/dudz/multi-drone-disaster-response/build/drone_node/build/lib/drone_node/victim_detector.py -> /home/dudz/multi-drone-disaster-response/install/drone_node/lib/python3.12/site-packages/drone_node
copying /home/dudz/multi-drone-disaster-response/build/drone_node/build/lib/drone_node/drone_commander.py -> /home/dudz/multi-drone-disaster-response/install/drone_node/lib/python3.12/site-packages/drone_node
copying /home/dudz/multi-drone-disaster-response/build/drone_node/build/lib/drone_node/drone_reactor.py -> /home/dudz/multi-drone-disaster-response/install/drone_node/lib/python3.12/site-packages/drone_node
copying /home/dudz/multi-drone-disaster-response/build/drone_node/build/lib/drone_node/drone_task_publisher.py -> /home/dudz/multi-drone-disaster-response/install/drone_node/lib/python3.12/site-packages/drone_node
copying /home/dudz/multi-drone-disaster-response/build/drone_node/build/lib/drone_node/drone_status_publisher.py -> /home/dudz/multi-drone-disaster-response/install/drone_node/lib/python3.12/site-packages/drone_node
byte-compiling /home/dudz/multi-drone-disaster-response/install/drone_node/lib/python3.12/site-packages/drone_node/camera_bridge_simple.py to camera_bridge_simple.cpython-312.pyc
byte-compiling /home/dudz/multi-drone-disaster-response/install/drone_node/lib/python3.12/site-packages/drone_node/__init__.py to __init__.cpython-312.pyc
byte-compiling /home/dudz/multi-drone-disaster-response/install/drone_node/lib/python3.12/site-packages/drone_node/cloud_detector.py to cloud_detector.cpython-312.pyc
byte-compiling /home/dudz/multi-drone-disaster-response/install/drone_node/lib/python3.12/site-packages/drone_node/drone_naming.py to drone_naming.cpython-312.pyc
byte-compiling /home/dudz/multi-drone-disaster-response/install/drone_node/lib/python3.12/site-packages/drone_node/victim_detector.py to victim_detector.cpython-312.pyc
byte-compiling /home/dudz/multi-drone-disaster-response/install/drone_node/lib/python3.12/site-packages/drone_node/drone_commander.py to drone_commander.cpython-312.pyc
byte-compiling /home/dudz/multi-drone-disaster-response/install/drone_node/lib/python3.12/site-packages/drone_node/drone_reactor.py to drone_reactor.cpython-312.pyc
byte-compiling /home/dudz/multi-drone-disaster-response/install/drone_node/lib/python3.12/site-packages/drone_node/drone_task_publisher.py to drone_task_publisher.cpython-312.pyc
byte-compiling /home/dudz/multi-drone-disaster-response/install/drone_node/lib/python3.12/site-packages/drone_node/drone_status_publisher.py to drone_status_publisher.cpython-312.pyc
running install_data
creating /home/dudz/multi-drone-disaster-response/install/drone_node/share/ament_index
creating /home/dudz/multi-drone-disaster-response/install/drone_node/share/ament_index/resource_index
creating /home/dudz/multi-drone-disaster-response/install/drone_node/share/ament_index/resource_index/packages
copying resource/drone_node -> /home/dudz/multi-drone-disaster-response/install/drone_node/share/ament_index/resource_index/packages
copying package.xml -> /home/dudz/multi-drone-disaster-response/install/drone_node/share/drone_node
running install_egg_info
Copying ../../build/drone_node/drone_node.egg-info to /home/dudz/multi-drone-disaster-response/install/drone_node/lib/python3.12/site-packages/drone_node-0.0.0-py3.12.egg-info
running install_scripts
Installing camera_bridge_simple script to /home/dudz/multi-drone-disaster-response/install/drone_node/lib/drone_node
Installing cloud_detector script to /home/dudz/multi-drone-disaster-response/install/drone_node/lib/drone_node
Installing drone_commander script to /home/dudz/multi-drone-disaster-response/install/drone_node/lib/drone_node
Installing drone_reactor script to /home/dudz/multi-drone-disaster-response/install/drone_node/lib/drone_node
Installing drone_status_publisher script to /home/dudz/multi-drone-disaster-response/install/drone_node/lib/drone_node
Installing drone_task_publisher script to /home/dudz/multi-drone-disaster-response/install/drone_node/lib/drone_node
Installing victim_detector script to /home/dudz/multi-drone-disaster-response/install/drone_node/lib/drone_node
writing list of installed files to '/home/dudz/multi-drone-disaster-response/build/drone_node/install.log'
