[1.007s] Invoking command in '/home/dudz/multi-drone-disaster-response/src/drone_node': CMAKE_PREFIX_PATH=/home/dudz/multi-drone-disaster-response/install/task_msgs:/home/dudz/multi-drone-disaster-response/install/px4_msgs:/opt/ros/jazzy/opt/gz_sim_vendor:/opt/ros/jazzy/opt/gz_sensors_vendor:/opt/ros/jazzy/opt/gz_physics_vendor:/opt/ros/jazzy/opt/sdformat_vendor:/opt/ros/jazzy/opt/gz_gui_vendor:/opt/ros/jazzy/opt/gz_transport_vendor:/opt/ros/jazzy/opt/gz_rendering_vendor:/opt/ros/jazzy/opt/gz_plugin_vendor:/opt/ros/jazzy/opt/gz_fuel_tools_vendor:/opt/ros/jazzy/opt/gz_msgs_vendor:/opt/ros/jazzy/opt/gz_common_vendor:/opt/ros/jazzy/opt/gz_math_vendor:/opt/ros/jazzy/opt/gz_utils_vendor:/opt/ros/jazzy/opt/gz_tools_vendor:/opt/ros/jazzy/opt/gz_ogre_next_vendor:/opt/ros/jazzy/opt/gz_dartsim_vendor:/opt/ros/jazzy/opt/gz_cmake_vendor DEBUGINFOD_URLS=https://debuginfod.ubuntu.com LD_LIBRARY_PATH=/home/dudz/multi-drone-disaster-response/install/task_msgs/lib:/home/dudz/multi-drone-disaster-response/install/px4_msgs/lib:/opt/ros/jazzy/opt/gz_sim_vendor/lib:/opt/ros/jazzy/opt/gz_sensors_vendor/lib:/opt/ros/jazzy/opt/gz_physics_vendor/lib:/opt/ros/jazzy/opt/sdformat_vendor/lib:/opt/ros/jazzy/opt/rviz_ogre_vendor/lib:/opt/ros/jazzy/lib/aarch64-linux-gnu:/opt/ros/jazzy/opt/gz_gui_vendor/lib:/opt/ros/jazzy/opt/gz_transport_vendor/lib:/opt/ros/jazzy/opt/gz_rendering_vendor/lib:/opt/ros/jazzy/opt/gz_plugin_vendor/lib:/opt/ros/jazzy/opt/gz_fuel_tools_vendor/lib:/opt/ros/jazzy/opt/gz_msgs_vendor/lib:/opt/ros/jazzy/opt/gz_common_vendor/lib:/opt/ros/jazzy/opt/gz_math_vendor/lib:/opt/ros/jazzy/opt/gz_utils_vendor/lib:/opt/ros/jazzy/opt/gz_tools_vendor/lib:/opt/ros/jazzy/opt/gz_ogre_next_vendor/lib:/opt/ros/jazzy/opt/gz_dartsim_vendor/lib:/opt/ros/jazzy/opt/gz_cmake_vendor/lib:/opt/ros/jazzy/lib PYTHONPATH=/home/dudz/multi-drone-disaster-response/build/drone_node/prefix_override:/usr/lib/python3/dist-packages/colcon_core/task/python/colcon_distutils_commands:/home/dudz/multi-drone-disaster-response/install/drone_node/lib/python3.12/site-packages:/home/dudz/multi-drone-disaster-response/install/task_msgs/lib/python3.12/site-packages:/home/dudz/multi-drone-disaster-response/install/px4_msgs/lib/python3.12/site-packages:/home/dudz/multi-drone-disaster-response/install/fog_node/lib/python3.12/site-packages:/home/dudz/multi-drone-disaster-response/install/drone_node/lib/python3.12/site-packages:/home/dudz/multi-drone-disaster-response/install/multi_drone_offboard/lib/python3.12/site-packages:/home/dudz/multi-drone-disaster-response/install/cloud_node/lib/python3.12/site-packages:/opt/ros/jazzy/lib/python3.12/site-packages /usr/bin/python3 -W ignore:setup.py install is deprecated -W ignore:easy_install command is deprecated setup.py egg_info --egg-base ../../build/drone_node build --build-base /home/dudz/multi-drone-disaster-response/build/drone_node/build install --record /home/dudz/multi-drone-disaster-response/build/drone_node/install.log --single-version-externally-managed install_data
[1.321s] running egg_info
[1.321s] creating ../../build/drone_node/drone_node.egg-info
[1.337s] writing ../../build/drone_node/drone_node.egg-info/PKG-INFO
[1.339s] writing dependency_links to ../../build/drone_node/drone_node.egg-info/dependency_links.txt
[1.339s] writing entry points to ../../build/drone_node/drone_node.egg-info/entry_points.txt
[1.339s] writing requirements to ../../build/drone_node/drone_node.egg-info/requires.txt
[1.339s] writing top-level names to ../../build/drone_node/drone_node.egg-info/top_level.txt
[1.339s] writing manifest file '../../build/drone_node/drone_node.egg-info/SOURCES.txt'
[1.372s] reading manifest file '../../build/drone_node/drone_node.egg-info/SOURCES.txt'
[1.373s] writing manifest file '../../build/drone_node/drone_node.egg-info/SOURCES.txt'
[1.373s] running build
[1.373s] running build_py
[1.373s] creating /home/dudz/multi-drone-disaster-response/build/drone_node/build
[1.374s] creating /home/dudz/multi-drone-disaster-response/build/drone_node/build/lib
[1.374s] creating /home/dudz/multi-drone-disaster-response/build/drone_node/build/lib/drone_node
[1.375s] copying drone_node/camera_bridge_simple.py -> /home/dudz/multi-drone-disaster-response/build/drone_node/build/lib/drone_node
[1.375s] copying drone_node/__init__.py -> /home/dudz/multi-drone-disaster-response/build/drone_node/build/lib/drone_node
[1.375s] copying drone_node/cloud_detector.py -> /home/dudz/multi-drone-disaster-response/build/drone_node/build/lib/drone_node
[1.375s] copying drone_node/drone_naming.py -> /home/dudz/multi-drone-disaster-response/build/drone_node/build/lib/drone_node
[1.376s] copying drone_node/victim_detector.py -> /home/dudz/multi-drone-disaster-response/build/drone_node/build/lib/drone_node
[1.376s] copying drone_node/drone_commander.py -> /home/dudz/multi-drone-disaster-response/build/drone_node/build/lib/drone_node
[1.376s] copying drone_node/drone_reactor.py -> /home/dudz/multi-drone-disaster-response/build/drone_node/build/lib/drone_node
[1.376s] copying drone_node/drone_task_publisher.py -> /home/dudz/multi-drone-disaster-response/build/drone_node/build/lib/drone_node
[1.376s] copying drone_node/drone_status_publisher.py -> /home/dudz/multi-drone-disaster-response/build/drone_node/build/lib/drone_node
[1.376s] running install
[1.381s] running install_lib
[1.397s] creating /home/dudz/multi-drone-disaster-response/install/drone_node/lib/python3.12/site-packages/drone_node
[1.397s] copying /home/dudz/multi-drone-disaster-response/build/drone_node/build/lib/drone_node/camera_bridge_simple.py -> /home/dudz/multi-drone-disaster-response/install/drone_node/lib/python3.12/site-packages/drone_node
[1.397s] copying /home/dudz/multi-drone-disaster-response/build/drone_node/build/lib/drone_node/__init__.py -> /home/dudz/multi-drone-disaster-response/install/drone_node/lib/python3.12/site-packages/drone_node
[1.397s] copying /home/dudz/multi-drone-disaster-response/build/drone_node/build/lib/drone_node/cloud_detector.py -> /home/dudz/multi-drone-disaster-response/install/drone_node/lib/python3.12/site-packages/drone_node
[1.397s] copying /home/dudz/multi-drone-disaster-response/build/drone_node/build/lib/drone_node/drone_naming.py -> /home/dudz/multi-drone-disaster-response/install/drone_node/lib/python3.12/site-packages/drone_node
[1.398s] copying /home/dudz/multi-drone-disaster-response/build/drone_node/build/lib/drone_node/victim_detector.py -> /home/dudz/multi-drone-disaster-response/install/drone_node/lib/python3.12/site-packages/drone_node
[1.398s] copying /home/dudz/multi-drone-disaster-response/build/drone_node/build/lib/drone_node/drone_commander.py -> /home/dudz/multi-drone-disaster-response/install/drone_node/lib/python3.12/site-packages/drone_node
[1.399s] copying /home/dudz/multi-drone-disaster-response/build/drone_node/build/lib/drone_node/drone_reactor.py -> /home/dudz/multi-drone-disaster-response/install/drone_node/lib/python3.12/site-packages/drone_node
[1.399s] copying /home/dudz/multi-drone-disaster-response/build/drone_node/build/lib/drone_node/drone_task_publisher.py -> /home/dudz/multi-drone-disaster-response/install/drone_node/lib/python3.12/site-packages/drone_node
[1.399s] copying /home/dudz/multi-drone-disaster-response/build/drone_node/build/lib/drone_node/drone_status_publisher.py -> /home/dudz/multi-drone-disaster-response/install/drone_node/lib/python3.12/site-packages/drone_node
[1.399s] byte-compiling /home/dudz/multi-drone-disaster-response/install/drone_node/lib/python3.12/site-packages/drone_node/camera_bridge_simple.py to camera_bridge_simple.cpython-312.pyc
[1.401s] byte-compiling /home/dudz/multi-drone-disaster-response/install/drone_node/lib/python3.12/site-packages/drone_node/__init__.py to __init__.cpython-312.pyc
[1.401s] byte-compiling /home/dudz/multi-drone-disaster-response/install/drone_node/lib/python3.12/site-packages/drone_node/cloud_detector.py to cloud_detector.cpython-312.pyc
[1.401s] byte-compiling /home/dudz/multi-drone-disaster-response/install/drone_node/lib/python3.12/site-packages/drone_node/drone_naming.py to drone_naming.cpython-312.pyc
[1.401s] byte-compiling /home/dudz/multi-drone-disaster-response/install/drone_node/lib/python3.12/site-packages/drone_node/victim_detector.py to victim_detector.cpython-312.pyc
[1.403s] byte-compiling /home/dudz/multi-drone-disaster-response/install/drone_node/lib/python3.12/site-packages/drone_node/drone_commander.py to drone_commander.cpython-312.pyc
[1.406s] byte-compiling /home/dudz/multi-drone-disaster-response/install/drone_node/lib/python3.12/site-packages/drone_node/drone_reactor.py to drone_reactor.cpython-312.pyc
[1.406s] byte-compiling /home/dudz/multi-drone-disaster-response/install/drone_node/lib/python3.12/site-packages/drone_node/drone_task_publisher.py to drone_task_publisher.cpython-312.pyc
[1.407s] byte-compiling /home/dudz/multi-drone-disaster-response/install/drone_node/lib/python3.12/site-packages/drone_node/drone_status_publisher.py to drone_status_publisher.cpython-312.pyc
[1.407s] running install_data
[1.408s] creating /home/dudz/multi-drone-disaster-response/install/drone_node/share/ament_index
[1.408s] creating /home/dudz/multi-drone-disaster-response/install/drone_node/share/ament_index/resource_index
[1.408s] creating /home/dudz/multi-drone-disaster-response/install/drone_node/share/ament_index/resource_index/packages
[1.408s] copying resource/drone_node -> /home/dudz/multi-drone-disaster-response/install/drone_node/share/ament_index/resource_index/packages
[1.408s] copying package.xml -> /home/dudz/multi-drone-disaster-response/install/drone_node/share/drone_node
[1.408s] running install_egg_info
[1.424s] Copying ../../build/drone_node/drone_node.egg-info to /home/dudz/multi-drone-disaster-response/install/drone_node/lib/python3.12/site-packages/drone_node-0.0.0-py3.12.egg-info
[1.424s] running install_scripts
[1.549s] Installing camera_bridge_simple script to /home/dudz/multi-drone-disaster-response/install/drone_node/lib/drone_node
[1.549s] Installing cloud_detector script to /home/dudz/multi-drone-disaster-response/install/drone_node/lib/drone_node
[1.549s] Installing drone_commander script to /home/dudz/multi-drone-disaster-response/install/drone_node/lib/drone_node
[1.549s] Installing drone_reactor script to /home/dudz/multi-drone-disaster-response/install/drone_node/lib/drone_node
[1.549s] Installing drone_status_publisher script to /home/dudz/multi-drone-disaster-response/install/drone_node/lib/drone_node
[1.549s] Installing drone_task_publisher script to /home/dudz/multi-drone-disaster-response/install/drone_node/lib/drone_node
[1.549s] Installing victim_detector script to /home/dudz/multi-drone-disaster-response/install/drone_node/lib/drone_node
[1.550s] writing list of installed files to '/home/dudz/multi-drone-disaster-response/build/drone_node/install.log'
[1.583s] Invoked command in '/home/dudz/multi-drone-disaster-response/src/drone_node' returned '0': CMAKE_PREFIX_PATH=/home/dudz/multi-drone-disaster-response/install/task_msgs:/home/dudz/multi-drone-disaster-response/install/px4_msgs:/opt/ros/jazzy/opt/gz_sim_vendor:/opt/ros/jazzy/opt/gz_sensors_vendor:/opt/ros/jazzy/opt/gz_physics_vendor:/opt/ros/jazzy/opt/sdformat_vendor:/opt/ros/jazzy/opt/gz_gui_vendor:/opt/ros/jazzy/opt/gz_transport_vendor:/opt/ros/jazzy/opt/gz_rendering_vendor:/opt/ros/jazzy/opt/gz_plugin_vendor:/opt/ros/jazzy/opt/gz_fuel_tools_vendor:/opt/ros/jazzy/opt/gz_msgs_vendor:/opt/ros/jazzy/opt/gz_common_vendor:/opt/ros/jazzy/opt/gz_math_vendor:/opt/ros/jazzy/opt/gz_utils_vendor:/opt/ros/jazzy/opt/gz_tools_vendor:/opt/ros/jazzy/opt/gz_ogre_next_vendor:/opt/ros/jazzy/opt/gz_dartsim_vendor:/opt/ros/jazzy/opt/gz_cmake_vendor DEBUGINFOD_URLS=https://debuginfod.ubuntu.com LD_LIBRARY_PATH=/home/dudz/multi-drone-disaster-response/install/task_msgs/lib:/home/dudz/multi-drone-disaster-response/install/px4_msgs/lib:/opt/ros/jazzy/opt/gz_sim_vendor/lib:/opt/ros/jazzy/opt/gz_sensors_vendor/lib:/opt/ros/jazzy/opt/gz_physics_vendor/lib:/opt/ros/jazzy/opt/sdformat_vendor/lib:/opt/ros/jazzy/opt/rviz_ogre_vendor/lib:/opt/ros/jazzy/lib/aarch64-linux-gnu:/opt/ros/jazzy/opt/gz_gui_vendor/lib:/opt/ros/jazzy/opt/gz_transport_vendor/lib:/opt/ros/jazzy/opt/gz_rendering_vendor/lib:/opt/ros/jazzy/opt/gz_plugin_vendor/lib:/opt/ros/jazzy/opt/gz_fuel_tools_vendor/lib:/opt/ros/jazzy/opt/gz_msgs_vendor/lib:/opt/ros/jazzy/opt/gz_common_vendor/lib:/opt/ros/jazzy/opt/gz_math_vendor/lib:/opt/ros/jazzy/opt/gz_utils_vendor/lib:/opt/ros/jazzy/opt/gz_tools_vendor/lib:/opt/ros/jazzy/opt/gz_ogre_next_vendor/lib:/opt/ros/jazzy/opt/gz_dartsim_vendor/lib:/opt/ros/jazzy/opt/gz_cmake_vendor/lib:/opt/ros/jazzy/lib PYTHONPATH=/home/dudz/multi-drone-disaster-response/build/drone_node/prefix_override:/usr/lib/python3/dist-packages/colcon_core/task/python/colcon_distutils_commands:/home/dudz/multi-drone-disaster-response/install/drone_node/lib/python3.12/site-packages:/home/dudz/multi-drone-disaster-response/install/task_msgs/lib/python3.12/site-packages:/home/dudz/multi-drone-disaster-response/install/px4_msgs/lib/python3.12/site-packages:/home/dudz/multi-drone-disaster-response/install/fog_node/lib/python3.12/site-packages:/home/dudz/multi-drone-disaster-response/install/drone_node/lib/python3.12/site-packages:/home/dudz/multi-drone-disaster-response/install/multi_drone_offboard/lib/python3.12/site-packages:/home/dudz/multi-drone-disaster-response/install/cloud_node/lib/python3.12/site-packages:/opt/ros/jazzy/lib/python3.12/site-packages /usr/bin/python3 -W ignore:setup.py install is deprecated -W ignore:easy_install command is deprecated setup.py egg_info --egg-base ../../build/drone_node build --build-base /home/dudz/multi-drone-disaster-response/build/drone_node/build install --record /home/dudz/multi-drone-disaster-response/build/drone_node/install.log --single-version-externally-managed install_data
