[0.077s] DEBUG:colcon:Command line arguments: ['/usr/bin/colcon', 'build']
[0.077s] DEBUG:colcon:Parsed command line arguments: Namespace(log_base=None, log_level=None, verb_name='build', build_base='build', install_base='install', merge_install=False, symlink_install=False, test_result_base=None, continue_on_error=False, executor='parallel', parallel_workers=8, event_handlers=None, ignore_user_meta=False, metas=['./colcon.meta'], base_paths=['.'], packages_ignore=None, packages_ignore_regex=None, paths=None, packages_up_to=None, packages_up_to_regex=None, packages_above=None, packages_above_and_dependencies=None, packages_above_depth=None, packages_select_by_dep=None, packages_skip_by_dep=None, packages_skip_up_to=None, packages_select_build_failed=False, packages_skip_build_finished=False, packages_select_test_failures=False, packages_skip_test_passed=False, packages_select=None, packages_skip=None, packages_select_regex=None, packages_skip_regex=None, packages_start=None, packages_end=None, allow_overriding=[], cmake_args=None, cmake_target=None, cmake_target_skip_unavailable=False, cmake_clean_cache=False, cmake_clean_first=False, cmake_force_configure=False, ament_cmake_args=None, catkin_cmake_args=None, catkin_skip_building_tests=False, verb_parser=<colcon_defaults.argument_parser.defaults.DefaultArgumentsDecorator object at 0x7c5f1625c8b0>, verb_extension=<colcon_core.verb.build.BuildVerb object at 0x7c5f163d1f30>, main=<bound method BuildVerb.main of <colcon_core.verb.build.BuildVerb object at 0x7c5f163d1f30>>)
[0.181s] Level 1:colcon.colcon_core.package_discovery:discover_packages(colcon_meta) check parameters
[0.182s] Level 1:colcon.colcon_core.package_discovery:discover_packages(recursive) check parameters
[0.182s] Level 1:colcon.colcon_core.package_discovery:discover_packages(ignore) check parameters
[0.182s] Level 1:colcon.colcon_core.package_discovery:discover_packages(path) check parameters
[0.182s] Level 1:colcon.colcon_core.package_discovery:discover_packages(colcon_meta) discover
[0.182s] Level 1:colcon.colcon_core.package_discovery:discover_packages(recursive) discover
[0.182s] INFO:colcon.colcon_core.package_discovery:Crawling recursively for packages in '/home/maizaied03/ros2_ws'
[0.182s] Level 1:colcon.colcon_core.package_identification:_identify(.) by extensions ['ignore', 'ignore_ament_install']
[0.182s] Level 1:colcon.colcon_core.package_identification:_identify(.) by extension 'ignore'
[0.182s] Level 1:colcon.colcon_core.package_identification:_identify(.) by extension 'ignore_ament_install'
[0.182s] Level 1:colcon.colcon_core.package_identification:_identify(.) by extensions ['colcon_pkg']
[0.182s] Level 1:colcon.colcon_core.package_identification:_identify(.) by extension 'colcon_pkg'
[0.182s] Level 1:colcon.colcon_core.package_identification:_identify(.) by extensions ['colcon_meta']
[0.182s] Level 1:colcon.colcon_core.package_identification:_identify(.) by extension 'colcon_meta'
[0.182s] Level 1:colcon.colcon_core.package_identification:_identify(.) by extensions ['ros']
[0.182s] Level 1:colcon.colcon_core.package_identification:_identify(.) by extension 'ros'
[0.189s] Level 1:colcon.colcon_core.package_identification:_identify(.) by extensions ['cmake', 'python']
[0.189s] Level 1:colcon.colcon_core.package_identification:_identify(.) by extension 'cmake'
[0.189s] Level 1:colcon.colcon_core.package_identification:_identify(.) by extension 'python'
[0.189s] Level 1:colcon.colcon_core.package_identification:_identify(.) by extensions ['python_setup_py']
[0.189s] Level 1:colcon.colcon_core.package_identification:_identify(.) by extension 'python_setup_py'
[0.189s] Level 1:colcon.colcon_core.package_identification:_identify(build) by extensions ['ignore', 'ignore_ament_install']
[0.189s] Level 1:colcon.colcon_core.package_identification:_identify(build) by extension 'ignore'
[0.189s] Level 1:colcon.colcon_core.package_identification:_identify(build) ignored
[0.189s] Level 1:colcon.colcon_core.package_identification:_identify(install) by extensions ['ignore', 'ignore_ament_install']
[0.189s] Level 1:colcon.colcon_core.package_identification:_identify(install) by extension 'ignore'
[0.189s] Level 1:colcon.colcon_core.package_identification:_identify(install) ignored
[0.189s] Level 1:colcon.colcon_core.package_identification:_identify(log) by extensions ['ignore', 'ignore_ament_install']
[0.189s] Level 1:colcon.colcon_core.package_identification:_identify(log) by extension 'ignore'
[0.189s] Level 1:colcon.colcon_core.package_identification:_identify(log) ignored
[0.190s] Level 1:colcon.colcon_core.package_identification:_identify(src) by extensions ['ignore', 'ignore_ament_install']
[0.190s] Level 1:colcon.colcon_core.package_identification:_identify(src) by extension 'ignore'
[0.190s] Level 1:colcon.colcon_core.package_identification:_identify(src) by extension 'ignore_ament_install'
[0.190s] Level 1:colcon.colcon_core.package_identification:_identify(src) by extensions ['colcon_pkg']
[0.190s] Level 1:colcon.colcon_core.package_identification:_identify(src) by extension 'colcon_pkg'
[0.190s] Level 1:colcon.colcon_core.package_identification:_identify(src) by extensions ['colcon_meta']
[0.190s] Level 1:colcon.colcon_core.package_identification:_identify(src) by extension 'colcon_meta'
[0.190s] Level 1:colcon.colcon_core.package_identification:_identify(src) by extensions ['ros']
[0.190s] Level 1:colcon.colcon_core.package_identification:_identify(src) by extension 'ros'
[0.190s] Level 1:colcon.colcon_core.package_identification:_identify(src) by extensions ['cmake', 'python']
[0.190s] Level 1:colcon.colcon_core.package_identification:_identify(src) by extension 'cmake'
[0.190s] Level 1:colcon.colcon_core.package_identification:_identify(src) by extension 'python'
[0.190s] Level 1:colcon.colcon_core.package_identification:_identify(src) by extensions ['python_setup_py']
[0.190s] Level 1:colcon.colcon_core.package_identification:_identify(src) by extension 'python_setup_py'
[0.190s] Level 1:colcon.colcon_core.package_identification:_identify(src/drone_node) by extensions ['ignore', 'ignore_ament_install']
[0.190s] Level 1:colcon.colcon_core.package_identification:_identify(src/drone_node) by extension 'ignore'
[0.190s] Level 1:colcon.colcon_core.package_identification:_identify(src/drone_node) by extension 'ignore_ament_install'
[0.190s] Level 1:colcon.colcon_core.package_identification:_identify(src/drone_node) by extensions ['colcon_pkg']
[0.190s] Level 1:colcon.colcon_core.package_identification:_identify(src/drone_node) by extension 'colcon_pkg'
[0.190s] Level 1:colcon.colcon_core.package_identification:_identify(src/drone_node) by extensions ['colcon_meta']
[0.190s] Level 1:colcon.colcon_core.package_identification:_identify(src/drone_node) by extension 'colcon_meta'
[0.190s] Level 1:colcon.colcon_core.package_identification:_identify(src/drone_node) by extensions ['ros']
[0.190s] Level 1:colcon.colcon_core.package_identification:_identify(src/drone_node) by extension 'ros'
[0.192s] DEBUG:colcon.colcon_core.package_identification:Package 'src/drone_node' with type 'ros.ament_python' and name 'drone_node'
[0.192s] Level 1:colcon.colcon_core.package_identification:_identify(src/fog_node) by extensions ['ignore', 'ignore_ament_install']
[0.192s] Level 1:colcon.colcon_core.package_identification:_identify(src/fog_node) by extension 'ignore'
[0.192s] Level 1:colcon.colcon_core.package_identification:_identify(src/fog_node) by extension 'ignore_ament_install'
[0.192s] Level 1:colcon.colcon_core.package_identification:_identify(src/fog_node) by extensions ['colcon_pkg']
[0.192s] Level 1:colcon.colcon_core.package_identification:_identify(src/fog_node) by extension 'colcon_pkg'
[0.192s] Level 1:colcon.colcon_core.package_identification:_identify(src/fog_node) by extensions ['colcon_meta']
[0.192s] Level 1:colcon.colcon_core.package_identification:_identify(src/fog_node) by extension 'colcon_meta'
[0.192s] Level 1:colcon.colcon_core.package_identification:_identify(src/fog_node) by extensions ['ros']
[0.192s] Level 1:colcon.colcon_core.package_identification:_identify(src/fog_node) by extension 'ros'
[0.192s] DEBUG:colcon.colcon_core.package_identification:Package 'src/fog_node' with type 'ros.ament_python' and name 'fog_node'
[0.192s] Level 1:colcon.colcon_core.package_identification:_identify(src/multi_drone_offboard) by extensions ['ignore', 'ignore_ament_install']
[0.192s] Level 1:colcon.colcon_core.package_identification:_identify(src/multi_drone_offboard) by extension 'ignore'
[0.192s] Level 1:colcon.colcon_core.package_identification:_identify(src/multi_drone_offboard) by extension 'ignore_ament_install'
[0.193s] Level 1:colcon.colcon_core.package_identification:_identify(src/multi_drone_offboard) by extensions ['colcon_pkg']
[0.193s] Level 1:colcon.colcon_core.package_identification:_identify(src/multi_drone_offboard) by extension 'colcon_pkg'
[0.193s] Level 1:colcon.colcon_core.package_identification:_identify(src/multi_drone_offboard) by extensions ['colcon_meta']
[0.193s] Level 1:colcon.colcon_core.package_identification:_identify(src/multi_drone_offboard) by extension 'colcon_meta'
[0.193s] Level 1:colcon.colcon_core.package_identification:_identify(src/multi_drone_offboard) by extensions ['ros']
[0.193s] Level 1:colcon.colcon_core.package_identification:_identify(src/multi_drone_offboard) by extension 'ros'
[0.193s] DEBUG:colcon.colcon_core.package_identification:Package 'src/multi_drone_offboard' with type 'ros.ament_python' and name 'multi_drone_offboard'
[0.193s] Level 1:colcon.colcon_core.package_identification:_identify(src/px4_msgs) by extensions ['ignore', 'ignore_ament_install']
[0.193s] Level 1:colcon.colcon_core.package_identification:_identify(src/px4_msgs) by extension 'ignore'
[0.193s] Level 1:colcon.colcon_core.package_identification:_identify(src/px4_msgs) by extension 'ignore_ament_install'
[0.193s] Level 1:colcon.colcon_core.package_identification:_identify(src/px4_msgs) by extensions ['colcon_pkg']
[0.193s] Level 1:colcon.colcon_core.package_identification:_identify(src/px4_msgs) by extension 'colcon_pkg'
[0.193s] Level 1:colcon.colcon_core.package_identification:_identify(src/px4_msgs) by extensions ['colcon_meta']
[0.193s] Level 1:colcon.colcon_core.package_identification:_identify(src/px4_msgs) by extension 'colcon_meta'
[0.193s] Level 1:colcon.colcon_core.package_identification:_identify(src/px4_msgs) by extensions ['ros']
[0.193s] Level 1:colcon.colcon_core.package_identification:_identify(src/px4_msgs) by extension 'ros'
[0.194s] DEBUG:colcon.colcon_core.package_identification:Package 'src/px4_msgs' with type 'ros.ament_cmake' and name 'px4_msgs'
[0.194s] Level 1:colcon.colcon_core.package_discovery:discover_packages(recursive) using defaults
[0.194s] Level 1:colcon.colcon_core.package_discovery:discover_packages(ignore) discover
[0.194s] Level 1:colcon.colcon_core.package_discovery:discover_packages(ignore) using defaults
[0.194s] Level 1:colcon.colcon_core.package_discovery:discover_packages(path) discover
[0.194s] Level 1:colcon.colcon_core.package_discovery:discover_packages(path) using defaults
[0.215s] Level 1:colcon.colcon_core.package_discovery:discover_packages(prefix_path) check parameters
[0.215s] Level 1:colcon.colcon_core.package_discovery:discover_packages(prefix_path) discover
[0.216s] DEBUG:colcon.colcon_installed_package_information.package_discovery:Found 4 installed packages in /home/maizaied03/ros2_ws/install
[0.217s] DEBUG:colcon.colcon_installed_package_information.package_discovery:Found 291 installed packages in /opt/ros/humble
[0.218s] Level 1:colcon.colcon_core.package_discovery:discover_packages(prefix_path) using defaults
[0.240s] Level 5:colcon.colcon_core.verb:set package 'drone_node' build argument 'cmake_args' from command line to 'None'
[0.240s] Level 5:colcon.colcon_core.verb:set package 'drone_node' build argument 'cmake_target' from command line to 'None'
[0.240s] Level 5:colcon.colcon_core.verb:set package 'drone_node' build argument 'cmake_target_skip_unavailable' from command line to 'False'
[0.240s] Level 5:colcon.colcon_core.verb:set package 'drone_node' build argument 'cmake_clean_cache' from command line to 'False'
[0.240s] Level 5:colcon.colcon_core.verb:set package 'drone_node' build argument 'cmake_clean_first' from command line to 'False'
[0.240s] Level 5:colcon.colcon_core.verb:set package 'drone_node' build argument 'cmake_force_configure' from command line to 'False'
[0.240s] Level 5:colcon.colcon_core.verb:set package 'drone_node' build argument 'ament_cmake_args' from command line to 'None'
[0.240s] Level 5:colcon.colcon_core.verb:set package 'drone_node' build argument 'catkin_cmake_args' from command line to 'None'
[0.240s] Level 5:colcon.colcon_core.verb:set package 'drone_node' build argument 'catkin_skip_building_tests' from command line to 'False'
[0.240s] DEBUG:colcon.colcon_core.verb:Building package 'drone_node' with the following arguments: {'ament_cmake_args': None, 'build_base': '/home/maizaied03/ros2_ws/build/drone_node', 'catkin_cmake_args': None, 'catkin_skip_building_tests': False, 'cmake_args': None, 'cmake_clean_cache': False, 'cmake_clean_first': False, 'cmake_force_configure': False, 'cmake_target': None, 'cmake_target_skip_unavailable': False, 'install_base': '/home/maizaied03/ros2_ws/install/drone_node', 'merge_install': False, 'path': '/home/maizaied03/ros2_ws/src/drone_node', 'symlink_install': False, 'test_result_base': None}
[0.240s] Level 5:colcon.colcon_core.verb:set package 'px4_msgs' build argument 'cmake_args' from command line to 'None'
[0.240s] Level 5:colcon.colcon_core.verb:set package 'px4_msgs' build argument 'cmake_target' from command line to 'None'
[0.240s] Level 5:colcon.colcon_core.verb:set package 'px4_msgs' build argument 'cmake_target_skip_unavailable' from command line to 'False'
[0.240s] Level 5:colcon.colcon_core.verb:set package 'px4_msgs' build argument 'cmake_clean_cache' from command line to 'False'
[0.240s] Level 5:colcon.colcon_core.verb:set package 'px4_msgs' build argument 'cmake_clean_first' from command line to 'False'
[0.240s] Level 5:colcon.colcon_core.verb:set package 'px4_msgs' build argument 'cmake_force_configure' from command line to 'False'
[0.240s] Level 5:colcon.colcon_core.verb:set package 'px4_msgs' build argument 'ament_cmake_args' from command line to 'None'
[0.240s] Level 5:colcon.colcon_core.verb:set package 'px4_msgs' build argument 'catkin_cmake_args' from command line to 'None'
[0.240s] Level 5:colcon.colcon_core.verb:set package 'px4_msgs' build argument 'catkin_skip_building_tests' from command line to 'False'
[0.240s] DEBUG:colcon.colcon_core.verb:Building package 'px4_msgs' with the following arguments: {'ament_cmake_args': None, 'build_base': '/home/maizaied03/ros2_ws/build/px4_msgs', 'catkin_cmake_args': None, 'catkin_skip_building_tests': False, 'cmake_args': None, 'cmake_clean_cache': False, 'cmake_clean_first': False, 'cmake_force_configure': False, 'cmake_target': None, 'cmake_target_skip_unavailable': False, 'install_base': '/home/maizaied03/ros2_ws/install/px4_msgs', 'merge_install': False, 'path': '/home/maizaied03/ros2_ws/src/px4_msgs', 'symlink_install': False, 'test_result_base': None}
[0.240s] Level 5:colcon.colcon_core.verb:set package 'fog_node' build argument 'cmake_args' from command line to 'None'
[0.240s] Level 5:colcon.colcon_core.verb:set package 'fog_node' build argument 'cmake_target' from command line to 'None'
[0.241s] Level 5:colcon.colcon_core.verb:set package 'fog_node' build argument 'cmake_target_skip_unavailable' from command line to 'False'
[0.241s] Level 5:colcon.colcon_core.verb:set package 'fog_node' build argument 'cmake_clean_cache' from command line to 'False'
[0.241s] Level 5:colcon.colcon_core.verb:set package 'fog_node' build argument 'cmake_clean_first' from command line to 'False'
[0.241s] Level 5:colcon.colcon_core.verb:set package 'fog_node' build argument 'cmake_force_configure' from command line to 'False'
[0.241s] Level 5:colcon.colcon_core.verb:set package 'fog_node' build argument 'ament_cmake_args' from command line to 'None'
[0.241s] Level 5:colcon.colcon_core.verb:set package 'fog_node' build argument 'catkin_cmake_args' from command line to 'None'
[0.241s] Level 5:colcon.colcon_core.verb:set package 'fog_node' build argument 'catkin_skip_building_tests' from command line to 'False'
[0.241s] DEBUG:colcon.colcon_core.verb:Building package 'fog_node' with the following arguments: {'ament_cmake_args': None, 'build_base': '/home/maizaied03/ros2_ws/build/fog_node', 'catkin_cmake_args': None, 'catkin_skip_building_tests': False, 'cmake_args': None, 'cmake_clean_cache': False, 'cmake_clean_first': False, 'cmake_force_configure': False, 'cmake_target': None, 'cmake_target_skip_unavailable': False, 'install_base': '/home/maizaied03/ros2_ws/install/fog_node', 'merge_install': False, 'path': '/home/maizaied03/ros2_ws/src/fog_node', 'symlink_install': False, 'test_result_base': None}
[0.241s] Level 5:colcon.colcon_core.verb:set package 'multi_drone_offboard' build argument 'cmake_args' from command line to 'None'
[0.241s] Level 5:colcon.colcon_core.verb:set package 'multi_drone_offboard' build argument 'cmake_target' from command line to 'None'
[0.241s] Level 5:colcon.colcon_core.verb:set package 'multi_drone_offboard' build argument 'cmake_target_skip_unavailable' from command line to 'False'
[0.241s] Level 5:colcon.colcon_core.verb:set package 'multi_drone_offboard' build argument 'cmake_clean_cache' from command line to 'False'
[0.241s] Level 5:colcon.colcon_core.verb:set package 'multi_drone_offboard' build argument 'cmake_clean_first' from command line to 'False'
[0.241s] Level 5:colcon.colcon_core.verb:set package 'multi_drone_offboard' build argument 'cmake_force_configure' from command line to 'False'
[0.241s] Level 5:colcon.colcon_core.verb:set package 'multi_drone_offboard' build argument 'ament_cmake_args' from command line to 'None'
[0.241s] Level 5:colcon.colcon_core.verb:set package 'multi_drone_offboard' build argument 'catkin_cmake_args' from command line to 'None'
[0.241s] Level 5:colcon.colcon_core.verb:set package 'multi_drone_offboard' build argument 'catkin_skip_building_tests' from command line to 'False'
[0.241s] DEBUG:colcon.colcon_core.verb:Building package 'multi_drone_offboard' with the following arguments: {'ament_cmake_args': None, 'build_base': '/home/maizaied03/ros2_ws/build/multi_drone_offboard', 'catkin_cmake_args': None, 'catkin_skip_building_tests': False, 'cmake_args': None, 'cmake_clean_cache': False, 'cmake_clean_first': False, 'cmake_force_configure': False, 'cmake_target': None, 'cmake_target_skip_unavailable': False, 'install_base': '/home/maizaied03/ros2_ws/install/multi_drone_offboard', 'merge_install': False, 'path': '/home/maizaied03/ros2_ws/src/multi_drone_offboard', 'symlink_install': False, 'test_result_base': None}
[0.241s] INFO:colcon.colcon_core.executor:Executing jobs using 'parallel' executor
[0.242s] DEBUG:colcon.colcon_parallel_executor.executor.parallel:run_until_complete
[0.242s] INFO:colcon.colcon_ros.task.ament_cmake.build:Building ROS package in '/home/maizaied03/ros2_ws/src/px4_msgs' with build type 'ament_cmake'
[0.242s] INFO:colcon.colcon_cmake.task.cmake.build:Building CMake package in '/home/maizaied03/ros2_ws/src/px4_msgs'
[0.243s] INFO:colcon.colcon_core.plugin_system:Skipping extension 'colcon_core.shell.bat': Not used on non-Windows systems
[0.243s] INFO:colcon.colcon_core.shell:Skip shell extension 'powershell' for command environment: Not usable outside of PowerShell
[0.243s] DEBUG:colcon.colcon_core.shell:Skip shell extension 'dsv' for command environment
[0.245s] INFO:colcon.colcon_ros.task.ament_python.build:Building ROS package in '/home/maizaied03/ros2_ws/src/drone_node' with build type 'ament_python'
[0.245s] Level 1:colcon.colcon_core.shell:create_environment_hook('drone_node', 'ament_prefix_path')
[0.246s] INFO:colcon.colcon_core.shell:Creating environment hook '/home/maizaied03/ros2_ws/install/drone_node/share/drone_node/hook/ament_prefix_path.ps1'
[0.246s] INFO:colcon.colcon_core.shell:Creating environment descriptor '/home/maizaied03/ros2_ws/install/drone_node/share/drone_node/hook/ament_prefix_path.dsv'
[0.246s] INFO:colcon.colcon_core.shell:Creating environment hook '/home/maizaied03/ros2_ws/install/drone_node/share/drone_node/hook/ament_prefix_path.sh'
[0.247s] INFO:colcon.colcon_core.shell:Skip shell extension 'powershell' for command environment: Not usable outside of PowerShell
[0.247s] DEBUG:colcon.colcon_core.shell:Skip shell extension 'dsv' for command environment
[0.251s] DEBUG:colcon.colcon_core.event_handler.log_command:Invoking command in '/home/maizaied03/ros2_ws/build/px4_msgs': CMAKE_PREFIX_PATH=${CMAKE_PREFIX_PATH}:/home/maizaied03/ros2_ws/install/multi_drone_offboard:/home/maizaied03/ros2_ws/install/fog_node:/opt/ros/humble /usr/bin/cmake --build /home/maizaied03/ros2_ws/build/px4_msgs -- -j8 -l8
[0.412s] INFO:colcon.colcon_core.task.python.build:Building Python package in '/home/maizaied03/ros2_ws/src/drone_node'
[0.412s] INFO:colcon.colcon_core.shell:Skip shell extension 'powershell' for command environment: Not usable outside of PowerShell
[0.412s] DEBUG:colcon.colcon_core.shell:Skip shell extension 'dsv' for command environment
[0.656s] DEBUG:colcon.colcon_core.event_handler.log_command:Invoking command in '/home/maizaied03/ros2_ws/src/drone_node': PYTHONPATH=/home/maizaied03/ros2_ws/build/drone_node/prefix_override:/usr/lib/python3/dist-packages/colcon_core/task/python/colcon_distutils_commands:/home/maizaied03/ros2_ws/install/drone_node/lib/python3.10/site-packages:${PYTHONPATH} /usr/bin/python3 -W ignore:setup.py install is deprecated -W ignore:easy_install command is deprecated setup.py egg_info --egg-base ../../build/drone_node build --build-base /home/maizaied03/ros2_ws/build/drone_node/build install --record /home/maizaied03/ros2_ws/build/drone_node/install.log --single-version-externally-managed install_data
[0.975s] DEBUG:colcon.colcon_core.event_handler.log_command:Invoked command in '/home/maizaied03/ros2_ws/src/drone_node' returned '0': PYTHONPATH=/home/maizaied03/ros2_ws/build/drone_node/prefix_override:/usr/lib/python3/dist-packages/colcon_core/task/python/colcon_distutils_commands:/home/maizaied03/ros2_ws/install/drone_node/lib/python3.10/site-packages:${PYTHONPATH} /usr/bin/python3 -W ignore:setup.py install is deprecated -W ignore:easy_install command is deprecated setup.py egg_info --egg-base ../../build/drone_node build --build-base /home/maizaied03/ros2_ws/build/drone_node/build install --record /home/maizaied03/ros2_ws/build/drone_node/install.log --single-version-externally-managed install_data
[0.977s] Level 1:colcon.colcon_core.environment:checking '/home/maizaied03/ros2_ws/install/drone_node' for CMake module files
[0.977s] Level 1:colcon.colcon_core.environment:checking '/home/maizaied03/ros2_ws/install/drone_node' for CMake config files
[0.977s] Level 1:colcon.colcon_core.environment:checking '/home/maizaied03/ros2_ws/install/drone_node/lib'
[0.978s] Level 1:colcon.colcon_core.environment:checking '/home/maizaied03/ros2_ws/install/drone_node/bin'
[0.978s] Level 1:colcon.colcon_core.environment:checking '/home/maizaied03/ros2_ws/install/drone_node/lib/pkgconfig/drone_node.pc'
[0.978s] Level 1:colcon.colcon_core.environment:checking '/home/maizaied03/ros2_ws/install/drone_node/lib/python3.10/site-packages'
[0.978s] Level 1:colcon.colcon_core.shell:create_environment_hook('drone_node', 'pythonpath')
[0.978s] INFO:colcon.colcon_core.shell:Creating environment hook '/home/maizaied03/ros2_ws/install/drone_node/share/drone_node/hook/pythonpath.ps1'
[0.979s] INFO:colcon.colcon_core.shell:Creating environment descriptor '/home/maizaied03/ros2_ws/install/drone_node/share/drone_node/hook/pythonpath.dsv'
[0.979s] INFO:colcon.colcon_core.shell:Creating environment hook '/home/maizaied03/ros2_ws/install/drone_node/share/drone_node/hook/pythonpath.sh'
[0.980s] Level 1:colcon.colcon_core.environment:checking '/home/maizaied03/ros2_ws/install/drone_node/bin'
[0.980s] Level 1:colcon.colcon_core.environment:create_environment_scripts_only(drone_node)
[0.980s] INFO:colcon.colcon_core.shell:Creating package script '/home/maizaied03/ros2_ws/install/drone_node/share/drone_node/package.ps1'
[0.981s] INFO:colcon.colcon_core.shell:Creating package descriptor '/home/maizaied03/ros2_ws/install/drone_node/share/drone_node/package.dsv'
[0.981s] INFO:colcon.colcon_core.shell:Creating package script '/home/maizaied03/ros2_ws/install/drone_node/share/drone_node/package.sh'
[0.982s] INFO:colcon.colcon_core.shell:Creating package script '/home/maizaied03/ros2_ws/install/drone_node/share/drone_node/package.bash'
[0.982s] INFO:colcon.colcon_core.shell:Creating package script '/home/maizaied03/ros2_ws/install/drone_node/share/drone_node/package.zsh'
[0.983s] Level 1:colcon.colcon_core.environment:create_file_with_runtime_dependencies(/home/maizaied03/ros2_ws/install/drone_node/share/colcon-core/packages/drone_node)
[1.138s] DEBUG:colcon.colcon_core.event_handler.log_command:Invoked command in '/home/maizaied03/ros2_ws/build/px4_msgs' returned '0': CMAKE_PREFIX_PATH=${CMAKE_PREFIX_PATH}:/home/maizaied03/ros2_ws/install/multi_drone_offboard:/home/maizaied03/ros2_ws/install/fog_node:/opt/ros/humble /usr/bin/cmake --build /home/maizaied03/ros2_ws/build/px4_msgs -- -j8 -l8
[1.145s] DEBUG:colcon.colcon_core.event_handler.log_command:Invoking command in '/home/maizaied03/ros2_ws/build/px4_msgs': CMAKE_PREFIX_PATH=${CMAKE_PREFIX_PATH}:/home/maizaied03/ros2_ws/install/multi_drone_offboard:/home/maizaied03/ros2_ws/install/fog_node:/opt/ros/humble /usr/bin/cmake --install /home/maizaied03/ros2_ws/build/px4_msgs
[1.372s] Level 1:colcon.colcon_core.environment:create_environment_scripts_only(px4_msgs)
[1.372s] Level 1:colcon.colcon_core.environment:checking '/home/maizaied03/ros2_ws/install/px4_msgs' for CMake module files
[1.373s] DEBUG:colcon.colcon_core.event_handler.log_command:Invoked command in '/home/maizaied03/ros2_ws/build/px4_msgs' returned '0': CMAKE_PREFIX_PATH=${CMAKE_PREFIX_PATH}:/home/maizaied03/ros2_ws/install/multi_drone_offboard:/home/maizaied03/ros2_ws/install/fog_node:/opt/ros/humble /usr/bin/cmake --install /home/maizaied03/ros2_ws/build/px4_msgs
[1.373s] Level 1:colcon.colcon_core.environment:checking '/home/maizaied03/ros2_ws/install/px4_msgs' for CMake config files
[1.376s] Level 1:colcon.colcon_core.shell:create_environment_hook('px4_msgs', 'cmake_prefix_path')
[1.376s] INFO:colcon.colcon_core.shell:Creating environment hook '/home/maizaied03/ros2_ws/install/px4_msgs/share/px4_msgs/hook/cmake_prefix_path.ps1'
[1.376s] INFO:colcon.colcon_core.shell:Creating environment descriptor '/home/maizaied03/ros2_ws/install/px4_msgs/share/px4_msgs/hook/cmake_prefix_path.dsv'
[1.377s] INFO:colcon.colcon_core.shell:Creating environment hook '/home/maizaied03/ros2_ws/install/px4_msgs/share/px4_msgs/hook/cmake_prefix_path.sh'
[1.377s] Level 1:colcon.colcon_core.environment:checking '/home/maizaied03/ros2_ws/install/px4_msgs/lib'
[1.377s] Level 1:colcon.colcon_core.shell:create_environment_hook('px4_msgs', 'ld_library_path_lib')
[1.377s] INFO:colcon.colcon_core.shell:Creating environment hook '/home/maizaied03/ros2_ws/install/px4_msgs/share/px4_msgs/hook/ld_library_path_lib.ps1'
[1.377s] INFO:colcon.colcon_core.shell:Creating environment descriptor '/home/maizaied03/ros2_ws/install/px4_msgs/share/px4_msgs/hook/ld_library_path_lib.dsv'
[1.378s] INFO:colcon.colcon_core.shell:Creating environment hook '/home/maizaied03/ros2_ws/install/px4_msgs/share/px4_msgs/hook/ld_library_path_lib.sh'
[1.378s] Level 1:colcon.colcon_core.environment:checking '/home/maizaied03/ros2_ws/install/px4_msgs/bin'
[1.378s] Level 1:colcon.colcon_core.environment:checking '/home/maizaied03/ros2_ws/install/px4_msgs/lib/pkgconfig/px4_msgs.pc'
[1.378s] Level 1:colcon.colcon_core.environment:checking '/home/maizaied03/ros2_ws/install/px4_msgs/lib/python3.10/site-packages'
[1.378s] Level 1:colcon.colcon_core.environment:checking '/home/maizaied03/ros2_ws/install/px4_msgs/bin'
[1.379s] INFO:colcon.colcon_core.shell:Creating package script '/home/maizaied03/ros2_ws/install/px4_msgs/share/px4_msgs/package.ps1'
[1.379s] INFO:colcon.colcon_core.shell:Creating package descriptor '/home/maizaied03/ros2_ws/install/px4_msgs/share/px4_msgs/package.dsv'
[1.379s] INFO:colcon.colcon_core.shell:Creating package script '/home/maizaied03/ros2_ws/install/px4_msgs/share/px4_msgs/package.sh'
[1.379s] INFO:colcon.colcon_core.shell:Creating package script '/home/maizaied03/ros2_ws/install/px4_msgs/share/px4_msgs/package.bash'
[1.380s] INFO:colcon.colcon_core.shell:Creating package script '/home/maizaied03/ros2_ws/install/px4_msgs/share/px4_msgs/package.zsh'
[1.380s] Level 1:colcon.colcon_core.environment:create_file_with_runtime_dependencies(/home/maizaied03/ros2_ws/install/px4_msgs/share/colcon-core/packages/px4_msgs)
[1.380s] Level 1:colcon.colcon_core.environment:create_environment_scripts_only(px4_msgs)
[1.380s] Level 1:colcon.colcon_core.environment:checking '/home/maizaied03/ros2_ws/install/px4_msgs' for CMake module files
[1.380s] Level 1:colcon.colcon_core.environment:checking '/home/maizaied03/ros2_ws/install/px4_msgs' for CMake config files
[1.384s] Level 1:colcon.colcon_core.shell:create_environment_hook('px4_msgs', 'cmake_prefix_path')
[1.384s] INFO:colcon.colcon_core.shell:Creating environment hook '/home/maizaied03/ros2_ws/install/px4_msgs/share/px4_msgs/hook/cmake_prefix_path.ps1'
[1.384s] INFO:colcon.colcon_core.shell:Creating environment descriptor '/home/maizaied03/ros2_ws/install/px4_msgs/share/px4_msgs/hook/cmake_prefix_path.dsv'
[1.384s] INFO:colcon.colcon_core.shell:Creating environment hook '/home/maizaied03/ros2_ws/install/px4_msgs/share/px4_msgs/hook/cmake_prefix_path.sh'
[1.385s] Level 1:colcon.colcon_core.environment:checking '/home/maizaied03/ros2_ws/install/px4_msgs/lib'
[1.385s] Level 1:colcon.colcon_core.shell:create_environment_hook('px4_msgs', 'ld_library_path_lib')
[1.385s] INFO:colcon.colcon_core.shell:Creating environment hook '/home/maizaied03/ros2_ws/install/px4_msgs/share/px4_msgs/hook/ld_library_path_lib.ps1'
[1.385s] INFO:colcon.colcon_core.shell:Creating environment descriptor '/home/maizaied03/ros2_ws/install/px4_msgs/share/px4_msgs/hook/ld_library_path_lib.dsv'
[1.385s] INFO:colcon.colcon_core.shell:Creating environment hook '/home/maizaied03/ros2_ws/install/px4_msgs/share/px4_msgs/hook/ld_library_path_lib.sh'
[1.385s] Level 1:colcon.colcon_core.environment:checking '/home/maizaied03/ros2_ws/install/px4_msgs/bin'
[1.385s] Level 1:colcon.colcon_core.environment:checking '/home/maizaied03/ros2_ws/install/px4_msgs/lib/pkgconfig/px4_msgs.pc'
[1.385s] Level 1:colcon.colcon_core.environment:checking '/home/maizaied03/ros2_ws/install/px4_msgs/lib/python3.10/site-packages'
[1.386s] Level 1:colcon.colcon_core.environment:checking '/home/maizaied03/ros2_ws/install/px4_msgs/bin'
[1.386s] INFO:colcon.colcon_core.shell:Creating package script '/home/maizaied03/ros2_ws/install/px4_msgs/share/px4_msgs/package.ps1'
[1.386s] INFO:colcon.colcon_core.shell:Creating package descriptor '/home/maizaied03/ros2_ws/install/px4_msgs/share/px4_msgs/package.dsv'
[1.386s] INFO:colcon.colcon_core.shell:Creating package script '/home/maizaied03/ros2_ws/install/px4_msgs/share/px4_msgs/package.sh'
[1.387s] INFO:colcon.colcon_core.shell:Creating package script '/home/maizaied03/ros2_ws/install/px4_msgs/share/px4_msgs/package.bash'
[1.387s] INFO:colcon.colcon_core.shell:Creating package script '/home/maizaied03/ros2_ws/install/px4_msgs/share/px4_msgs/package.zsh'
[1.387s] Level 1:colcon.colcon_core.environment:create_file_with_runtime_dependencies(/home/maizaied03/ros2_ws/install/px4_msgs/share/colcon-core/packages/px4_msgs)
[1.387s] INFO:colcon.colcon_ros.task.ament_python.build:Building ROS package in '/home/maizaied03/ros2_ws/src/fog_node' with build type 'ament_python'
[1.388s] Level 1:colcon.colcon_core.shell:create_environment_hook('fog_node', 'ament_prefix_path')
[1.388s] INFO:colcon.colcon_core.shell:Creating environment hook '/home/maizaied03/ros2_ws/install/fog_node/share/fog_node/hook/ament_prefix_path.ps1'
[1.388s] INFO:colcon.colcon_core.shell:Creating environment descriptor '/home/maizaied03/ros2_ws/install/fog_node/share/fog_node/hook/ament_prefix_path.dsv'
[1.388s] INFO:colcon.colcon_core.shell:Creating environment hook '/home/maizaied03/ros2_ws/install/fog_node/share/fog_node/hook/ament_prefix_path.sh'
[1.389s] INFO:colcon.colcon_core.shell:Skip shell extension 'powershell' for command environment: Not usable outside of PowerShell
[1.389s] DEBUG:colcon.colcon_core.shell:Skip shell extension 'dsv' for command environment
[1.391s] INFO:colcon.colcon_ros.task.ament_python.build:Building ROS package in '/home/maizaied03/ros2_ws/src/multi_drone_offboard' with build type 'ament_python'
[1.391s] Level 1:colcon.colcon_core.shell:create_environment_hook('multi_drone_offboard', 'ament_prefix_path')
[1.391s] INFO:colcon.colcon_core.shell:Creating environment hook '/home/maizaied03/ros2_ws/install/multi_drone_offboard/share/multi_drone_offboard/hook/ament_prefix_path.ps1'
[1.391s] INFO:colcon.colcon_core.shell:Creating environment descriptor '/home/maizaied03/ros2_ws/install/multi_drone_offboard/share/multi_drone_offboard/hook/ament_prefix_path.dsv'
[1.391s] INFO:colcon.colcon_core.shell:Creating environment hook '/home/maizaied03/ros2_ws/install/multi_drone_offboard/share/multi_drone_offboard/hook/ament_prefix_path.sh'
[1.392s] INFO:colcon.colcon_core.shell:Skip shell extension 'powershell' for command environment: Not usable outside of PowerShell
[1.392s] DEBUG:colcon.colcon_core.shell:Skip shell extension 'dsv' for command environment
[1.586s] INFO:colcon.colcon_core.task.python.build:Building Python package in '/home/maizaied03/ros2_ws/src/fog_node'
[1.587s] INFO:colcon.colcon_core.shell:Skip shell extension 'powershell' for command environment: Not usable outside of PowerShell
[1.587s] DEBUG:colcon.colcon_core.shell:Skip shell extension 'dsv' for command environment
[1.804s] INFO:colcon.colcon_core.task.python.build:Building Python package in '/home/maizaied03/ros2_ws/src/multi_drone_offboard'
[1.804s] INFO:colcon.colcon_core.shell:Skip shell extension 'powershell' for command environment: Not usable outside of PowerShell
[1.804s] DEBUG:colcon.colcon_core.shell:Skip shell extension 'dsv' for command environment
[2.079s] DEBUG:colcon.colcon_core.event_handler.log_command:Invoking command in '/home/maizaied03/ros2_ws/src/multi_drone_offboard': PYTHONPATH=/home/maizaied03/ros2_ws/build/multi_drone_offboard/prefix_override:/usr/lib/python3/dist-packages/colcon_core/task/python/colcon_distutils_commands:/home/maizaied03/ros2_ws/install/multi_drone_offboard/lib/python3.10/site-packages:${PYTHONPATH} /usr/bin/python3 -W ignore:setup.py install is deprecated -W ignore:easy_install command is deprecated setup.py egg_info --egg-base ../../build/multi_drone_offboard build --build-base /home/maizaied03/ros2_ws/build/multi_drone_offboard/build install --record /home/maizaied03/ros2_ws/build/multi_drone_offboard/install.log --single-version-externally-managed install_data
[2.085s] DEBUG:colcon.colcon_core.event_handler.log_command:Invoking command in '/home/maizaied03/ros2_ws/src/fog_node': PYTHONPATH=/home/maizaied03/ros2_ws/build/fog_node/prefix_override:/usr/lib/python3/dist-packages/colcon_core/task/python/colcon_distutils_commands:/home/maizaied03/ros2_ws/install/fog_node/lib/python3.10/site-packages:${PYTHONPATH} /usr/bin/python3 -W ignore:setup.py install is deprecated -W ignore:easy_install command is deprecated setup.py egg_info --egg-base ../../build/fog_node build --build-base /home/maizaied03/ros2_ws/build/fog_node/build install --record /home/maizaied03/ros2_ws/build/fog_node/install.log --single-version-externally-managed install_data
[2.295s] Level 1:colcon.colcon_core.environment:checking '/home/maizaied03/ros2_ws/install/multi_drone_offboard' for CMake module files
[2.296s] DEBUG:colcon.colcon_core.event_handler.log_command:Invoked command in '/home/maizaied03/ros2_ws/src/multi_drone_offboard' returned '0': PYTHONPATH=/home/maizaied03/ros2_ws/build/multi_drone_offboard/prefix_override:/usr/lib/python3/dist-packages/colcon_core/task/python/colcon_distutils_commands:/home/maizaied03/ros2_ws/install/multi_drone_offboard/lib/python3.10/site-packages:${PYTHONPATH} /usr/bin/python3 -W ignore:setup.py install is deprecated -W ignore:easy_install command is deprecated setup.py egg_info --egg-base ../../build/multi_drone_offboard build --build-base /home/maizaied03/ros2_ws/build/multi_drone_offboard/build install --record /home/maizaied03/ros2_ws/build/multi_drone_offboard/install.log --single-version-externally-managed install_data
[2.296s] Level 1:colcon.colcon_core.environment:checking '/home/maizaied03/ros2_ws/install/multi_drone_offboard' for CMake config files
[2.296s] Level 1:colcon.colcon_core.environment:checking '/home/maizaied03/ros2_ws/install/multi_drone_offboard/lib'
[2.296s] Level 1:colcon.colcon_core.environment:checking '/home/maizaied03/ros2_ws/install/multi_drone_offboard/bin'
[2.296s] Level 1:colcon.colcon_core.environment:checking '/home/maizaied03/ros2_ws/install/multi_drone_offboard/lib/pkgconfig/multi_drone_offboard.pc'
[2.296s] Level 1:colcon.colcon_core.environment:checking '/home/maizaied03/ros2_ws/install/multi_drone_offboard/lib/python3.10/site-packages'
[2.296s] Level 1:colcon.colcon_core.shell:create_environment_hook('multi_drone_offboard', 'pythonpath')
[2.297s] INFO:colcon.colcon_core.shell:Creating environment hook '/home/maizaied03/ros2_ws/install/multi_drone_offboard/share/multi_drone_offboard/hook/pythonpath.ps1'
[2.297s] INFO:colcon.colcon_core.shell:Creating environment descriptor '/home/maizaied03/ros2_ws/install/multi_drone_offboard/share/multi_drone_offboard/hook/pythonpath.dsv'
[2.297s] INFO:colcon.colcon_core.shell:Creating environment hook '/home/maizaied03/ros2_ws/install/multi_drone_offboard/share/multi_drone_offboard/hook/pythonpath.sh'
[2.298s] Level 1:colcon.colcon_core.environment:checking '/home/maizaied03/ros2_ws/install/multi_drone_offboard/bin'
[2.298s] Level 1:colcon.colcon_core.environment:create_environment_scripts_only(multi_drone_offboard)
[2.298s] INFO:colcon.colcon_core.shell:Creating package script '/home/maizaied03/ros2_ws/install/multi_drone_offboard/share/multi_drone_offboard/package.ps1'
[2.298s] INFO:colcon.colcon_core.shell:Creating package descriptor '/home/maizaied03/ros2_ws/install/multi_drone_offboard/share/multi_drone_offboard/package.dsv'
[2.299s] INFO:colcon.colcon_core.shell:Creating package script '/home/maizaied03/ros2_ws/install/multi_drone_offboard/share/multi_drone_offboard/package.sh'
[2.299s] INFO:colcon.colcon_core.shell:Creating package script '/home/maizaied03/ros2_ws/install/multi_drone_offboard/share/multi_drone_offboard/package.bash'
[2.299s] INFO:colcon.colcon_core.shell:Creating package script '/home/maizaied03/ros2_ws/install/multi_drone_offboard/share/multi_drone_offboard/package.zsh'
[2.299s] Level 1:colcon.colcon_core.environment:create_file_with_runtime_dependencies(/home/maizaied03/ros2_ws/install/multi_drone_offboard/share/colcon-core/packages/multi_drone_offboard)
[2.318s] Level 1:colcon.colcon_core.environment:checking '/home/maizaied03/ros2_ws/install/fog_node' for CMake module files
[2.319s] DEBUG:colcon.colcon_core.event_handler.log_command:Invoked command in '/home/maizaied03/ros2_ws/src/fog_node' returned '0': PYTHONPATH=/home/maizaied03/ros2_ws/build/fog_node/prefix_override:/usr/lib/python3/dist-packages/colcon_core/task/python/colcon_distutils_commands:/home/maizaied03/ros2_ws/install/fog_node/lib/python3.10/site-packages:${PYTHONPATH} /usr/bin/python3 -W ignore:setup.py install is deprecated -W ignore:easy_install command is deprecated setup.py egg_info --egg-base ../../build/fog_node build --build-base /home/maizaied03/ros2_ws/build/fog_node/build install --record /home/maizaied03/ros2_ws/build/fog_node/install.log --single-version-externally-managed install_data
[2.319s] Level 1:colcon.colcon_core.environment:checking '/home/maizaied03/ros2_ws/install/fog_node' for CMake config files
[2.320s] Level 1:colcon.colcon_core.environment:checking '/home/maizaied03/ros2_ws/install/fog_node/lib'
[2.320s] Level 1:colcon.colcon_core.environment:checking '/home/maizaied03/ros2_ws/install/fog_node/bin'
[2.320s] Level 1:colcon.colcon_core.environment:checking '/home/maizaied03/ros2_ws/install/fog_node/lib/pkgconfig/fog_node.pc'
[2.320s] Level 1:colcon.colcon_core.environment:checking '/home/maizaied03/ros2_ws/install/fog_node/lib/python3.10/site-packages'
[2.320s] Level 1:colcon.colcon_core.shell:create_environment_hook('fog_node', 'pythonpath')
[2.320s] INFO:colcon.colcon_core.shell:Creating environment hook '/home/maizaied03/ros2_ws/install/fog_node/share/fog_node/hook/pythonpath.ps1'
[2.321s] INFO:colcon.colcon_core.shell:Creating environment descriptor '/home/maizaied03/ros2_ws/install/fog_node/share/fog_node/hook/pythonpath.dsv'
[2.321s] INFO:colcon.colcon_core.shell:Creating environment hook '/home/maizaied03/ros2_ws/install/fog_node/share/fog_node/hook/pythonpath.sh'
[2.322s] Level 1:colcon.colcon_core.environment:checking '/home/maizaied03/ros2_ws/install/fog_node/bin'
[2.322s] Level 1:colcon.colcon_core.environment:create_environment_scripts_only(fog_node)
[2.322s] INFO:colcon.colcon_core.shell:Creating package script '/home/maizaied03/ros2_ws/install/fog_node/share/fog_node/package.ps1'
[2.323s] INFO:colcon.colcon_core.shell:Creating package descriptor '/home/maizaied03/ros2_ws/install/fog_node/share/fog_node/package.dsv'
[2.323s] INFO:colcon.colcon_core.shell:Creating package script '/home/maizaied03/ros2_ws/install/fog_node/share/fog_node/package.sh'
[2.323s] INFO:colcon.colcon_core.shell:Creating package script '/home/maizaied03/ros2_ws/install/fog_node/share/fog_node/package.bash'
[2.324s] INFO:colcon.colcon_core.shell:Creating package script '/home/maizaied03/ros2_ws/install/fog_node/share/fog_node/package.zsh'
[2.324s] Level 1:colcon.colcon_core.environment:create_file_with_runtime_dependencies(/home/maizaied03/ros2_ws/install/fog_node/share/colcon-core/packages/fog_node)
[2.324s] DEBUG:colcon.colcon_parallel_executor.executor.parallel:closing loop
[2.324s] DEBUG:colcon.colcon_parallel_executor.executor.parallel:loop closed
[2.324s] DEBUG:colcon.colcon_parallel_executor.executor.parallel:run_until_complete finished with '0'
[2.325s] DEBUG:colcon.colcon_core.event_reactor:joining thread
[2.328s] INFO:colcon.colcon_core.plugin_system:Skipping extension 'colcon_notification.desktop_notification.terminal_notifier': Not used on non-Darwin systems
[2.328s] INFO:colcon.colcon_core.plugin_system:Skipping extension 'colcon_notification.desktop_notification.win32': Not used on non-Windows systems
[2.328s] INFO:colcon.colcon_notification.desktop_notification:Sending desktop notification using 'notify2'
[2.338s] DEBUG:colcon.colcon_core.event_reactor:joined thread
[2.338s] INFO:colcon.colcon_core.shell:Creating prefix script '/home/maizaied03/ros2_ws/install/local_setup.ps1'
[2.339s] INFO:colcon.colcon_core.shell:Creating prefix util module '/home/maizaied03/ros2_ws/install/_local_setup_util_ps1.py'
[2.342s] INFO:colcon.colcon_core.shell:Creating prefix chain script '/home/maizaied03/ros2_ws/install/setup.ps1'
[2.343s] INFO:colcon.colcon_core.shell:Creating prefix script '/home/maizaied03/ros2_ws/install/local_setup.sh'
[2.343s] INFO:colcon.colcon_core.shell:Creating prefix util module '/home/maizaied03/ros2_ws/install/_local_setup_util_sh.py'
[2.344s] INFO:colcon.colcon_core.shell:Creating prefix chain script '/home/maizaied03/ros2_ws/install/setup.sh'
[2.345s] INFO:colcon.colcon_core.shell:Creating prefix script '/home/maizaied03/ros2_ws/install/local_setup.bash'
[2.346s] INFO:colcon.colcon_core.shell:Creating prefix chain script '/home/maizaied03/ros2_ws/install/setup.bash'
[2.347s] INFO:colcon.colcon_core.shell:Creating prefix script '/home/maizaied03/ros2_ws/install/local_setup.zsh'
[2.347s] INFO:colcon.colcon_core.shell:Creating prefix chain script '/home/maizaied03/ros2_ws/install/setup.zsh'
