running egg_info
creating ../../build/cloud_node/cloud_node.egg-info
writing ../../build/cloud_node/cloud_node.egg-info/PKG-INFO
writing dependency_links to ../../build/cloud_node/cloud_node.egg-info/dependency_links.txt
writing entry points to ../../build/cloud_node/cloud_node.egg-info/entry_points.txt
writing requirements to ../../build/cloud_node/cloud_node.egg-info/requires.txt
writing top-level names to ../../build/cloud_node/cloud_node.egg-info/top_level.txt
writing manifest file '../../build/cloud_node/cloud_node.egg-info/SOURCES.txt'
reading manifest file '../../build/cloud_node/cloud_node.egg-info/SOURCES.txt'
writing manifest file '../../build/cloud_node/cloud_node.egg-info/SOURCES.txt'
running build
running build_py
creating /home/maizaied03/ros2_ws/build/cloud_node/build
creating /home/maizaied03/ros2_ws/build/cloud_node/build/lib
creating /home/maizaied03/ros2_ws/build/cloud_node/build/lib/cloud_node
copying cloud_node/__init__.py -> /home/maizaied03/ros2_ws/build/cloud_node/build/lib/cloud_node
copying cloud_node/cloud_server.py -> /home/maizaied03/ros2_ws/build/cloud_node/build/lib/cloud_node
running install
running install_lib
creating /home/maizaied03/ros2_ws/install/cloud_node/lib/python3.10/site-packages/cloud_node
copying /home/maizaied03/ros2_ws/build/cloud_node/build/lib/cloud_node/__init__.py -> /home/maizaied03/ros2_ws/install/cloud_node/lib/python3.10/site-packages/cloud_node
copying /home/maizaied03/ros2_ws/build/cloud_node/build/lib/cloud_node/cloud_server.py -> /home/maizaied03/ros2_ws/install/cloud_node/lib/python3.10/site-packages/cloud_node
byte-compiling /home/maizaied03/ros2_ws/install/cloud_node/lib/python3.10/site-packages/cloud_node/__init__.py to __init__.cpython-310.pyc
byte-compiling /home/maizaied03/ros2_ws/install/cloud_node/lib/python3.10/site-packages/cloud_node/cloud_server.py to cloud_server.cpython-310.pyc
running install_data
creating /home/maizaied03/ros2_ws/install/cloud_node/share/ament_index
creating /home/maizaied03/ros2_ws/install/cloud_node/share/ament_index/resource_index
creating /home/maizaied03/ros2_ws/install/cloud_node/share/ament_index/resource_index/packages
copying resource/cloud_node -> /home/maizaied03/ros2_ws/install/cloud_node/share/ament_index/resource_index/packages
copying package.xml -> /home/maizaied03/ros2_ws/install/cloud_node/share/cloud_node
running install_egg_info
Copying ../../build/cloud_node/cloud_node.egg-info to /home/maizaied03/ros2_ws/install/cloud_node/lib/python3.10/site-packages/cloud_node-0.0.1-py3.10.egg-info
running install_scripts
Installing cloud_server script to /home/maizaied03/ros2_ws/install/cloud_node/lib/cloud_node
writing list of installed files to '/home/maizaied03/ros2_ws/build/cloud_node/install.log'
