running egg_info
creating ../../build/multi_drone_offboard/multi_drone_offboard.egg-info
writing ../../build/multi_drone_offboard/multi_drone_offboard.egg-info/PKG-INFO
writing dependency_links to ../../build/multi_drone_offboard/multi_drone_offboard.egg-info/dependency_links.txt
writing entry points to ../../build/multi_drone_offboard/multi_drone_offboard.egg-info/entry_points.txt
writing requirements to ../../build/multi_drone_offboard/multi_drone_offboard.egg-info/requires.txt
writing top-level names to ../../build/multi_drone_offboard/multi_drone_offboard.egg-info/top_level.txt
writing manifest file '../../build/multi_drone_offboard/multi_drone_offboard.egg-info/SOURCES.txt'
reading manifest file '../../build/multi_drone_offboard/multi_drone_offboard.egg-info/SOURCES.txt'
writing manifest file '../../build/multi_drone_offboard/multi_drone_offboard.egg-info/SOURCES.txt'
running build
running build_py
creating /home/maizaied03/ros2_ws/build/multi_drone_offboard/build
creating /home/maizaied03/ros2_ws/build/multi_drone_offboard/build/lib
creating /home/maizaied03/ros2_ws/build/multi_drone_offboard/build/lib/multi_drone_offboard
copying multi_drone_offboard/__init__.py -> /home/maizaied03/ros2_ws/build/multi_drone_offboard/build/lib/multi_drone_offboard
copying multi_drone_offboard/offboard_control.py -> /home/maizaied03/ros2_ws/build/multi_drone_offboard/build/lib/multi_drone_offboard
running install
running install_lib
creating /home/maizaied03/ros2_ws/install/multi_drone_offboard/lib/python3.10/site-packages/multi_drone_offboard
copying /home/maizaied03/ros2_ws/build/multi_drone_offboard/build/lib/multi_drone_offboard/__init__.py -> /home/maizaied03/ros2_ws/install/multi_drone_offboard/lib/python3.10/site-packages/multi_drone_offboard
copying /home/maizaied03/ros2_ws/build/multi_drone_offboard/build/lib/multi_drone_offboard/offboard_control.py -> /home/maizaied03/ros2_ws/install/multi_drone_offboard/lib/python3.10/site-packages/multi_drone_offboard
byte-compiling /home/maizaied03/ros2_ws/install/multi_drone_offboard/lib/python3.10/site-packages/multi_drone_offboard/__init__.py to __init__.cpython-310.pyc
byte-compiling /home/maizaied03/ros2_ws/install/multi_drone_offboard/lib/python3.10/site-packages/multi_drone_offboard/offboard_control.py to offboard_control.cpython-310.pyc
running install_data
creating /home/maizaied03/ros2_ws/install/multi_drone_offboard/share/ament_index
creating /home/maizaied03/ros2_ws/install/multi_drone_offboard/share/ament_index/resource_index
creating /home/maizaied03/ros2_ws/install/multi_drone_offboard/share/ament_index/resource_index/packages
copying resource/multi_drone_offboard -> /home/maizaied03/ros2_ws/install/multi_drone_offboard/share/ament_index/resource_index/packages
copying package.xml -> /home/maizaied03/ros2_ws/install/multi_drone_offboard/share/multi_drone_offboard
running install_egg_info
Copying ../../build/multi_drone_offboard/multi_drone_offboard.egg-info to /home/maizaied03/ros2_ws/install/multi_drone_offboard/lib/python3.10/site-packages/multi_drone_offboard-0.0.0-py3.10.egg-info
running install_scripts
Installing offboard script to /home/maizaied03/ros2_ws/install/multi_drone_offboard/lib/multi_drone_offboard
writing list of installed files to '/home/maizaied03/ros2_ws/build/multi_drone_offboard/install.log'
