[1.141s] Invoking command in '/home/maizaied03/ros2_ws/src/multi_drone_offboard': AMENT_PREFIX_PATH=/home/maizaied03/ros2_ws/install/px4_msgs:${AMENT_PREFIX_PATH} CMAKE_PREFIX_PATH=/home/maizaied03/ros2_ws/install/px4_msgs LD_LIBRARY_PATH=/home/maizaied03/ros2_ws/install/px4_msgs/lib:${LD_LIBRARY_PATH} PYTHONPATH=/home/maizaied03/ros2_ws/build/multi_drone_offboard/prefix_override:/usr/lib/python3/dist-packages/colcon_core/task/python/colcon_distutils_commands:/home/maizaied03/ros2_ws/install/multi_drone_offboard/lib/python3.10/site-packages:/home/maizaied03/ros2_ws/install/px4_msgs/local/lib/python3.10/dist-packages:${PYTHONPATH} /usr/bin/python3 -W ignore:setup.py install is deprecated -W ignore:easy_install command is deprecated setup.py egg_info --egg-base ../../build/multi_drone_offboard build --build-base /home/maizaied03/ros2_ws/build/multi_drone_offboard/build install --record /home/maizaied03/ros2_ws/build/multi_drone_offboard/install.log --single-version-externally-managed install_data
[1.522s] running egg_info
[1.524s] creating ../../build/multi_drone_offboard/multi_drone_offboard.egg-info
[1.525s] writing ../../build/multi_drone_offboard/multi_drone_offboard.egg-info/PKG-INFO
[1.526s] writing dependency_links to ../../build/multi_drone_offboard/multi_drone_offboard.egg-info/dependency_links.txt
[1.527s] writing entry points to ../../build/multi_drone_offboard/multi_drone_offboard.egg-info/entry_points.txt
[1.528s] writing requirements to ../../build/multi_drone_offboard/multi_drone_offboard.egg-info/requires.txt
[1.528s] writing top-level names to ../../build/multi_drone_offboard/multi_drone_offboard.egg-info/top_level.txt
[1.530s] writing manifest file '../../build/multi_drone_offboard/multi_drone_offboard.egg-info/SOURCES.txt'
[1.534s] reading manifest file '../../build/multi_drone_offboard/multi_drone_offboard.egg-info/SOURCES.txt'
[1.535s] writing manifest file '../../build/multi_drone_offboard/multi_drone_offboard.egg-info/SOURCES.txt'
[1.536s] running build
[1.536s] running build_py
[1.537s] creating /home/maizaied03/ros2_ws/build/multi_drone_offboard/build
[1.537s] creating /home/maizaied03/ros2_ws/build/multi_drone_offboard/build/lib
[1.537s] creating /home/maizaied03/ros2_ws/build/multi_drone_offboard/build/lib/multi_drone_offboard
[1.537s] copying multi_drone_offboard/__init__.py -> /home/maizaied03/ros2_ws/build/multi_drone_offboard/build/lib/multi_drone_offboard
[1.540s] copying multi_drone_offboard/offboard_control.py -> /home/maizaied03/ros2_ws/build/multi_drone_offboard/build/lib/multi_drone_offboard
[1.540s] running install
[1.540s] running install_lib
[1.542s] creating /home/maizaied03/ros2_ws/install/multi_drone_offboard/lib/python3.10/site-packages/multi_drone_offboard
[1.542s] copying /home/maizaied03/ros2_ws/build/multi_drone_offboard/build/lib/multi_drone_offboard/__init__.py -> /home/maizaied03/ros2_ws/install/multi_drone_offboard/lib/python3.10/site-packages/multi_drone_offboard
[1.542s] copying /home/maizaied03/ros2_ws/build/multi_drone_offboard/build/lib/multi_drone_offboard/offboard_control.py -> /home/maizaied03/ros2_ws/install/multi_drone_offboard/lib/python3.10/site-packages/multi_drone_offboard
[1.543s] byte-compiling /home/maizaied03/ros2_ws/install/multi_drone_offboard/lib/python3.10/site-packages/multi_drone_offboard/__init__.py to __init__.cpython-310.pyc
[1.543s] byte-compiling /home/maizaied03/ros2_ws/install/multi_drone_offboard/lib/python3.10/site-packages/multi_drone_offboard/offboard_control.py to offboard_control.cpython-310.pyc
[1.547s] running install_data
[1.547s] creating /home/maizaied03/ros2_ws/install/multi_drone_offboard/share/ament_index
[1.549s] creating /home/maizaied03/ros2_ws/install/multi_drone_offboard/share/ament_index/resource_index
[1.550s] creating /home/maizaied03/ros2_ws/install/multi_drone_offboard/share/ament_index/resource_index/packages
[1.551s] copying resource/multi_drone_offboard -> /home/maizaied03/ros2_ws/install/multi_drone_offboard/share/ament_index/resource_index/packages
[1.551s] copying package.xml -> /home/maizaied03/ros2_ws/install/multi_drone_offboard/share/multi_drone_offboard
[1.552s] running install_egg_info
[1.552s] Copying ../../build/multi_drone_offboard/multi_drone_offboard.egg-info to /home/maizaied03/ros2_ws/install/multi_drone_offboard/lib/python3.10/site-packages/multi_drone_offboard-0.0.0-py3.10.egg-info
[1.553s] running install_scripts
[1.586s] Installing offboard script to /home/maizaied03/ros2_ws/install/multi_drone_offboard/lib/multi_drone_offboard
[1.588s] writing list of installed files to '/home/maizaied03/ros2_ws/build/multi_drone_offboard/install.log'
[1.643s] Invoked command in '/home/maizaied03/ros2_ws/src/multi_drone_offboard' returned '0': AMENT_PREFIX_PATH=/home/maizaied03/ros2_ws/install/px4_msgs:${AMENT_PREFIX_PATH} CMAKE_PREFIX_PATH=/home/maizaied03/ros2_ws/install/px4_msgs LD_LIBRARY_PATH=/home/maizaied03/ros2_ws/install/px4_msgs/lib:${LD_LIBRARY_PATH} PYTHONPATH=/home/maizaied03/ros2_ws/build/multi_drone_offboard/prefix_override:/usr/lib/python3/dist-packages/colcon_core/task/python/colcon_distutils_commands:/home/maizaied03/ros2_ws/install/multi_drone_offboard/lib/python3.10/site-packages:/home/maizaied03/ros2_ws/install/px4_msgs/local/lib/python3.10/dist-packages:${PYTHONPATH} /usr/bin/python3 -W ignore:setup.py install is deprecated -W ignore:easy_install command is deprecated setup.py egg_info --egg-base ../../build/multi_drone_offboard build --build-base /home/maizaied03/ros2_ws/build/multi_drone_offboard/build install --record /home/maizaied03/ros2_ws/build/multi_drone_offboard/install.log --single-version-externally-managed install_data
