running egg_info
creating ../../build/fog_node/fog_node.egg-info
writing ../../build/fog_node/fog_node.egg-info/PKG-INFO
writing dependency_links to ../../build/fog_node/fog_node.egg-info/dependency_links.txt
writing entry points to ../../build/fog_node/fog_node.egg-info/entry_points.txt
writing requirements to ../../build/fog_node/fog_node.egg-info/requires.txt
writing top-level names to ../../build/fog_node/fog_node.egg-info/top_level.txt
writing manifest file '../../build/fog_node/fog_node.egg-info/SOURCES.txt'
reading manifest file '../../build/fog_node/fog_node.egg-info/SOURCES.txt'
writing manifest file '../../build/fog_node/fog_node.egg-info/SOURCES.txt'
running build
running build_py
creating /home/maizaied03/ros2_ws/build/fog_node/build
creating /home/maizaied03/ros2_ws/build/fog_node/build/lib
creating /home/maizaied03/ros2_ws/build/fog_node/build/lib/fog_node
copying fog_node/fog_server.py -> /home/maizaied03/ros2_ws/build/fog_node/build/lib/fog_node
copying fog_node/__init__.py -> /home/maizaied03/ros2_ws/build/fog_node/build/lib/fog_node
running install
running install_lib
creating /home/maizaied03/ros2_ws/install/fog_node/lib/python3.10/site-packages/fog_node
copying /home/maizaied03/ros2_ws/build/fog_node/build/lib/fog_node/fog_server.py -> /home/maizaied03/ros2_ws/install/fog_node/lib/python3.10/site-packages/fog_node
copying /home/maizaied03/ros2_ws/build/fog_node/build/lib/fog_node/__init__.py -> /home/maizaied03/ros2_ws/install/fog_node/lib/python3.10/site-packages/fog_node
byte-compiling /home/maizaied03/ros2_ws/install/fog_node/lib/python3.10/site-packages/fog_node/fog_server.py to fog_server.cpython-310.pyc
byte-compiling /home/maizaied03/ros2_ws/install/fog_node/lib/python3.10/site-packages/fog_node/__init__.py to __init__.cpython-310.pyc
running install_data
creating /home/maizaied03/ros2_ws/install/fog_node/share/ament_index
creating /home/maizaied03/ros2_ws/install/fog_node/share/ament_index/resource_index
creating /home/maizaied03/ros2_ws/install/fog_node/share/ament_index/resource_index/packages
copying resource/fog_node -> /home/maizaied03/ros2_ws/install/fog_node/share/ament_index/resource_index/packages
copying package.xml -> /home/maizaied03/ros2_ws/install/fog_node/share/fog_node
running install_egg_info
Copying ../../build/fog_node/fog_node.egg-info to /home/maizaied03/ros2_ws/install/fog_node/lib/python3.10/site-packages/fog_node-0.0.0-py3.10.egg-info
running install_scripts
Installing fog_server script to /home/maizaied03/ros2_ws/install/fog_node/lib/fog_node
writing list of installed files to '/home/maizaied03/ros2_ws/build/fog_node/install.log'
