[0.421s] Invoking command in '/home/maizaied03/ros2_ws/src/fog_node': PYTHONPATH=/home/maizaied03/ros2_ws/build/fog_node/prefix_override:/usr/lib/python3/dist-packages/colcon_core/task/python/colcon_distutils_commands:/home/maizaied03/ros2_ws/install/fog_node/lib/python3.10/site-packages:${PYTHONPATH} /usr/bin/python3 -W ignore:setup.py install is deprecated -W ignore:easy_install command is deprecated setup.py egg_info --egg-base ../../build/fog_node build --build-base /home/maizaied03/ros2_ws/build/fog_node/build install --record /home/maizaied03/ros2_ws/build/fog_node/install.log --single-version-externally-managed install_data
[0.629s] running egg_info
[0.630s] creating ../../build/fog_node/fog_node.egg-info
[0.630s] writing ../../build/fog_node/fog_node.egg-info/PKG-INFO
[0.630s] writing dependency_links to ../../build/fog_node/fog_node.egg-info/dependency_links.txt
[0.630s] writing entry points to ../../build/fog_node/fog_node.egg-info/entry_points.txt
[0.630s] writing requirements to ../../build/fog_node/fog_node.egg-info/requires.txt
[0.630s] writing top-level names to ../../build/fog_node/fog_node.egg-info/top_level.txt
[0.630s] writing manifest file '../../build/fog_node/fog_node.egg-info/SOURCES.txt'
[0.632s] reading manifest file '../../build/fog_node/fog_node.egg-info/SOURCES.txt'
[0.633s] writing manifest file '../../build/fog_node/fog_node.egg-info/SOURCES.txt'
[0.633s] running build
[0.633s] running build_py
[0.636s] creating /home/maizaied03/ros2_ws/build/fog_node/build
[0.636s] creating /home/maizaied03/ros2_ws/build/fog_node/build/lib
[0.636s] creating /home/maizaied03/ros2_ws/build/fog_node/build/lib/fog_node
[0.636s] copying fog_node/fog_server.py -> /home/maizaied03/ros2_ws/build/fog_node/build/lib/fog_node
[0.636s] copying fog_node/__init__.py -> /home/maizaied03/ros2_ws/build/fog_node/build/lib/fog_node
[0.636s] running install
[0.636s] running install_lib
[0.636s] creating /home/maizaied03/ros2_ws/install/fog_node/lib/python3.10/site-packages/fog_node
[0.636s] copying /home/maizaied03/ros2_ws/build/fog_node/build/lib/fog_node/fog_server.py -> /home/maizaied03/ros2_ws/install/fog_node/lib/python3.10/site-packages/fog_node
[0.636s] copying /home/maizaied03/ros2_ws/build/fog_node/build/lib/fog_node/__init__.py -> /home/maizaied03/ros2_ws/install/fog_node/lib/python3.10/site-packages/fog_node
[0.636s] byte-compiling /home/maizaied03/ros2_ws/install/fog_node/lib/python3.10/site-packages/fog_node/fog_server.py to fog_server.cpython-310.pyc
[0.636s] byte-compiling /home/maizaied03/ros2_ws/install/fog_node/lib/python3.10/site-packages/fog_node/__init__.py to __init__.cpython-310.pyc
[0.636s] running install_data
[0.636s] creating /home/maizaied03/ros2_ws/install/fog_node/share/ament_index
[0.636s] creating /home/maizaied03/ros2_ws/install/fog_node/share/ament_index/resource_index
[0.636s] creating /home/maizaied03/ros2_ws/install/fog_node/share/ament_index/resource_index/packages
[0.636s] copying resource/fog_node -> /home/maizaied03/ros2_ws/install/fog_node/share/ament_index/resource_index/packages
[0.636s] copying package.xml -> /home/maizaied03/ros2_ws/install/fog_node/share/fog_node
[0.636s] running install_egg_info
[0.640s] Copying ../../build/fog_node/fog_node.egg-info to /home/maizaied03/ros2_ws/install/fog_node/lib/python3.10/site-packages/fog_node-0.0.0-py3.10.egg-info
[0.640s] running install_scripts
[0.657s] Installing fog_server script to /home/maizaied03/ros2_ws/install/fog_node/lib/fog_node
[0.657s] writing list of installed files to '/home/maizaied03/ros2_ws/build/fog_node/install.log'
[0.683s] Invoked command in '/home/maizaied03/ros2_ws/src/fog_node' returned '0': PYTHONPATH=/home/maizaied03/ros2_ws/build/fog_node/prefix_override:/usr/lib/python3/dist-packages/colcon_core/task/python/colcon_distutils_commands:/home/maizaied03/ros2_ws/install/fog_node/lib/python3.10/site-packages:${PYTHONPATH} /usr/bin/python3 -W ignore:setup.py install is deprecated -W ignore:easy_install command is deprecated setup.py egg_info --egg-base ../../build/fog_node build --build-base /home/maizaied03/ros2_ws/build/fog_node/build install --record /home/maizaied03/ros2_ws/build/fog_node/install.log --single-version-externally-managed install_data
