[0.656s] Invoking command in '/home/maizaied03/ros2_ws/build/drone_node': AMENT_PREFIX_PATH=/home/maizaied03/ros2_ws/install/task_msgs:${AMENT_PREFIX_PATH} CMAKE_PREFIX_PATH=/home/maizaied03/ros2_ws/install/task_msgs LD_LIBRARY_PATH=/home/maizaied03/ros2_ws/install/task_msgs/lib:${LD_LIBRARY_PATH} PYTHONPATH=/home/maizaied03/ros2_ws/build/drone_node/prefix_override:/usr/lib/python3/dist-packages/colcon_core/task/python/colcon_distutils_commands:/home/maizaied03/ros2_ws/install/drone_node/lib/python3.10/site-packages:/home/maizaied03/ros2_ws/install/task_msgs/local/lib/python3.10/dist-packages:${PYTHONPATH} /usr/bin/python3 -W ignore:setup.py install is deprecated -W ignore:easy_install command is deprecated setup.py develop --editable --build-directory /home/maizaied03/ros2_ws/build/drone_node/build --no-deps symlink_data
[0.822s] running develop
[0.923s] running egg_info
[0.923s] writing drone_node.egg-info/PKG-INFO
[0.923s] writing dependency_links to drone_node.egg-info/dependency_links.txt
[0.923s] writing entry points to drone_node.egg-info/entry_points.txt
[0.923s] writing requirements to drone_node.egg-info/requires.txt
[0.923s] writing top-level names to drone_node.egg-info/top_level.txt
[0.924s] reading manifest file 'drone_node.egg-info/SOURCES.txt'
[0.925s] writing manifest file 'drone_node.egg-info/SOURCES.txt'
[0.926s] running build_ext
[0.926s] Creating /home/maizaied03/ros2_ws/install/drone_node/lib/python3.10/site-packages/drone-node.egg-link (link to .)
[0.927s] Installing camera_bridge_simple script to /home/maizaied03/ros2_ws/install/drone_node/lib/drone_node
[0.927s] Installing drone_commander script to /home/maizaied03/ros2_ws/install/drone_node/lib/drone_node
[0.927s] Installing drone_reactor script to /home/maizaied03/ros2_ws/install/drone_node/lib/drone_node
[0.927s] Installing drone_status_publisher script to /home/maizaied03/ros2_ws/install/drone_node/lib/drone_node
[0.927s] Installing drone_task_publisher script to /home/maizaied03/ros2_ws/install/drone_node/lib/drone_node
[0.927s] 
[0.927s] Installed /home/maizaied03/ros2_ws/build/drone_node
[0.927s] running symlink_data
[0.966s] Invoked command in '/home/maizaied03/ros2_ws/build/drone_node' returned '0': AMENT_PREFIX_PATH=/home/maizaied03/ros2_ws/install/task_msgs:${AMENT_PREFIX_PATH} CMAKE_PREFIX_PATH=/home/maizaied03/ros2_ws/install/task_msgs LD_LIBRARY_PATH=/home/maizaied03/ros2_ws/install/task_msgs/lib:${LD_LIBRARY_PATH} PYTHONPATH=/home/maizaied03/ros2_ws/build/drone_node/prefix_override:/usr/lib/python3/dist-packages/colcon_core/task/python/colcon_distutils_commands:/home/maizaied03/ros2_ws/install/drone_node/lib/python3.10/site-packages:/home/maizaied03/ros2_ws/install/task_msgs/local/lib/python3.10/dist-packages:${PYTHONPATH} /usr/bin/python3 -W ignore:setup.py install is deprecated -W ignore:easy_install command is deprecated setup.py develop --editable --build-directory /home/maizaied03/ros2_ws/build/drone_node/build --no-deps symlink_data
