[0.411s] Invoking command in '/home/maizaied03/ros2_ws/src/drone_node': PYTHONPATH=/home/maizaied03/ros2_ws/build/drone_node/prefix_override:/usr/lib/python3/dist-packages/colcon_core/task/python/colcon_distutils_commands:/home/maizaied03/ros2_ws/install/drone_node/lib/python3.10/site-packages:${PYTHONPATH} /usr/bin/python3 -W ignore:setup.py install is deprecated -W ignore:easy_install command is deprecated setup.py egg_info --egg-base ../../build/drone_node build --build-base /home/maizaied03/ros2_ws/build/drone_node/build install --record /home/maizaied03/ros2_ws/build/drone_node/install.log --single-version-externally-managed install_data
[0.666s] running egg_info
[0.667s] writing ../../build/drone_node/drone_node.egg-info/PKG-INFO
[0.667s] writing dependency_links to ../../build/drone_node/drone_node.egg-info/dependency_links.txt
[0.668s] writing entry points to ../../build/drone_node/drone_node.egg-info/entry_points.txt
[0.668s] writing requirements to ../../build/drone_node/drone_node.egg-info/requires.txt
[0.668s] writing top-level names to ../../build/drone_node/drone_node.egg-info/top_level.txt
[0.669s] reading manifest file '../../build/drone_node/drone_node.egg-info/SOURCES.txt'
[0.671s] writing manifest file '../../build/drone_node/drone_node.egg-info/SOURCES.txt'
[0.671s] running build
[0.671s] running build_py
[0.671s] running install
[0.672s] running install_lib
[0.674s] running install_data
[0.674s] running install_egg_info
[0.675s] removing '/home/maizaied03/ros2_ws/install/drone_node/lib/python3.10/site-packages/drone_node-0.0.0-py3.10.egg-info' (and everything under it)
[0.675s] Copying ../../build/drone_node/drone_node.egg-info to /home/maizaied03/ros2_ws/install/drone_node/lib/python3.10/site-packages/drone_node-0.0.0-py3.10.egg-info
[0.676s] running install_scripts
[0.699s] Installing drone_reactor script to /home/maizaied03/ros2_ws/install/drone_node/lib/drone_node
[0.699s] Installing drone_status_publisher script to /home/maizaied03/ros2_ws/install/drone_node/lib/drone_node
[0.699s] writing list of installed files to '/home/maizaied03/ros2_ws/build/drone_node/install.log'
[0.730s] Invoked command in '/home/maizaied03/ros2_ws/src/drone_node' returned '0': PYTHONPATH=/home/maizaied03/ros2_ws/build/drone_node/prefix_override:/usr/lib/python3/dist-packages/colcon_core/task/python/colcon_distutils_commands:/home/maizaied03/ros2_ws/install/drone_node/lib/python3.10/site-packages:${PYTHONPATH} /usr/bin/python3 -W ignore:setup.py install is deprecated -W ignore:easy_install command is deprecated setup.py egg_info --egg-base ../../build/drone_node build --build-base /home/maizaied03/ros2_ws/build/drone_node/build install --record /home/maizaied03/ros2_ws/build/drone_node/install.log --single-version-externally-managed install_data
