[0.578s] Invoking command in '/home/maizaied03/ros2_ws/src/drone_node': PYTHONPATH=/home/maizaied03/ros2_ws/build/drone_node/prefix_override:/usr/lib/python3/dist-packages/colcon_core/task/python/colcon_distutils_commands:/home/maizaied03/ros2_ws/install/drone_node/lib/python3.10/site-packages:${PYTHONPATH} /usr/bin/python3 -W ignore:setup.py install is deprecated -W ignore:easy_install command is deprecated setup.py egg_info --egg-base ../../build/drone_node build --build-base /home/maizaied03/ros2_ws/build/drone_node/build install --record /home/maizaied03/ros2_ws/build/drone_node/install.log --single-version-externally-managed install_data
[0.743s] running egg_info
[0.744s] creating ../../build/drone_node/drone_node.egg-info
[0.744s] writing ../../build/drone_node/drone_node.egg-info/PKG-INFO
[0.744s] writing dependency_links to ../../build/drone_node/drone_node.egg-info/dependency_links.txt
[0.744s] writing entry points to ../../build/drone_node/drone_node.egg-info/entry_points.txt
[0.744s] writing requirements to ../../build/drone_node/drone_node.egg-info/requires.txt
[0.744s] writing top-level names to ../../build/drone_node/drone_node.egg-info/top_level.txt
[0.744s] writing manifest file '../../build/drone_node/drone_node.egg-info/SOURCES.txt'
[0.746s] reading manifest file '../../build/drone_node/drone_node.egg-info/SOURCES.txt'
[0.747s] writing manifest file '../../build/drone_node/drone_node.egg-info/SOURCES.txt'
[0.747s] running build
[0.747s] running build_py
[0.747s] creating /home/maizaied03/ros2_ws/build/drone_node/build
[0.747s] creating /home/maizaied03/ros2_ws/build/drone_node/build/lib
[0.747s] creating /home/maizaied03/ros2_ws/build/drone_node/build/lib/drone_node
[0.747s] copying drone_node/drone_reactor.py -> /home/maizaied03/ros2_ws/build/drone_node/build/lib/drone_node
[0.747s] copying drone_node/drone_status_publisher.py -> /home/maizaied03/ros2_ws/build/drone_node/build/lib/drone_node
[0.747s] copying drone_node/__init__.py -> /home/maizaied03/ros2_ws/build/drone_node/build/lib/drone_node
[0.747s] running install
[0.748s] running install_lib
[0.748s] creating /home/maizaied03/ros2_ws/install/drone_node/lib/python3.10/site-packages/drone_node
[0.748s] copying /home/maizaied03/ros2_ws/build/drone_node/build/lib/drone_node/drone_reactor.py -> /home/maizaied03/ros2_ws/install/drone_node/lib/python3.10/site-packages/drone_node
[0.748s] copying /home/maizaied03/ros2_ws/build/drone_node/build/lib/drone_node/drone_status_publisher.py -> /home/maizaied03/ros2_ws/install/drone_node/lib/python3.10/site-packages/drone_node
[0.748s] copying /home/maizaied03/ros2_ws/build/drone_node/build/lib/drone_node/__init__.py -> /home/maizaied03/ros2_ws/install/drone_node/lib/python3.10/site-packages/drone_node
[0.749s] byte-compiling /home/maizaied03/ros2_ws/install/drone_node/lib/python3.10/site-packages/drone_node/drone_reactor.py to drone_reactor.cpython-310.pyc
[0.749s] byte-compiling /home/maizaied03/ros2_ws/install/drone_node/lib/python3.10/site-packages/drone_node/drone_status_publisher.py to drone_status_publisher.cpython-310.pyc
[0.749s] byte-compiling /home/maizaied03/ros2_ws/install/drone_node/lib/python3.10/site-packages/drone_node/__init__.py to __init__.cpython-310.pyc
[0.750s] running install_data
[0.750s] creating /home/maizaied03/ros2_ws/install/drone_node/share/ament_index
[0.750s] creating /home/maizaied03/ros2_ws/install/drone_node/share/ament_index/resource_index
[0.750s] creating /home/maizaied03/ros2_ws/install/drone_node/share/ament_index/resource_index/packages
[0.750s] copying resource/drone_node -> /home/maizaied03/ros2_ws/install/drone_node/share/ament_index/resource_index/packages
[0.750s] copying package.xml -> /home/maizaied03/ros2_ws/install/drone_node/share/drone_node
[0.750s] running install_egg_info
[0.751s] Copying ../../build/drone_node/drone_node.egg-info to /home/maizaied03/ros2_ws/install/drone_node/lib/python3.10/site-packages/drone_node-0.0.0-py3.10.egg-info
[0.752s] running install_scripts
[0.767s] Installing drone_reactor script to /home/maizaied03/ros2_ws/install/drone_node/lib/drone_node
[0.767s] Installing drone_status_publisher script to /home/maizaied03/ros2_ws/install/drone_node/lib/drone_node
[0.767s] writing list of installed files to '/home/maizaied03/ros2_ws/build/drone_node/install.log'
[0.795s] Invoked command in '/home/maizaied03/ros2_ws/src/drone_node' returned '0': PYTHONPATH=/home/maizaied03/ros2_ws/build/drone_node/prefix_override:/usr/lib/python3/dist-packages/colcon_core/task/python/colcon_distutils_commands:/home/maizaied03/ros2_ws/install/drone_node/lib/python3.10/site-packages:${PYTHONPATH} /usr/bin/python3 -W ignore:setup.py install is deprecated -W ignore:easy_install command is deprecated setup.py egg_info --egg-base ../../build/drone_node build --build-base /home/maizaied03/ros2_ws/build/drone_node/build install --record /home/maizaied03/ros2_ws/build/drone_node/install.log --single-version-externally-managed install_data
