[0.086s] DEBUG:colcon:Command line arguments: ['/usr/bin/colcon', 'build', '--packages-ignore', 'px4']
[0.086s] DEBUG:colcon:Parsed command line arguments: Namespace(log_base=None, log_level=None, verb_name='build', build_base='build', install_base='install', merge_install=False, symlink_install=False, test_result_base=None, continue_on_error=False, executor='parallel', parallel_workers=2, event_handlers=None, ignore_user_meta=False, metas=['./colcon.meta'], base_paths=['.'], packages_ignore=['px4'], packages_ignore_regex=None, paths=None, packages_up_to=None, packages_up_to_regex=None, packages_above=None, packages_above_and_dependencies=None, packages_above_depth=None, packages_select_by_dep=None, packages_skip_by_dep=None, packages_skip_up_to=None, packages_select_build_failed=False, packages_skip_build_finished=False, packages_select_test_failures=False, packages_skip_test_passed=False, packages_select=None, packages_skip=None, packages_select_regex=None, packages_skip_regex=None, packages_start=None, packages_end=None, allow_overriding=[], cmake_args=None, cmake_target=None, cmake_target_skip_unavailable=False, cmake_clean_cache=False, cmake_clean_first=False, cmake_force_configure=False, ament_cmake_args=None, catkin_cmake_args=None, catkin_skip_building_tests=False, verb_parser=<colcon_defaults.argument_parser.defaults.DefaultArgumentsDecorator object at 0xfb8429725310>, verb_extension=<colcon_core.verb.build.BuildVerb object at 0xfb84298da090>, main=<bound method BuildVerb.main of <colcon_core.verb.build.BuildVerb object at 0xfb84298da090>>)
[0.194s] Level 1:colcon.colcon_core.package_discovery:discover_packages(colcon_meta) check parameters
[0.194s] Level 1:colcon.colcon_core.package_discovery:discover_packages(recursive) check parameters
[0.194s] Level 1:colcon.colcon_core.package_discovery:discover_packages(ignore) check parameters
[0.194s] Level 1:colcon.colcon_core.package_discovery:discover_packages(path) check parameters
[0.194s] Level 1:colcon.colcon_core.package_discovery:discover_packages(colcon_meta) discover
[0.194s] Level 1:colcon.colcon_core.package_discovery:discover_packages(recursive) discover
[0.194s] INFO:colcon.colcon_core.package_discovery:Crawling recursively for packages in '/home/dudz/multi-drone-disaster-response'
[0.194s] Level 1:colcon.colcon_core.package_identification:_identify(.) by extensions ['ignore', 'ignore_ament_install']
[0.194s] Level 1:colcon.colcon_core.package_identification:_identify(.) by extension 'ignore'
[0.195s] Level 1:colcon.colcon_core.package_identification:_identify(.) by extension 'ignore_ament_install'
[0.195s] Level 1:colcon.colcon_core.package_identification:_identify(.) by extensions ['colcon_pkg']
[0.195s] Level 1:colcon.colcon_core.package_identification:_identify(.) by extension 'colcon_pkg'
[0.195s] Level 1:colcon.colcon_core.package_identification:_identify(.) by extensions ['colcon_meta']
[0.195s] Level 1:colcon.colcon_core.package_identification:_identify(.) by extension 'colcon_meta'
[0.195s] Level 1:colcon.colcon_core.package_identification:_identify(.) by extensions ['ros']
[0.195s] Level 1:colcon.colcon_core.package_identification:_identify(.) by extension 'ros'
[0.216s] Level 1:colcon.colcon_core.package_identification:_identify(.) by extensions ['cmake', 'python']
[0.216s] Level 1:colcon.colcon_core.package_identification:_identify(.) by extension 'cmake'
[0.217s] Level 1:colcon.colcon_core.package_identification:_identify(.) by extension 'python'
[0.217s] Level 1:colcon.colcon_core.package_identification:_identify(.) by extensions ['python_setup_py']
[0.217s] Level 1:colcon.colcon_core.package_identification:_identify(.) by extension 'python_setup_py'
[0.217s] Level 1:colcon.colcon_core.package_identification:_identify(Docs) by extensions ['ignore', 'ignore_ament_install']
[0.217s] Level 1:colcon.colcon_core.package_identification:_identify(Docs) by extension 'ignore'
[0.217s] Level 1:colcon.colcon_core.package_identification:_identify(Docs) by extension 'ignore_ament_install'
[0.217s] Level 1:colcon.colcon_core.package_identification:_identify(Docs) by extensions ['colcon_pkg']
[0.217s] Level 1:colcon.colcon_core.package_identification:_identify(Docs) by extension 'colcon_pkg'
[0.217s] Level 1:colcon.colcon_core.package_identification:_identify(Docs) by extensions ['colcon_meta']
[0.217s] Level 1:colcon.colcon_core.package_identification:_identify(Docs) by extension 'colcon_meta'
[0.217s] Level 1:colcon.colcon_core.package_identification:_identify(Docs) by extensions ['ros']
[0.217s] Level 1:colcon.colcon_core.package_identification:_identify(Docs) by extension 'ros'
[0.217s] Level 1:colcon.colcon_core.package_identification:_identify(Docs) by extensions ['cmake', 'python']
[0.217s] Level 1:colcon.colcon_core.package_identification:_identify(Docs) by extension 'cmake'
[0.217s] Level 1:colcon.colcon_core.package_identification:_identify(Docs) by extension 'python'
[0.217s] Level 1:colcon.colcon_core.package_identification:_identify(Docs) by extensions ['python_setup_py']
[0.217s] Level 1:colcon.colcon_core.package_identification:_identify(Docs) by extension 'python_setup_py'
[0.217s] Level 1:colcon.colcon_core.package_identification:_identify(build) by extensions ['ignore', 'ignore_ament_install']
[0.217s] Level 1:colcon.colcon_core.package_identification:_identify(build) by extension 'ignore'
[0.217s] Level 1:colcon.colcon_core.package_identification:_identify(build) ignored
[0.217s] Level 1:colcon.colcon_core.package_identification:_identify(install) by extensions ['ignore', 'ignore_ament_install']
[0.217s] Level 1:colcon.colcon_core.package_identification:_identify(install) by extension 'ignore'
[0.217s] Level 1:colcon.colcon_core.package_identification:_identify(install) ignored
[0.217s] Level 1:colcon.colcon_core.package_identification:_identify(log) by extensions ['ignore', 'ignore_ament_install']
[0.217s] Level 1:colcon.colcon_core.package_identification:_identify(log) by extension 'ignore'
[0.217s] Level 1:colcon.colcon_core.package_identification:_identify(log) ignored
[0.217s] Level 1:colcon.colcon_core.package_identification:_identify(src) by extensions ['ignore', 'ignore_ament_install']
[0.217s] Level 1:colcon.colcon_core.package_identification:_identify(src) by extension 'ignore'
[0.217s] Level 1:colcon.colcon_core.package_identification:_identify(src) by extension 'ignore_ament_install'
[0.217s] Level 1:colcon.colcon_core.package_identification:_identify(src) by extensions ['colcon_pkg']
[0.217s] Level 1:colcon.colcon_core.package_identification:_identify(src) by extension 'colcon_pkg'
[0.217s] Level 1:colcon.colcon_core.package_identification:_identify(src) by extensions ['colcon_meta']
[0.217s] Level 1:colcon.colcon_core.package_identification:_identify(src) by extension 'colcon_meta'
[0.217s] Level 1:colcon.colcon_core.package_identification:_identify(src) by extensions ['ros']
[0.217s] Level 1:colcon.colcon_core.package_identification:_identify(src) by extension 'ros'
[0.218s] Level 1:colcon.colcon_core.package_identification:_identify(src) by extensions ['cmake', 'python']
[0.218s] Level 1:colcon.colcon_core.package_identification:_identify(src) by extension 'cmake'
[0.218s] Level 1:colcon.colcon_core.package_identification:_identify(src) by extension 'python'
[0.218s] Level 1:colcon.colcon_core.package_identification:_identify(src) by extensions ['python_setup_py']
[0.218s] Level 1:colcon.colcon_core.package_identification:_identify(src) by extension 'python_setup_py'
[0.218s] Level 1:colcon.colcon_core.package_identification:_identify(src/cloud_node) by extensions ['ignore', 'ignore_ament_install']
[0.218s] Level 1:colcon.colcon_core.package_identification:_identify(src/cloud_node) by extension 'ignore'
[0.218s] Level 1:colcon.colcon_core.package_identification:_identify(src/cloud_node) by extension 'ignore_ament_install'
[0.218s] Level 1:colcon.colcon_core.package_identification:_identify(src/cloud_node) by extensions ['colcon_pkg']
[0.218s] Level 1:colcon.colcon_core.package_identification:_identify(src/cloud_node) by extension 'colcon_pkg'
[0.218s] Level 1:colcon.colcon_core.package_identification:_identify(src/cloud_node) by extensions ['colcon_meta']
[0.218s] Level 1:colcon.colcon_core.package_identification:_identify(src/cloud_node) by extension 'colcon_meta'
[0.218s] Level 1:colcon.colcon_core.package_identification:_identify(src/cloud_node) by extensions ['ros']
[0.218s] Level 1:colcon.colcon_core.package_identification:_identify(src/cloud_node) by extension 'ros'
[0.219s] DEBUG:colcon.colcon_core.package_identification:Package 'src/cloud_node' with type 'ros.ament_python' and name 'cloud_node'
[0.220s] Level 1:colcon.colcon_core.package_identification:_identify(src/drone_node) by extensions ['ignore', 'ignore_ament_install']
[0.220s] Level 1:colcon.colcon_core.package_identification:_identify(src/drone_node) by extension 'ignore'
[0.220s] Level 1:colcon.colcon_core.package_identification:_identify(src/drone_node) by extension 'ignore_ament_install'
[0.220s] Level 1:colcon.colcon_core.package_identification:_identify(src/drone_node) by extensions ['colcon_pkg']
[0.220s] Level 1:colcon.colcon_core.package_identification:_identify(src/drone_node) by extension 'colcon_pkg'
[0.220s] Level 1:colcon.colcon_core.package_identification:_identify(src/drone_node) by extensions ['colcon_meta']
[0.220s] Level 1:colcon.colcon_core.package_identification:_identify(src/drone_node) by extension 'colcon_meta'
[0.220s] Level 1:colcon.colcon_core.package_identification:_identify(src/drone_node) by extensions ['ros']
[0.220s] Level 1:colcon.colcon_core.package_identification:_identify(src/drone_node) by extension 'ros'
[0.220s] DEBUG:colcon.colcon_core.package_identification:Package 'src/drone_node' with type 'ros.ament_python' and name 'drone_node'
[0.220s] Level 1:colcon.colcon_core.package_identification:_identify(src/fog_node) by extensions ['ignore', 'ignore_ament_install']
[0.220s] Level 1:colcon.colcon_core.package_identification:_identify(src/fog_node) by extension 'ignore'
[0.220s] Level 1:colcon.colcon_core.package_identification:_identify(src/fog_node) by extension 'ignore_ament_install'
[0.220s] Level 1:colcon.colcon_core.package_identification:_identify(src/fog_node) by extensions ['colcon_pkg']
[0.220s] Level 1:colcon.colcon_core.package_identification:_identify(src/fog_node) by extension 'colcon_pkg'
[0.220s] Level 1:colcon.colcon_core.package_identification:_identify(src/fog_node) by extensions ['colcon_meta']
[0.220s] Level 1:colcon.colcon_core.package_identification:_identify(src/fog_node) by extension 'colcon_meta'
[0.220s] Level 1:colcon.colcon_core.package_identification:_identify(src/fog_node) by extensions ['ros']
[0.220s] Level 1:colcon.colcon_core.package_identification:_identify(src/fog_node) by extension 'ros'
[0.220s] DEBUG:colcon.colcon_core.package_identification:Package 'src/fog_node' with type 'ros.ament_python' and name 'fog_node'
[0.221s] Level 1:colcon.colcon_core.package_identification:_identify(src/multi_drone_offboard) by extensions ['ignore', 'ignore_ament_install']
[0.221s] Level 1:colcon.colcon_core.package_identification:_identify(src/multi_drone_offboard) by extension 'ignore'
[0.221s] Level 1:colcon.colcon_core.package_identification:_identify(src/multi_drone_offboard) by extension 'ignore_ament_install'
[0.221s] Level 1:colcon.colcon_core.package_identification:_identify(src/multi_drone_offboard) by extensions ['colcon_pkg']
[0.221s] Level 1:colcon.colcon_core.package_identification:_identify(src/multi_drone_offboard) by extension 'colcon_pkg'
[0.221s] Level 1:colcon.colcon_core.package_identification:_identify(src/multi_drone_offboard) by extensions ['colcon_meta']
[0.221s] Level 1:colcon.colcon_core.package_identification:_identify(src/multi_drone_offboard) by extension 'colcon_meta'
[0.221s] Level 1:colcon.colcon_core.package_identification:_identify(src/multi_drone_offboard) by extensions ['ros']
[0.221s] Level 1:colcon.colcon_core.package_identification:_identify(src/multi_drone_offboard) by extension 'ros'
[0.221s] DEBUG:colcon.colcon_core.package_identification:Package 'src/multi_drone_offboard' with type 'ros.ament_python' and name 'multi_drone_offboard'
[0.221s] Level 1:colcon.colcon_core.package_identification:_identify(src/px4_msgs) by extensions ['ignore', 'ignore_ament_install']
[0.221s] Level 1:colcon.colcon_core.package_identification:_identify(src/px4_msgs) by extension 'ignore'
[0.221s] Level 1:colcon.colcon_core.package_identification:_identify(src/px4_msgs) by extension 'ignore_ament_install'
[0.221s] Level 1:colcon.colcon_core.package_identification:_identify(src/px4_msgs) by extensions ['colcon_pkg']
[0.221s] Level 1:colcon.colcon_core.package_identification:_identify(src/px4_msgs) by extension 'colcon_pkg'
[0.221s] Level 1:colcon.colcon_core.package_identification:_identify(src/px4_msgs) by extensions ['colcon_meta']
[0.221s] Level 1:colcon.colcon_core.package_identification:_identify(src/px4_msgs) by extension 'colcon_meta'
[0.221s] Level 1:colcon.colcon_core.package_identification:_identify(src/px4_msgs) by extensions ['ros']
[0.221s] Level 1:colcon.colcon_core.package_identification:_identify(src/px4_msgs) by extension 'ros'
[0.222s] DEBUG:colcon.colcon_core.package_identification:Package 'src/px4_msgs' with type 'ros.ament_cmake' and name 'px4_msgs'
[0.222s] Level 1:colcon.colcon_core.package_identification:_identify(src/task_msgs) by extensions ['ignore', 'ignore_ament_install']
[0.222s] Level 1:colcon.colcon_core.package_identification:_identify(src/task_msgs) by extension 'ignore'
[0.222s] Level 1:colcon.colcon_core.package_identification:_identify(src/task_msgs) by extension 'ignore_ament_install'
[0.222s] Level 1:colcon.colcon_core.package_identification:_identify(src/task_msgs) by extensions ['colcon_pkg']
[0.222s] Level 1:colcon.colcon_core.package_identification:_identify(src/task_msgs) by extension 'colcon_pkg'
[0.222s] Level 1:colcon.colcon_core.package_identification:_identify(src/task_msgs) by extensions ['colcon_meta']
[0.222s] Level 1:colcon.colcon_core.package_identification:_identify(src/task_msgs) by extension 'colcon_meta'
[0.222s] Level 1:colcon.colcon_core.package_identification:_identify(src/task_msgs) by extensions ['ros']
[0.222s] Level 1:colcon.colcon_core.package_identification:_identify(src/task_msgs) by extension 'ros'
[0.222s] DEBUG:colcon.colcon_core.package_identification:Package 'src/task_msgs' with type 'ros.ament_cmake' and name 'task_msgs'
[0.222s] Level 1:colcon.colcon_core.package_discovery:discover_packages(recursive) using defaults
[0.222s] Level 1:colcon.colcon_core.package_discovery:discover_packages(ignore) discover
[0.222s] Level 1:colcon.colcon_core.package_discovery:discover_packages(ignore) using defaults
[0.222s] Level 1:colcon.colcon_core.package_discovery:discover_packages(path) discover
[0.222s] Level 1:colcon.colcon_core.package_discovery:discover_packages(path) using defaults
[0.234s] WARNING:colcon.colcon_core.package_discovery:ignoring unknown package 'px4' in --packages-ignore
[0.235s] Level 1:colcon.colcon_core.package_discovery:discover_packages(prefix_path) check parameters
[0.235s] Level 1:colcon.colcon_core.package_discovery:discover_packages(prefix_path) discover
[0.236s] WARNING:colcon.colcon_ros.prefix_path.ament:The path '/home/dudz/multi-drone-disaster-response/install/px4_msgs' in the environment variable AMENT_PREFIX_PATH doesn't exist
[0.236s] WARNING:colcon.colcon_ros.prefix_path.ament:The path '/home/dudz/multi-drone-disaster-response/install/fog_node' in the environment variable AMENT_PREFIX_PATH doesn't exist
[0.236s] WARNING:colcon.colcon_ros.prefix_path.ament:The path '/home/dudz/multi-drone-disaster-response/install/drone_node' in the environment variable AMENT_PREFIX_PATH doesn't exist
[0.236s] WARNING:colcon.colcon_ros.prefix_path.ament:The path '/home/dudz/multi-drone-disaster-response/install/task_msgs' in the environment variable AMENT_PREFIX_PATH doesn't exist
[0.236s] WARNING:colcon.colcon_ros.prefix_path.ament:The path '/home/dudz/multi-drone-disaster-response/install/multi_drone_offboard' in the environment variable AMENT_PREFIX_PATH doesn't exist
[0.236s] WARNING:colcon.colcon_ros.prefix_path.ament:The path '/home/dudz/multi-drone-disaster-response/install/cloud_node' in the environment variable AMENT_PREFIX_PATH doesn't exist
[0.236s] WARNING:colcon.colcon_ros.prefix_path.catkin:The path '/home/dudz/multi-drone-disaster-response/install/px4_msgs' in the environment variable CMAKE_PREFIX_PATH doesn't exist
[0.236s] WARNING:colcon.colcon_ros.prefix_path.catkin:The path '/home/dudz/multi-drone-disaster-response/install/task_msgs' in the environment variable CMAKE_PREFIX_PATH doesn't exist
[0.237s] DEBUG:colcon.colcon_installed_package_information.package_discovery:Found 0 installed packages in /home/dudz/multi-drone-disaster-response/install
[0.238s] DEBUG:colcon.colcon_installed_package_information.package_discovery:Found 326 installed packages in /opt/ros/jazzy
[0.238s] Level 1:colcon.colcon_core.package_discovery:discover_packages(prefix_path) using defaults
[0.274s] Level 5:colcon.colcon_core.verb:set package 'cloud_node' build argument 'cmake_args' from command line to 'None'
[0.274s] Level 5:colcon.colcon_core.verb:set package 'cloud_node' build argument 'cmake_target' from command line to 'None'
[0.274s] Level 5:colcon.colcon_core.verb:set package 'cloud_node' build argument 'cmake_target_skip_unavailable' from command line to 'False'
[0.274s] Level 5:colcon.colcon_core.verb:set package 'cloud_node' build argument 'cmake_clean_cache' from command line to 'False'
[0.274s] Level 5:colcon.colcon_core.verb:set package 'cloud_node' build argument 'cmake_clean_first' from command line to 'False'
[0.274s] Level 5:colcon.colcon_core.verb:set package 'cloud_node' build argument 'cmake_force_configure' from command line to 'False'
[0.274s] Level 5:colcon.colcon_core.verb:set package 'cloud_node' build argument 'ament_cmake_args' from command line to 'None'
[0.274s] Level 5:colcon.colcon_core.verb:set package 'cloud_node' build argument 'catkin_cmake_args' from command line to 'None'
[0.274s] Level 5:colcon.colcon_core.verb:set package 'cloud_node' build argument 'catkin_skip_building_tests' from command line to 'False'
[0.274s] DEBUG:colcon.colcon_core.verb:Building package 'cloud_node' with the following arguments: {'ament_cmake_args': None, 'build_base': '/home/dudz/multi-drone-disaster-response/build/cloud_node', 'catkin_cmake_args': None, 'catkin_skip_building_tests': False, 'cmake_args': None, 'cmake_clean_cache': False, 'cmake_clean_first': False, 'cmake_force_configure': False, 'cmake_target': None, 'cmake_target_skip_unavailable': False, 'install_base': '/home/dudz/multi-drone-disaster-response/install/cloud_node', 'merge_install': False, 'path': '/home/dudz/multi-drone-disaster-response/src/cloud_node', 'symlink_install': False, 'test_result_base': None}
[0.274s] Level 5:colcon.colcon_core.verb:set package 'px4_msgs' build argument 'cmake_args' from command line to 'None'
[0.274s] Level 5:colcon.colcon_core.verb:set package 'px4_msgs' build argument 'cmake_target' from command line to 'None'
[0.274s] Level 5:colcon.colcon_core.verb:set package 'px4_msgs' build argument 'cmake_target_skip_unavailable' from command line to 'False'
[0.274s] Level 5:colcon.colcon_core.verb:set package 'px4_msgs' build argument 'cmake_clean_cache' from command line to 'False'
[0.274s] Level 5:colcon.colcon_core.verb:set package 'px4_msgs' build argument 'cmake_clean_first' from command line to 'False'
[0.274s] Level 5:colcon.colcon_core.verb:set package 'px4_msgs' build argument 'cmake_force_configure' from command line to 'False'
[0.274s] Level 5:colcon.colcon_core.verb:set package 'px4_msgs' build argument 'ament_cmake_args' from command line to 'None'
[0.274s] Level 5:colcon.colcon_core.verb:set package 'px4_msgs' build argument 'catkin_cmake_args' from command line to 'None'
[0.274s] Level 5:colcon.colcon_core.verb:set package 'px4_msgs' build argument 'catkin_skip_building_tests' from command line to 'False'
[0.274s] DEBUG:colcon.colcon_core.verb:Building package 'px4_msgs' with the following arguments: {'ament_cmake_args': None, 'build_base': '/home/dudz/multi-drone-disaster-response/build/px4_msgs', 'catkin_cmake_args': None, 'catkin_skip_building_tests': False, 'cmake_args': None, 'cmake_clean_cache': False, 'cmake_clean_first': False, 'cmake_force_configure': False, 'cmake_target': None, 'cmake_target_skip_unavailable': False, 'install_base': '/home/dudz/multi-drone-disaster-response/install/px4_msgs', 'merge_install': False, 'path': '/home/dudz/multi-drone-disaster-response/src/px4_msgs', 'symlink_install': False, 'test_result_base': None}
[0.274s] Level 5:colcon.colcon_core.verb:set package 'task_msgs' build argument 'cmake_args' from command line to 'None'
[0.274s] Level 5:colcon.colcon_core.verb:set package 'task_msgs' build argument 'cmake_target' from command line to 'None'
[0.274s] Level 5:colcon.colcon_core.verb:set package 'task_msgs' build argument 'cmake_target_skip_unavailable' from command line to 'False'
[0.274s] Level 5:colcon.colcon_core.verb:set package 'task_msgs' build argument 'cmake_clean_cache' from command line to 'False'
[0.274s] Level 5:colcon.colcon_core.verb:set package 'task_msgs' build argument 'cmake_clean_first' from command line to 'False'
[0.274s] Level 5:colcon.colcon_core.verb:set package 'task_msgs' build argument 'cmake_force_configure' from command line to 'False'
[0.274s] Level 5:colcon.colcon_core.verb:set package 'task_msgs' build argument 'ament_cmake_args' from command line to 'None'
[0.274s] Level 5:colcon.colcon_core.verb:set package 'task_msgs' build argument 'catkin_cmake_args' from command line to 'None'
[0.274s] Level 5:colcon.colcon_core.verb:set package 'task_msgs' build argument 'catkin_skip_building_tests' from command line to 'False'
[0.274s] DEBUG:colcon.colcon_core.verb:Building package 'task_msgs' with the following arguments: {'ament_cmake_args': None, 'build_base': '/home/dudz/multi-drone-disaster-response/build/task_msgs', 'catkin_cmake_args': None, 'catkin_skip_building_tests': False, 'cmake_args': None, 'cmake_clean_cache': False, 'cmake_clean_first': False, 'cmake_force_configure': False, 'cmake_target': None, 'cmake_target_skip_unavailable': False, 'install_base': '/home/dudz/multi-drone-disaster-response/install/task_msgs', 'merge_install': False, 'path': '/home/dudz/multi-drone-disaster-response/src/task_msgs', 'symlink_install': False, 'test_result_base': None}
[0.274s] Level 5:colcon.colcon_core.verb:set package 'drone_node' build argument 'cmake_args' from command line to 'None'
[0.274s] Level 5:colcon.colcon_core.verb:set package 'drone_node' build argument 'cmake_target' from command line to 'None'
[0.274s] Level 5:colcon.colcon_core.verb:set package 'drone_node' build argument 'cmake_target_skip_unavailable' from command line to 'False'
[0.274s] Level 5:colcon.colcon_core.verb:set package 'drone_node' build argument 'cmake_clean_cache' from command line to 'False'
[0.274s] Level 5:colcon.colcon_core.verb:set package 'drone_node' build argument 'cmake_clean_first' from command line to 'False'
[0.274s] Level 5:colcon.colcon_core.verb:set package 'drone_node' build argument 'cmake_force_configure' from command line to 'False'
[0.274s] Level 5:colcon.colcon_core.verb:set package 'drone_node' build argument 'ament_cmake_args' from command line to 'None'
[0.274s] Level 5:colcon.colcon_core.verb:set package 'drone_node' build argument 'catkin_cmake_args' from command line to 'None'
[0.274s] Level 5:colcon.colcon_core.verb:set package 'drone_node' build argument 'catkin_skip_building_tests' from command line to 'False'
[0.274s] DEBUG:colcon.colcon_core.verb:Building package 'drone_node' with the following arguments: {'ament_cmake_args': None, 'build_base': '/home/dudz/multi-drone-disaster-response/build/drone_node', 'catkin_cmake_args': None, 'catkin_skip_building_tests': False, 'cmake_args': None, 'cmake_clean_cache': False, 'cmake_clean_first': False, 'cmake_force_configure': False, 'cmake_target': None, 'cmake_target_skip_unavailable': False, 'install_base': '/home/dudz/multi-drone-disaster-response/install/drone_node', 'merge_install': False, 'path': '/home/dudz/multi-drone-disaster-response/src/drone_node', 'symlink_install': False, 'test_result_base': None}
[0.274s] Level 5:colcon.colcon_core.verb:set package 'fog_node' build argument 'cmake_args' from command line to 'None'
[0.274s] Level 5:colcon.colcon_core.verb:set package 'fog_node' build argument 'cmake_target' from command line to 'None'
[0.274s] Level 5:colcon.colcon_core.verb:set package 'fog_node' build argument 'cmake_target_skip_unavailable' from command line to 'False'
[0.275s] Level 5:colcon.colcon_core.verb:set package 'fog_node' build argument 'cmake_clean_cache' from command line to 'False'
[0.275s] Level 5:colcon.colcon_core.verb:set package 'fog_node' build argument 'cmake_clean_first' from command line to 'False'
[0.275s] Level 5:colcon.colcon_core.verb:set package 'fog_node' build argument 'cmake_force_configure' from command line to 'False'
[0.275s] Level 5:colcon.colcon_core.verb:set package 'fog_node' build argument 'ament_cmake_args' from command line to 'None'
[0.275s] Level 5:colcon.colcon_core.verb:set package 'fog_node' build argument 'catkin_cmake_args' from command line to 'None'
[0.275s] Level 5:colcon.colcon_core.verb:set package 'fog_node' build argument 'catkin_skip_building_tests' from command line to 'False'
[0.275s] DEBUG:colcon.colcon_core.verb:Building package 'fog_node' with the following arguments: {'ament_cmake_args': None, 'build_base': '/home/dudz/multi-drone-disaster-response/build/fog_node', 'catkin_cmake_args': None, 'catkin_skip_building_tests': False, 'cmake_args': None, 'cmake_clean_cache': False, 'cmake_clean_first': False, 'cmake_force_configure': False, 'cmake_target': None, 'cmake_target_skip_unavailable': False, 'install_base': '/home/dudz/multi-drone-disaster-response/install/fog_node', 'merge_install': False, 'path': '/home/dudz/multi-drone-disaster-response/src/fog_node', 'symlink_install': False, 'test_result_base': None}
[0.275s] Level 5:colcon.colcon_core.verb:set package 'multi_drone_offboard' build argument 'cmake_args' from command line to 'None'
[0.275s] Level 5:colcon.colcon_core.verb:set package 'multi_drone_offboard' build argument 'cmake_target' from command line to 'None'
[0.275s] Level 5:colcon.colcon_core.verb:set package 'multi_drone_offboard' build argument 'cmake_target_skip_unavailable' from command line to 'False'
[0.275s] Level 5:colcon.colcon_core.verb:set package 'multi_drone_offboard' build argument 'cmake_clean_cache' from command line to 'False'
[0.275s] Level 5:colcon.colcon_core.verb:set package 'multi_drone_offboard' build argument 'cmake_clean_first' from command line to 'False'
[0.275s] Level 5:colcon.colcon_core.verb:set package 'multi_drone_offboard' build argument 'cmake_force_configure' from command line to 'False'
[0.275s] Level 5:colcon.colcon_core.verb:set package 'multi_drone_offboard' build argument 'ament_cmake_args' from command line to 'None'
[0.275s] Level 5:colcon.colcon_core.verb:set package 'multi_drone_offboard' build argument 'catkin_cmake_args' from command line to 'None'
[0.275s] Level 5:colcon.colcon_core.verb:set package 'multi_drone_offboard' build argument 'catkin_skip_building_tests' from command line to 'False'
[0.275s] DEBUG:colcon.colcon_core.verb:Building package 'multi_drone_offboard' with the following arguments: {'ament_cmake_args': None, 'build_base': '/home/dudz/multi-drone-disaster-response/build/multi_drone_offboard', 'catkin_cmake_args': None, 'catkin_skip_building_tests': False, 'cmake_args': None, 'cmake_clean_cache': False, 'cmake_clean_first': False, 'cmake_force_configure': False, 'cmake_target': None, 'cmake_target_skip_unavailable': False, 'install_base': '/home/dudz/multi-drone-disaster-response/install/multi_drone_offboard', 'merge_install': False, 'path': '/home/dudz/multi-drone-disaster-response/src/multi_drone_offboard', 'symlink_install': False, 'test_result_base': None}
[0.275s] INFO:colcon.colcon_core.executor:Executing jobs using 'parallel' executor
[0.276s] DEBUG:colcon.colcon_parallel_executor.executor.parallel:run_until_complete
[0.276s] INFO:colcon.colcon_ros.task.ament_cmake.build:Building ROS package in '/home/dudz/multi-drone-disaster-response/src/px4_msgs' with build type 'ament_cmake'
[0.276s] INFO:colcon.colcon_cmake.task.cmake.build:Building CMake package in '/home/dudz/multi-drone-disaster-response/src/px4_msgs'
[0.277s] INFO:colcon.colcon_core.plugin_system:Skipping extension 'colcon_core.shell.bat': Not used on non-Windows systems
[0.277s] INFO:colcon.colcon_core.shell:Skip shell extension 'powershell' for command environment: Not usable outside of PowerShell
[0.277s] DEBUG:colcon.colcon_core.shell:Skip shell extension 'dsv' for command environment
[0.279s] INFO:colcon.colcon_ros.task.ament_cmake.build:Building ROS package in '/home/dudz/multi-drone-disaster-response/src/task_msgs' with build type 'ament_cmake'
[0.280s] INFO:colcon.colcon_cmake.task.cmake.build:Building CMake package in '/home/dudz/multi-drone-disaster-response/src/task_msgs'
[0.280s] INFO:colcon.colcon_core.shell:Skip shell extension 'powershell' for command environment: Not usable outside of PowerShell
[0.280s] DEBUG:colcon.colcon_core.shell:Skip shell extension 'dsv' for command environment
[0.286s] DEBUG:colcon.colcon_core.event_handler.log_command:Invoking command in '/home/dudz/multi-drone-disaster-response/build/px4_msgs': CMAKE_PREFIX_PATH=${CMAKE_PREFIX_PATH}:/home/dudz/multi-drone-disaster-response/install/fog_node:/home/dudz/multi-drone-disaster-response/install/drone_node:/home/dudz/multi-drone-disaster-response/install/multi_drone_offboard:/home/dudz/multi-drone-disaster-response/install/cloud_node:/opt/ros/jazzy DEBUGINFOD_URLS=https://debuginfod.ubuntu.com /usr/bin/cmake /home/dudz/multi-drone-disaster-response/src/px4_msgs -DCMAKE_INSTALL_PREFIX=/home/dudz/multi-drone-disaster-response/install/px4_msgs
[0.298s] DEBUG:colcon.colcon_core.event_handler.log_command:Invoking command in '/home/dudz/multi-drone-disaster-response/build/task_msgs': CMAKE_PREFIX_PATH=${CMAKE_PREFIX_PATH}:/home/dudz/multi-drone-disaster-response/install/fog_node:/home/dudz/multi-drone-disaster-response/install/drone_node:/home/dudz/multi-drone-disaster-response/install/multi_drone_offboard:/home/dudz/multi-drone-disaster-response/install/cloud_node:/opt/ros/jazzy DEBUGINFOD_URLS=https://debuginfod.ubuntu.com /usr/bin/cmake /home/dudz/multi-drone-disaster-response/src/task_msgs -DCMAKE_INSTALL_PREFIX=/home/dudz/multi-drone-disaster-response/install/task_msgs
[2.914s] DEBUG:colcon.colcon_core.event_handler.log_command:Invoked command in '/home/dudz/multi-drone-disaster-response/build/task_msgs' returned '0': CMAKE_PREFIX_PATH=${CMAKE_PREFIX_PATH}:/home/dudz/multi-drone-disaster-response/install/fog_node:/home/dudz/multi-drone-disaster-response/install/drone_node:/home/dudz/multi-drone-disaster-response/install/multi_drone_offboard:/home/dudz/multi-drone-disaster-response/install/cloud_node:/opt/ros/jazzy DEBUGINFOD_URLS=https://debuginfod.ubuntu.com /usr/bin/cmake /home/dudz/multi-drone-disaster-response/src/task_msgs -DCMAKE_INSTALL_PREFIX=/home/dudz/multi-drone-disaster-response/install/task_msgs
[2.915s] DEBUG:colcon.colcon_core.event_handler.log_command:Invoking command in '/home/dudz/multi-drone-disaster-response/build/task_msgs': CMAKE_PREFIX_PATH=${CMAKE_PREFIX_PATH}:/home/dudz/multi-drone-disaster-response/install/fog_node:/home/dudz/multi-drone-disaster-response/install/drone_node:/home/dudz/multi-drone-disaster-response/install/multi_drone_offboard:/home/dudz/multi-drone-disaster-response/install/cloud_node:/opt/ros/jazzy DEBUGINFOD_URLS=https://debuginfod.ubuntu.com /usr/bin/cmake --build /home/dudz/multi-drone-disaster-response/build/task_msgs -- -j2 -l2
[6.241s] DEBUG:colcon.colcon_core.event_handler.log_command:Invoked command in '/home/dudz/multi-drone-disaster-response/build/px4_msgs' returned '0': CMAKE_PREFIX_PATH=${CMAKE_PREFIX_PATH}:/home/dudz/multi-drone-disaster-response/install/fog_node:/home/dudz/multi-drone-disaster-response/install/drone_node:/home/dudz/multi-drone-disaster-response/install/multi_drone_offboard:/home/dudz/multi-drone-disaster-response/install/cloud_node:/opt/ros/jazzy DEBUGINFOD_URLS=https://debuginfod.ubuntu.com /usr/bin/cmake /home/dudz/multi-drone-disaster-response/src/px4_msgs -DCMAKE_INSTALL_PREFIX=/home/dudz/multi-drone-disaster-response/install/px4_msgs
[6.241s] DEBUG:colcon.colcon_core.event_handler.log_command:Invoking command in '/home/dudz/multi-drone-disaster-response/build/px4_msgs': CMAKE_PREFIX_PATH=${CMAKE_PREFIX_PATH}:/home/dudz/multi-drone-disaster-response/install/fog_node:/home/dudz/multi-drone-disaster-response/install/drone_node:/home/dudz/multi-drone-disaster-response/install/multi_drone_offboard:/home/dudz/multi-drone-disaster-response/install/cloud_node:/opt/ros/jazzy DEBUGINFOD_URLS=https://debuginfod.ubuntu.com /usr/bin/cmake --build /home/dudz/multi-drone-disaster-response/build/px4_msgs -- -j2 -l2
[7.038s] DEBUG:colcon.colcon_core.event_handler.log_command:Invoked command in '/home/dudz/multi-drone-disaster-response/build/task_msgs' returned '0': CMAKE_PREFIX_PATH=${CMAKE_PREFIX_PATH}:/home/dudz/multi-drone-disaster-response/install/fog_node:/home/dudz/multi-drone-disaster-response/install/drone_node:/home/dudz/multi-drone-disaster-response/install/multi_drone_offboard:/home/dudz/multi-drone-disaster-response/install/cloud_node:/opt/ros/jazzy DEBUGINFOD_URLS=https://debuginfod.ubuntu.com /usr/bin/cmake --build /home/dudz/multi-drone-disaster-response/build/task_msgs -- -j2 -l2
[7.048s] DEBUG:colcon.colcon_core.event_handler.log_command:Invoking command in '/home/dudz/multi-drone-disaster-response/build/task_msgs': CMAKE_PREFIX_PATH=${CMAKE_PREFIX_PATH}:/home/dudz/multi-drone-disaster-response/install/fog_node:/home/dudz/multi-drone-disaster-response/install/drone_node:/home/dudz/multi-drone-disaster-response/install/multi_drone_offboard:/home/dudz/multi-drone-disaster-response/install/cloud_node:/opt/ros/jazzy DEBUGINFOD_URLS=https://debuginfod.ubuntu.com /usr/bin/cmake --install /home/dudz/multi-drone-disaster-response/build/task_msgs
[7.104s] Level 1:colcon.colcon_core.environment:create_environment_scripts_only(task_msgs)
[7.105s] DEBUG:colcon.colcon_core.event_handler.log_command:Invoked command in '/home/dudz/multi-drone-disaster-response/build/task_msgs' returned '0': CMAKE_PREFIX_PATH=${CMAKE_PREFIX_PATH}:/home/dudz/multi-drone-disaster-response/install/fog_node:/home/dudz/multi-drone-disaster-response/install/drone_node:/home/dudz/multi-drone-disaster-response/install/multi_drone_offboard:/home/dudz/multi-drone-disaster-response/install/cloud_node:/opt/ros/jazzy DEBUGINFOD_URLS=https://debuginfod.ubuntu.com /usr/bin/cmake --install /home/dudz/multi-drone-disaster-response/build/task_msgs
[7.106s] Level 1:colcon.colcon_core.environment:checking '/home/dudz/multi-drone-disaster-response/install/task_msgs' for CMake module files
[7.107s] Level 1:colcon.colcon_core.environment:checking '/home/dudz/multi-drone-disaster-response/install/task_msgs' for CMake config files
[7.107s] Level 1:colcon.colcon_core.shell:create_environment_hook('task_msgs', 'cmake_prefix_path')
[7.107s] INFO:colcon.colcon_core.shell:Creating environment hook '/home/dudz/multi-drone-disaster-response/install/task_msgs/share/task_msgs/hook/cmake_prefix_path.ps1'
[7.107s] INFO:colcon.colcon_core.shell:Creating environment descriptor '/home/dudz/multi-drone-disaster-response/install/task_msgs/share/task_msgs/hook/cmake_prefix_path.dsv'
[7.108s] INFO:colcon.colcon_core.shell:Creating environment hook '/home/dudz/multi-drone-disaster-response/install/task_msgs/share/task_msgs/hook/cmake_prefix_path.sh'
[7.108s] Level 1:colcon.colcon_core.environment:checking '/home/dudz/multi-drone-disaster-response/install/task_msgs/lib'
[7.108s] Level 1:colcon.colcon_core.shell:create_environment_hook('task_msgs', 'ld_library_path_lib')
[7.108s] INFO:colcon.colcon_core.shell:Creating environment hook '/home/dudz/multi-drone-disaster-response/install/task_msgs/share/task_msgs/hook/ld_library_path_lib.ps1'
[7.108s] INFO:colcon.colcon_core.shell:Creating environment descriptor '/home/dudz/multi-drone-disaster-response/install/task_msgs/share/task_msgs/hook/ld_library_path_lib.dsv'
[7.108s] INFO:colcon.colcon_core.shell:Creating environment hook '/home/dudz/multi-drone-disaster-response/install/task_msgs/share/task_msgs/hook/ld_library_path_lib.sh'
[7.109s] Level 1:colcon.colcon_core.environment:checking '/home/dudz/multi-drone-disaster-response/install/task_msgs/bin'
[7.109s] Level 1:colcon.colcon_core.environment:checking '/home/dudz/multi-drone-disaster-response/install/task_msgs/lib/pkgconfig/task_msgs.pc'
[7.109s] Level 1:colcon.colcon_core.environment:checking '/home/dudz/multi-drone-disaster-response/install/task_msgs/lib/python3.12/site-packages'
[7.109s] Level 1:colcon.colcon_core.shell:create_environment_hook('task_msgs', 'pythonpath')
[7.109s] INFO:colcon.colcon_core.shell:Creating environment hook '/home/dudz/multi-drone-disaster-response/install/task_msgs/share/task_msgs/hook/pythonpath.ps1'
[7.109s] INFO:colcon.colcon_core.shell:Creating environment descriptor '/home/dudz/multi-drone-disaster-response/install/task_msgs/share/task_msgs/hook/pythonpath.dsv'
[7.109s] INFO:colcon.colcon_core.shell:Creating environment hook '/home/dudz/multi-drone-disaster-response/install/task_msgs/share/task_msgs/hook/pythonpath.sh'
[7.110s] Level 1:colcon.colcon_core.environment:checking '/home/dudz/multi-drone-disaster-response/install/task_msgs/bin'
[7.110s] INFO:colcon.colcon_core.shell:Creating package script '/home/dudz/multi-drone-disaster-response/install/task_msgs/share/task_msgs/package.ps1'
[7.110s] INFO:colcon.colcon_core.shell:Creating package descriptor '/home/dudz/multi-drone-disaster-response/install/task_msgs/share/task_msgs/package.dsv'
[7.111s] INFO:colcon.colcon_core.shell:Creating package script '/home/dudz/multi-drone-disaster-response/install/task_msgs/share/task_msgs/package.sh'
[7.111s] INFO:colcon.colcon_core.shell:Creating package script '/home/dudz/multi-drone-disaster-response/install/task_msgs/share/task_msgs/package.bash'
[7.111s] INFO:colcon.colcon_core.shell:Creating package script '/home/dudz/multi-drone-disaster-response/install/task_msgs/share/task_msgs/package.zsh'
[7.112s] Level 1:colcon.colcon_core.environment:create_file_with_runtime_dependencies(/home/dudz/multi-drone-disaster-response/install/task_msgs/share/colcon-core/packages/task_msgs)
[7.113s] Level 1:colcon.colcon_core.environment:create_environment_scripts_only(task_msgs)
[7.113s] Level 1:colcon.colcon_core.environment:checking '/home/dudz/multi-drone-disaster-response/install/task_msgs' for CMake module files
[7.113s] Level 1:colcon.colcon_core.environment:checking '/home/dudz/multi-drone-disaster-response/install/task_msgs' for CMake config files
[7.113s] Level 1:colcon.colcon_core.shell:create_environment_hook('task_msgs', 'cmake_prefix_path')
[7.113s] INFO:colcon.colcon_core.shell:Creating environment hook '/home/dudz/multi-drone-disaster-response/install/task_msgs/share/task_msgs/hook/cmake_prefix_path.ps1'
[7.113s] INFO:colcon.colcon_core.shell:Creating environment descriptor '/home/dudz/multi-drone-disaster-response/install/task_msgs/share/task_msgs/hook/cmake_prefix_path.dsv'
[7.114s] INFO:colcon.colcon_core.shell:Creating environment hook '/home/dudz/multi-drone-disaster-response/install/task_msgs/share/task_msgs/hook/cmake_prefix_path.sh'
[7.114s] Level 1:colcon.colcon_core.environment:checking '/home/dudz/multi-drone-disaster-response/install/task_msgs/lib'
[7.114s] Level 1:colcon.colcon_core.shell:create_environment_hook('task_msgs', 'ld_library_path_lib')
[7.115s] INFO:colcon.colcon_core.shell:Creating environment hook '/home/dudz/multi-drone-disaster-response/install/task_msgs/share/task_msgs/hook/ld_library_path_lib.ps1'
[7.115s] INFO:colcon.colcon_core.shell:Creating environment descriptor '/home/dudz/multi-drone-disaster-response/install/task_msgs/share/task_msgs/hook/ld_library_path_lib.dsv'
[7.115s] INFO:colcon.colcon_core.shell:Creating environment hook '/home/dudz/multi-drone-disaster-response/install/task_msgs/share/task_msgs/hook/ld_library_path_lib.sh'
[7.115s] Level 1:colcon.colcon_core.environment:checking '/home/dudz/multi-drone-disaster-response/install/task_msgs/bin'
[7.115s] Level 1:colcon.colcon_core.environment:checking '/home/dudz/multi-drone-disaster-response/install/task_msgs/lib/pkgconfig/task_msgs.pc'
[7.115s] Level 1:colcon.colcon_core.environment:checking '/home/dudz/multi-drone-disaster-response/install/task_msgs/lib/python3.12/site-packages'
[7.116s] Level 1:colcon.colcon_core.shell:create_environment_hook('task_msgs', 'pythonpath')
[7.116s] INFO:colcon.colcon_core.shell:Creating environment hook '/home/dudz/multi-drone-disaster-response/install/task_msgs/share/task_msgs/hook/pythonpath.ps1'
[7.116s] INFO:colcon.colcon_core.shell:Creating environment descriptor '/home/dudz/multi-drone-disaster-response/install/task_msgs/share/task_msgs/hook/pythonpath.dsv'
[7.116s] INFO:colcon.colcon_core.shell:Creating environment hook '/home/dudz/multi-drone-disaster-response/install/task_msgs/share/task_msgs/hook/pythonpath.sh'
[7.116s] Level 1:colcon.colcon_core.environment:checking '/home/dudz/multi-drone-disaster-response/install/task_msgs/bin'
[7.116s] INFO:colcon.colcon_core.shell:Creating package script '/home/dudz/multi-drone-disaster-response/install/task_msgs/share/task_msgs/package.ps1'
[7.117s] INFO:colcon.colcon_core.shell:Creating package descriptor '/home/dudz/multi-drone-disaster-response/install/task_msgs/share/task_msgs/package.dsv'
[7.117s] INFO:colcon.colcon_core.shell:Creating package script '/home/dudz/multi-drone-disaster-response/install/task_msgs/share/task_msgs/package.sh'
[7.117s] INFO:colcon.colcon_core.shell:Creating package script '/home/dudz/multi-drone-disaster-response/install/task_msgs/share/task_msgs/package.bash'
[7.117s] INFO:colcon.colcon_core.shell:Creating package script '/home/dudz/multi-drone-disaster-response/install/task_msgs/share/task_msgs/package.zsh'
[7.118s] Level 1:colcon.colcon_core.environment:create_file_with_runtime_dependencies(/home/dudz/multi-drone-disaster-response/install/task_msgs/share/colcon-core/packages/task_msgs)
[7.119s] INFO:colcon.colcon_ros.task.ament_python.build:Building ROS package in '/home/dudz/multi-drone-disaster-response/src/cloud_node' with build type 'ament_python'
[7.119s] Level 1:colcon.colcon_core.shell:create_environment_hook('cloud_node', 'ament_prefix_path')
[7.119s] INFO:colcon.colcon_core.shell:Creating environment hook '/home/dudz/multi-drone-disaster-response/install/cloud_node/share/cloud_node/hook/ament_prefix_path.ps1'
[7.120s] INFO:colcon.colcon_core.shell:Creating environment descriptor '/home/dudz/multi-drone-disaster-response/install/cloud_node/share/cloud_node/hook/ament_prefix_path.dsv'
[7.120s] INFO:colcon.colcon_core.shell:Creating environment hook '/home/dudz/multi-drone-disaster-response/install/cloud_node/share/cloud_node/hook/ament_prefix_path.sh'
[7.121s] INFO:colcon.colcon_core.shell:Skip shell extension 'powershell' for command environment: Not usable outside of PowerShell
[7.121s] DEBUG:colcon.colcon_core.shell:Skip shell extension 'dsv' for command environment
[7.376s] INFO:colcon.colcon_core.task.python.build:Building Python package in '/home/dudz/multi-drone-disaster-response/src/cloud_node'
[7.376s] INFO:colcon.colcon_core.shell:Skip shell extension 'powershell' for command environment: Not usable outside of PowerShell
[7.376s] DEBUG:colcon.colcon_core.shell:Skip shell extension 'dsv' for command environment
[8.051s] DEBUG:colcon.colcon_core.event_handler.log_command:Invoking command in '/home/dudz/multi-drone-disaster-response/src/cloud_node': DEBUGINFOD_URLS=https://debuginfod.ubuntu.com PYTHONPATH=/home/dudz/multi-drone-disaster-response/build/cloud_node/prefix_override:/usr/lib/python3/dist-packages/colcon_core/task/python/colcon_distutils_commands:/home/dudz/multi-drone-disaster-response/install/cloud_node/lib/python3.12/site-packages:${PYTHONPATH} /usr/bin/python3 -W ignore:setup.py install is deprecated -W ignore:easy_install command is deprecated setup.py egg_info --egg-base ../../build/cloud_node build --build-base /home/dudz/multi-drone-disaster-response/build/cloud_node/build install --record /home/dudz/multi-drone-disaster-response/build/cloud_node/install.log --single-version-externally-managed install_data
[8.609s] Level 1:colcon.colcon_core.environment:checking '/home/dudz/multi-drone-disaster-response/install/cloud_node' for CMake module files
[8.610s] DEBUG:colcon.colcon_core.event_handler.log_command:Invoked command in '/home/dudz/multi-drone-disaster-response/src/cloud_node' returned '0': DEBUGINFOD_URLS=https://debuginfod.ubuntu.com PYTHONPATH=/home/dudz/multi-drone-disaster-response/build/cloud_node/prefix_override:/usr/lib/python3/dist-packages/colcon_core/task/python/colcon_distutils_commands:/home/dudz/multi-drone-disaster-response/install/cloud_node/lib/python3.12/site-packages:${PYTHONPATH} /usr/bin/python3 -W ignore:setup.py install is deprecated -W ignore:easy_install command is deprecated setup.py egg_info --egg-base ../../build/cloud_node build --build-base /home/dudz/multi-drone-disaster-response/build/cloud_node/build install --record /home/dudz/multi-drone-disaster-response/build/cloud_node/install.log --single-version-externally-managed install_data
[8.612s] Level 1:colcon.colcon_core.environment:checking '/home/dudz/multi-drone-disaster-response/install/cloud_node' for CMake config files
[8.612s] Level 1:colcon.colcon_core.environment:checking '/home/dudz/multi-drone-disaster-response/install/cloud_node/lib'
[8.612s] Level 1:colcon.colcon_core.environment:checking '/home/dudz/multi-drone-disaster-response/install/cloud_node/bin'
[8.612s] Level 1:colcon.colcon_core.environment:checking '/home/dudz/multi-drone-disaster-response/install/cloud_node/lib/pkgconfig/cloud_node.pc'
[8.612s] Level 1:colcon.colcon_core.environment:checking '/home/dudz/multi-drone-disaster-response/install/cloud_node/lib/python3.12/site-packages'
[8.612s] Level 1:colcon.colcon_core.shell:create_environment_hook('cloud_node', 'pythonpath')
[8.612s] INFO:colcon.colcon_core.shell:Creating environment hook '/home/dudz/multi-drone-disaster-response/install/cloud_node/share/cloud_node/hook/pythonpath.ps1'
[8.612s] INFO:colcon.colcon_core.shell:Creating environment descriptor '/home/dudz/multi-drone-disaster-response/install/cloud_node/share/cloud_node/hook/pythonpath.dsv'
[8.613s] INFO:colcon.colcon_core.shell:Creating environment hook '/home/dudz/multi-drone-disaster-response/install/cloud_node/share/cloud_node/hook/pythonpath.sh'
[8.613s] Level 1:colcon.colcon_core.environment:checking '/home/dudz/multi-drone-disaster-response/install/cloud_node/bin'
[8.613s] Level 1:colcon.colcon_core.environment:create_environment_scripts_only(cloud_node)
[8.613s] INFO:colcon.colcon_core.shell:Creating package script '/home/dudz/multi-drone-disaster-response/install/cloud_node/share/cloud_node/package.ps1'
[8.613s] INFO:colcon.colcon_core.shell:Creating package descriptor '/home/dudz/multi-drone-disaster-response/install/cloud_node/share/cloud_node/package.dsv'
[8.614s] INFO:colcon.colcon_core.shell:Creating package script '/home/dudz/multi-drone-disaster-response/install/cloud_node/share/cloud_node/package.sh'
[8.615s] INFO:colcon.colcon_core.shell:Creating package script '/home/dudz/multi-drone-disaster-response/install/cloud_node/share/cloud_node/package.bash'
[8.615s] INFO:colcon.colcon_core.shell:Creating package script '/home/dudz/multi-drone-disaster-response/install/cloud_node/share/cloud_node/package.zsh'
[8.615s] Level 1:colcon.colcon_core.environment:create_file_with_runtime_dependencies(/home/dudz/multi-drone-disaster-response/install/cloud_node/share/colcon-core/packages/cloud_node)
[8.616s] INFO:colcon.colcon_ros.task.ament_python.build:Building ROS package in '/home/dudz/multi-drone-disaster-response/src/drone_node' with build type 'ament_python'
[8.617s] Level 1:colcon.colcon_core.shell:create_environment_hook('drone_node', 'ament_prefix_path')
[8.617s] INFO:colcon.colcon_core.shell:Creating environment hook '/home/dudz/multi-drone-disaster-response/install/drone_node/share/drone_node/hook/ament_prefix_path.ps1'
[8.617s] INFO:colcon.colcon_core.shell:Creating environment descriptor '/home/dudz/multi-drone-disaster-response/install/drone_node/share/drone_node/hook/ament_prefix_path.dsv'
[8.617s] INFO:colcon.colcon_core.shell:Creating environment hook '/home/dudz/multi-drone-disaster-response/install/drone_node/share/drone_node/hook/ament_prefix_path.sh'
[8.620s] INFO:colcon.colcon_core.shell:Skip shell extension 'powershell' for command environment: Not usable outside of PowerShell
[8.620s] DEBUG:colcon.colcon_core.shell:Skip shell extension 'dsv' for command environment
[8.944s] INFO:colcon.colcon_core.task.python.build:Building Python package in '/home/dudz/multi-drone-disaster-response/src/drone_node'
[8.945s] INFO:colcon.colcon_core.shell:Skip shell extension 'powershell' for command environment: Not usable outside of PowerShell
[8.945s] DEBUG:colcon.colcon_core.shell:Skip shell extension 'dsv' for command environment
[9.624s] DEBUG:colcon.colcon_core.event_handler.log_command:Invoking command in '/home/dudz/multi-drone-disaster-response/src/drone_node': CMAKE_PREFIX_PATH=/home/dudz/multi-drone-disaster-response/install/task_msgs:/home/dudz/multi-drone-disaster-response/install/px4_msgs:/opt/ros/jazzy/opt/gz_sim_vendor:/opt/ros/jazzy/opt/gz_sensors_vendor:/opt/ros/jazzy/opt/gz_physics_vendor:/opt/ros/jazzy/opt/sdformat_vendor:/opt/ros/jazzy/opt/gz_gui_vendor:/opt/ros/jazzy/opt/gz_transport_vendor:/opt/ros/jazzy/opt/gz_rendering_vendor:/opt/ros/jazzy/opt/gz_plugin_vendor:/opt/ros/jazzy/opt/gz_fuel_tools_vendor:/opt/ros/jazzy/opt/gz_msgs_vendor:/opt/ros/jazzy/opt/gz_common_vendor:/opt/ros/jazzy/opt/gz_math_vendor:/opt/ros/jazzy/opt/gz_utils_vendor:/opt/ros/jazzy/opt/gz_tools_vendor:/opt/ros/jazzy/opt/gz_ogre_next_vendor:/opt/ros/jazzy/opt/gz_dartsim_vendor:/opt/ros/jazzy/opt/gz_cmake_vendor DEBUGINFOD_URLS=https://debuginfod.ubuntu.com LD_LIBRARY_PATH=/home/dudz/multi-drone-disaster-response/install/task_msgs/lib:/home/dudz/multi-drone-disaster-response/install/px4_msgs/lib:/opt/ros/jazzy/opt/gz_sim_vendor/lib:/opt/ros/jazzy/opt/gz_sensors_vendor/lib:/opt/ros/jazzy/opt/gz_physics_vendor/lib:/opt/ros/jazzy/opt/sdformat_vendor/lib:/opt/ros/jazzy/opt/rviz_ogre_vendor/lib:/opt/ros/jazzy/lib/aarch64-linux-gnu:/opt/ros/jazzy/opt/gz_gui_vendor/lib:/opt/ros/jazzy/opt/gz_transport_vendor/lib:/opt/ros/jazzy/opt/gz_rendering_vendor/lib:/opt/ros/jazzy/opt/gz_plugin_vendor/lib:/opt/ros/jazzy/opt/gz_fuel_tools_vendor/lib:/opt/ros/jazzy/opt/gz_msgs_vendor/lib:/opt/ros/jazzy/opt/gz_common_vendor/lib:/opt/ros/jazzy/opt/gz_math_vendor/lib:/opt/ros/jazzy/opt/gz_utils_vendor/lib:/opt/ros/jazzy/opt/gz_tools_vendor/lib:/opt/ros/jazzy/opt/gz_ogre_next_vendor/lib:/opt/ros/jazzy/opt/gz_dartsim_vendor/lib:/opt/ros/jazzy/opt/gz_cmake_vendor/lib:/opt/ros/jazzy/lib PYTHONPATH=/home/dudz/multi-drone-disaster-response/build/drone_node/prefix_override:/usr/lib/python3/dist-packages/colcon_core/task/python/colcon_distutils_commands:/home/dudz/multi-drone-disaster-response/install/drone_node/lib/python3.12/site-packages:/home/dudz/multi-drone-disaster-response/install/task_msgs/lib/python3.12/site-packages:/home/dudz/multi-drone-disaster-response/install/px4_msgs/lib/python3.12/site-packages:/home/dudz/multi-drone-disaster-response/install/fog_node/lib/python3.12/site-packages:/home/dudz/multi-drone-disaster-response/install/drone_node/lib/python3.12/site-packages:/home/dudz/multi-drone-disaster-response/install/multi_drone_offboard/lib/python3.12/site-packages:/home/dudz/multi-drone-disaster-response/install/cloud_node/lib/python3.12/site-packages:/opt/ros/jazzy/lib/python3.12/site-packages /usr/bin/python3 -W ignore:setup.py install is deprecated -W ignore:easy_install command is deprecated setup.py egg_info --egg-base ../../build/drone_node build --build-base /home/dudz/multi-drone-disaster-response/build/drone_node/build install --record /home/dudz/multi-drone-disaster-response/build/drone_node/install.log --single-version-externally-managed install_data
[10.200s] Level 1:colcon.colcon_core.environment:checking '/home/dudz/multi-drone-disaster-response/install/drone_node' for CMake module files
[10.200s] DEBUG:colcon.colcon_core.event_handler.log_command:Invoked command in '/home/dudz/multi-drone-disaster-response/src/drone_node' returned '0': CMAKE_PREFIX_PATH=/home/dudz/multi-drone-disaster-response/install/task_msgs:/home/dudz/multi-drone-disaster-response/install/px4_msgs:/opt/ros/jazzy/opt/gz_sim_vendor:/opt/ros/jazzy/opt/gz_sensors_vendor:/opt/ros/jazzy/opt/gz_physics_vendor:/opt/ros/jazzy/opt/sdformat_vendor:/opt/ros/jazzy/opt/gz_gui_vendor:/opt/ros/jazzy/opt/gz_transport_vendor:/opt/ros/jazzy/opt/gz_rendering_vendor:/opt/ros/jazzy/opt/gz_plugin_vendor:/opt/ros/jazzy/opt/gz_fuel_tools_vendor:/opt/ros/jazzy/opt/gz_msgs_vendor:/opt/ros/jazzy/opt/gz_common_vendor:/opt/ros/jazzy/opt/gz_math_vendor:/opt/ros/jazzy/opt/gz_utils_vendor:/opt/ros/jazzy/opt/gz_tools_vendor:/opt/ros/jazzy/opt/gz_ogre_next_vendor:/opt/ros/jazzy/opt/gz_dartsim_vendor:/opt/ros/jazzy/opt/gz_cmake_vendor DEBUGINFOD_URLS=https://debuginfod.ubuntu.com LD_LIBRARY_PATH=/home/dudz/multi-drone-disaster-response/install/task_msgs/lib:/home/dudz/multi-drone-disaster-response/install/px4_msgs/lib:/opt/ros/jazzy/opt/gz_sim_vendor/lib:/opt/ros/jazzy/opt/gz_sensors_vendor/lib:/opt/ros/jazzy/opt/gz_physics_vendor/lib:/opt/ros/jazzy/opt/sdformat_vendor/lib:/opt/ros/jazzy/opt/rviz_ogre_vendor/lib:/opt/ros/jazzy/lib/aarch64-linux-gnu:/opt/ros/jazzy/opt/gz_gui_vendor/lib:/opt/ros/jazzy/opt/gz_transport_vendor/lib:/opt/ros/jazzy/opt/gz_rendering_vendor/lib:/opt/ros/jazzy/opt/gz_plugin_vendor/lib:/opt/ros/jazzy/opt/gz_fuel_tools_vendor/lib:/opt/ros/jazzy/opt/gz_msgs_vendor/lib:/opt/ros/jazzy/opt/gz_common_vendor/lib:/opt/ros/jazzy/opt/gz_math_vendor/lib:/opt/ros/jazzy/opt/gz_utils_vendor/lib:/opt/ros/jazzy/opt/gz_tools_vendor/lib:/opt/ros/jazzy/opt/gz_ogre_next_vendor/lib:/opt/ros/jazzy/opt/gz_dartsim_vendor/lib:/opt/ros/jazzy/opt/gz_cmake_vendor/lib:/opt/ros/jazzy/lib PYTHONPATH=/home/dudz/multi-drone-disaster-response/build/drone_node/prefix_override:/usr/lib/python3/dist-packages/colcon_core/task/python/colcon_distutils_commands:/home/dudz/multi-drone-disaster-response/install/drone_node/lib/python3.12/site-packages:/home/dudz/multi-drone-disaster-response/install/task_msgs/lib/python3.12/site-packages:/home/dudz/multi-drone-disaster-response/install/px4_msgs/lib/python3.12/site-packages:/home/dudz/multi-drone-disaster-response/install/fog_node/lib/python3.12/site-packages:/home/dudz/multi-drone-disaster-response/install/drone_node/lib/python3.12/site-packages:/home/dudz/multi-drone-disaster-response/install/multi_drone_offboard/lib/python3.12/site-packages:/home/dudz/multi-drone-disaster-response/install/cloud_node/lib/python3.12/site-packages:/opt/ros/jazzy/lib/python3.12/site-packages /usr/bin/python3 -W ignore:setup.py install is deprecated -W ignore:easy_install command is deprecated setup.py egg_info --egg-base ../../build/drone_node build --build-base /home/dudz/multi-drone-disaster-response/build/drone_node/build install --record /home/dudz/multi-drone-disaster-response/build/drone_node/install.log --single-version-externally-managed install_data
[10.201s] Level 1:colcon.colcon_core.environment:checking '/home/dudz/multi-drone-disaster-response/install/drone_node' for CMake config files
[10.201s] Level 1:colcon.colcon_core.environment:checking '/home/dudz/multi-drone-disaster-response/install/drone_node/lib'
[10.201s] Level 1:colcon.colcon_core.environment:checking '/home/dudz/multi-drone-disaster-response/install/drone_node/bin'
[10.201s] Level 1:colcon.colcon_core.environment:checking '/home/dudz/multi-drone-disaster-response/install/drone_node/lib/pkgconfig/drone_node.pc'
[10.201s] Level 1:colcon.colcon_core.environment:checking '/home/dudz/multi-drone-disaster-response/install/drone_node/lib/python3.12/site-packages'
[10.201s] Level 1:colcon.colcon_core.shell:create_environment_hook('drone_node', 'pythonpath')
[10.201s] INFO:colcon.colcon_core.shell:Creating environment hook '/home/dudz/multi-drone-disaster-response/install/drone_node/share/drone_node/hook/pythonpath.ps1'
[10.201s] INFO:colcon.colcon_core.shell:Creating environment descriptor '/home/dudz/multi-drone-disaster-response/install/drone_node/share/drone_node/hook/pythonpath.dsv'
[10.202s] INFO:colcon.colcon_core.shell:Creating environment hook '/home/dudz/multi-drone-disaster-response/install/drone_node/share/drone_node/hook/pythonpath.sh'
[10.202s] Level 1:colcon.colcon_core.environment:checking '/home/dudz/multi-drone-disaster-response/install/drone_node/bin'
[10.202s] Level 1:colcon.colcon_core.environment:create_environment_scripts_only(drone_node)
[10.203s] INFO:colcon.colcon_core.shell:Creating package script '/home/dudz/multi-drone-disaster-response/install/drone_node/share/drone_node/package.ps1'
[10.204s] INFO:colcon.colcon_core.shell:Creating package descriptor '/home/dudz/multi-drone-disaster-response/install/drone_node/share/drone_node/package.dsv'
[10.204s] INFO:colcon.colcon_core.shell:Creating package script '/home/dudz/multi-drone-disaster-response/install/drone_node/share/drone_node/package.sh'
[10.204s] INFO:colcon.colcon_core.shell:Creating package script '/home/dudz/multi-drone-disaster-response/install/drone_node/share/drone_node/package.bash'
[10.204s] INFO:colcon.colcon_core.shell:Creating package script '/home/dudz/multi-drone-disaster-response/install/drone_node/share/drone_node/package.zsh'
[10.204s] Level 1:colcon.colcon_core.environment:create_file_with_runtime_dependencies(/home/dudz/multi-drone-disaster-response/install/drone_node/share/colcon-core/packages/drone_node)
[534.969s] DEBUG:colcon.colcon_core.event_handler.log_command:Invoked command in '/home/dudz/multi-drone-disaster-response/build/px4_msgs' returned '0': CMAKE_PREFIX_PATH=${CMAKE_PREFIX_PATH}:/home/dudz/multi-drone-disaster-response/install/fog_node:/home/dudz/multi-drone-disaster-response/install/drone_node:/home/dudz/multi-drone-disaster-response/install/multi_drone_offboard:/home/dudz/multi-drone-disaster-response/install/cloud_node:/opt/ros/jazzy DEBUGINFOD_URLS=https://debuginfod.ubuntu.com /usr/bin/cmake --build /home/dudz/multi-drone-disaster-response/build/px4_msgs -- -j2 -l2
[534.973s] DEBUG:colcon.colcon_core.event_handler.log_command:Invoking command in '/home/dudz/multi-drone-disaster-response/build/px4_msgs': CMAKE_PREFIX_PATH=${CMAKE_PREFIX_PATH}:/home/dudz/multi-drone-disaster-response/install/fog_node:/home/dudz/multi-drone-disaster-response/install/drone_node:/home/dudz/multi-drone-disaster-response/install/multi_drone_offboard:/home/dudz/multi-drone-disaster-response/install/cloud_node:/opt/ros/jazzy DEBUGINFOD_URLS=https://debuginfod.ubuntu.com /usr/bin/cmake --install /home/dudz/multi-drone-disaster-response/build/px4_msgs
[536.363s] Level 1:colcon.colcon_core.environment:create_environment_scripts_only(px4_msgs)
[536.364s] Level 1:colcon.colcon_core.environment:checking '/home/dudz/multi-drone-disaster-response/install/px4_msgs' for CMake module files
[536.364s] DEBUG:colcon.colcon_core.event_handler.log_command:Invoked command in '/home/dudz/multi-drone-disaster-response/build/px4_msgs' returned '0': CMAKE_PREFIX_PATH=${CMAKE_PREFIX_PATH}:/home/dudz/multi-drone-disaster-response/install/fog_node:/home/dudz/multi-drone-disaster-response/install/drone_node:/home/dudz/multi-drone-disaster-response/install/multi_drone_offboard:/home/dudz/multi-drone-disaster-response/install/cloud_node:/opt/ros/jazzy DEBUGINFOD_URLS=https://debuginfod.ubuntu.com /usr/bin/cmake --install /home/dudz/multi-drone-disaster-response/build/px4_msgs
[536.365s] Level 1:colcon.colcon_core.environment:checking '/home/dudz/multi-drone-disaster-response/install/px4_msgs' for CMake config files
[536.367s] Level 1:colcon.colcon_core.shell:create_environment_hook('px4_msgs', 'cmake_prefix_path')
[536.367s] INFO:colcon.colcon_core.shell:Creating environment hook '/home/dudz/multi-drone-disaster-response/install/px4_msgs/share/px4_msgs/hook/cmake_prefix_path.ps1'
[536.368s] INFO:colcon.colcon_core.shell:Creating environment descriptor '/home/dudz/multi-drone-disaster-response/install/px4_msgs/share/px4_msgs/hook/cmake_prefix_path.dsv'
[536.368s] INFO:colcon.colcon_core.shell:Creating environment hook '/home/dudz/multi-drone-disaster-response/install/px4_msgs/share/px4_msgs/hook/cmake_prefix_path.sh'
[536.369s] Level 1:colcon.colcon_core.environment:checking '/home/dudz/multi-drone-disaster-response/install/px4_msgs/lib'
[536.369s] Level 1:colcon.colcon_core.shell:create_environment_hook('px4_msgs', 'ld_library_path_lib')
[536.369s] INFO:colcon.colcon_core.shell:Creating environment hook '/home/dudz/multi-drone-disaster-response/install/px4_msgs/share/px4_msgs/hook/ld_library_path_lib.ps1'
[536.369s] INFO:colcon.colcon_core.shell:Creating environment descriptor '/home/dudz/multi-drone-disaster-response/install/px4_msgs/share/px4_msgs/hook/ld_library_path_lib.dsv'
[536.369s] INFO:colcon.colcon_core.shell:Creating environment hook '/home/dudz/multi-drone-disaster-response/install/px4_msgs/share/px4_msgs/hook/ld_library_path_lib.sh'
[536.369s] Level 1:colcon.colcon_core.environment:checking '/home/dudz/multi-drone-disaster-response/install/px4_msgs/bin'
[536.369s] Level 1:colcon.colcon_core.environment:checking '/home/dudz/multi-drone-disaster-response/install/px4_msgs/lib/pkgconfig/px4_msgs.pc'
[536.370s] Level 1:colcon.colcon_core.environment:checking '/home/dudz/multi-drone-disaster-response/install/px4_msgs/lib/python3.12/site-packages'
[536.370s] Level 1:colcon.colcon_core.shell:create_environment_hook('px4_msgs', 'pythonpath')
[536.370s] INFO:colcon.colcon_core.shell:Creating environment hook '/home/dudz/multi-drone-disaster-response/install/px4_msgs/share/px4_msgs/hook/pythonpath.ps1'
[536.370s] INFO:colcon.colcon_core.shell:Creating environment descriptor '/home/dudz/multi-drone-disaster-response/install/px4_msgs/share/px4_msgs/hook/pythonpath.dsv'
[536.370s] INFO:colcon.colcon_core.shell:Creating environment hook '/home/dudz/multi-drone-disaster-response/install/px4_msgs/share/px4_msgs/hook/pythonpath.sh'
[536.371s] Level 1:colcon.colcon_core.environment:checking '/home/dudz/multi-drone-disaster-response/install/px4_msgs/bin'
[536.371s] INFO:colcon.colcon_core.shell:Creating package script '/home/dudz/multi-drone-disaster-response/install/px4_msgs/share/px4_msgs/package.ps1'
[536.372s] INFO:colcon.colcon_core.shell:Creating package descriptor '/home/dudz/multi-drone-disaster-response/install/px4_msgs/share/px4_msgs/package.dsv'
[536.372s] INFO:colcon.colcon_core.shell:Creating package script '/home/dudz/multi-drone-disaster-response/install/px4_msgs/share/px4_msgs/package.sh'
[536.372s] INFO:colcon.colcon_core.shell:Creating package script '/home/dudz/multi-drone-disaster-response/install/px4_msgs/share/px4_msgs/package.bash'
[536.372s] INFO:colcon.colcon_core.shell:Creating package script '/home/dudz/multi-drone-disaster-response/install/px4_msgs/share/px4_msgs/package.zsh'
[536.372s] Level 1:colcon.colcon_core.environment:create_file_with_runtime_dependencies(/home/dudz/multi-drone-disaster-response/install/px4_msgs/share/colcon-core/packages/px4_msgs)
[536.373s] Level 1:colcon.colcon_core.environment:create_environment_scripts_only(px4_msgs)
[536.373s] Level 1:colcon.colcon_core.environment:checking '/home/dudz/multi-drone-disaster-response/install/px4_msgs' for CMake module files
[536.374s] Level 1:colcon.colcon_core.environment:checking '/home/dudz/multi-drone-disaster-response/install/px4_msgs' for CMake config files
[536.375s] Level 1:colcon.colcon_core.shell:create_environment_hook('px4_msgs', 'cmake_prefix_path')
[536.375s] INFO:colcon.colcon_core.shell:Creating environment hook '/home/dudz/multi-drone-disaster-response/install/px4_msgs/share/px4_msgs/hook/cmake_prefix_path.ps1'
[536.375s] INFO:colcon.colcon_core.shell:Creating environment descriptor '/home/dudz/multi-drone-disaster-response/install/px4_msgs/share/px4_msgs/hook/cmake_prefix_path.dsv'
[536.375s] INFO:colcon.colcon_core.shell:Creating environment hook '/home/dudz/multi-drone-disaster-response/install/px4_msgs/share/px4_msgs/hook/cmake_prefix_path.sh'
[536.376s] Level 1:colcon.colcon_core.environment:checking '/home/dudz/multi-drone-disaster-response/install/px4_msgs/lib'
[536.376s] Level 1:colcon.colcon_core.shell:create_environment_hook('px4_msgs', 'ld_library_path_lib')
[536.376s] INFO:colcon.colcon_core.shell:Creating environment hook '/home/dudz/multi-drone-disaster-response/install/px4_msgs/share/px4_msgs/hook/ld_library_path_lib.ps1'
[536.376s] INFO:colcon.colcon_core.shell:Creating environment descriptor '/home/dudz/multi-drone-disaster-response/install/px4_msgs/share/px4_msgs/hook/ld_library_path_lib.dsv'
[536.376s] INFO:colcon.colcon_core.shell:Creating environment hook '/home/dudz/multi-drone-disaster-response/install/px4_msgs/share/px4_msgs/hook/ld_library_path_lib.sh'
[536.376s] Level 1:colcon.colcon_core.environment:checking '/home/dudz/multi-drone-disaster-response/install/px4_msgs/bin'
[536.376s] Level 1:colcon.colcon_core.environment:checking '/home/dudz/multi-drone-disaster-response/install/px4_msgs/lib/pkgconfig/px4_msgs.pc'
[536.376s] Level 1:colcon.colcon_core.environment:checking '/home/dudz/multi-drone-disaster-response/install/px4_msgs/lib/python3.12/site-packages'
[536.376s] Level 1:colcon.colcon_core.shell:create_environment_hook('px4_msgs', 'pythonpath')
[536.377s] INFO:colcon.colcon_core.shell:Creating environment hook '/home/dudz/multi-drone-disaster-response/install/px4_msgs/share/px4_msgs/hook/pythonpath.ps1'
[536.377s] INFO:colcon.colcon_core.shell:Creating environment descriptor '/home/dudz/multi-drone-disaster-response/install/px4_msgs/share/px4_msgs/hook/pythonpath.dsv'
[536.377s] INFO:colcon.colcon_core.shell:Creating environment hook '/home/dudz/multi-drone-disaster-response/install/px4_msgs/share/px4_msgs/hook/pythonpath.sh'
[536.377s] Level 1:colcon.colcon_core.environment:checking '/home/dudz/multi-drone-disaster-response/install/px4_msgs/bin'
[536.378s] INFO:colcon.colcon_core.shell:Creating package script '/home/dudz/multi-drone-disaster-response/install/px4_msgs/share/px4_msgs/package.ps1'
[536.379s] INFO:colcon.colcon_core.shell:Creating package descriptor '/home/dudz/multi-drone-disaster-response/install/px4_msgs/share/px4_msgs/package.dsv'
[536.379s] INFO:colcon.colcon_core.shell:Creating package script '/home/dudz/multi-drone-disaster-response/install/px4_msgs/share/px4_msgs/package.sh'
[536.380s] INFO:colcon.colcon_core.shell:Creating package script '/home/dudz/multi-drone-disaster-response/install/px4_msgs/share/px4_msgs/package.bash'
[536.380s] INFO:colcon.colcon_core.shell:Creating package script '/home/dudz/multi-drone-disaster-response/install/px4_msgs/share/px4_msgs/package.zsh'
[536.381s] Level 1:colcon.colcon_core.environment:create_file_with_runtime_dependencies(/home/dudz/multi-drone-disaster-response/install/px4_msgs/share/colcon-core/packages/px4_msgs)
[536.381s] INFO:colcon.colcon_ros.task.ament_python.build:Building ROS package in '/home/dudz/multi-drone-disaster-response/src/fog_node' with build type 'ament_python'
[536.381s] Level 1:colcon.colcon_core.shell:create_environment_hook('fog_node', 'ament_prefix_path')
[536.383s] INFO:colcon.colcon_core.shell:Creating environment hook '/home/dudz/multi-drone-disaster-response/install/fog_node/share/fog_node/hook/ament_prefix_path.ps1'
[536.383s] INFO:colcon.colcon_core.shell:Creating environment descriptor '/home/dudz/multi-drone-disaster-response/install/fog_node/share/fog_node/hook/ament_prefix_path.dsv'
[536.384s] INFO:colcon.colcon_core.shell:Creating environment hook '/home/dudz/multi-drone-disaster-response/install/fog_node/share/fog_node/hook/ament_prefix_path.sh'
[536.384s] INFO:colcon.colcon_core.shell:Skip shell extension 'powershell' for command environment: Not usable outside of PowerShell
[536.384s] DEBUG:colcon.colcon_core.shell:Skip shell extension 'dsv' for command environment
[536.388s] INFO:colcon.colcon_ros.task.ament_python.build:Building ROS package in '/home/dudz/multi-drone-disaster-response/src/multi_drone_offboard' with build type 'ament_python'
[536.388s] Level 1:colcon.colcon_core.shell:create_environment_hook('multi_drone_offboard', 'ament_prefix_path')
[536.388s] INFO:colcon.colcon_core.shell:Creating environment hook '/home/dudz/multi-drone-disaster-response/install/multi_drone_offboard/share/multi_drone_offboard/hook/ament_prefix_path.ps1'
[536.389s] INFO:colcon.colcon_core.shell:Creating environment descriptor '/home/dudz/multi-drone-disaster-response/install/multi_drone_offboard/share/multi_drone_offboard/hook/ament_prefix_path.dsv'
[536.389s] INFO:colcon.colcon_core.shell:Creating environment hook '/home/dudz/multi-drone-disaster-response/install/multi_drone_offboard/share/multi_drone_offboard/hook/ament_prefix_path.sh'
[536.389s] INFO:colcon.colcon_core.shell:Skip shell extension 'powershell' for command environment: Not usable outside of PowerShell
[536.389s] DEBUG:colcon.colcon_core.shell:Skip shell extension 'dsv' for command environment
[536.622s] INFO:colcon.colcon_core.task.python.build:Building Python package in '/home/dudz/multi-drone-disaster-response/src/multi_drone_offboard'
[536.623s] INFO:colcon.colcon_core.shell:Skip shell extension 'powershell' for command environment: Not usable outside of PowerShell
[536.623s] DEBUG:colcon.colcon_core.shell:Skip shell extension 'dsv' for command environment
[536.825s] INFO:colcon.colcon_core.task.python.build:Building Python package in '/home/dudz/multi-drone-disaster-response/src/fog_node'
[536.825s] INFO:colcon.colcon_core.shell:Skip shell extension 'powershell' for command environment: Not usable outside of PowerShell
[536.825s] DEBUG:colcon.colcon_core.shell:Skip shell extension 'dsv' for command environment
[537.365s] DEBUG:colcon.colcon_core.event_handler.log_command:Invoking command in '/home/dudz/multi-drone-disaster-response/src/fog_node': CMAKE_PREFIX_PATH=/home/dudz/multi-drone-disaster-response/install/task_msgs:/home/dudz/multi-drone-disaster-response/install/px4_msgs:/opt/ros/jazzy/opt/gz_sim_vendor:/opt/ros/jazzy/opt/gz_sensors_vendor:/opt/ros/jazzy/opt/gz_physics_vendor:/opt/ros/jazzy/opt/sdformat_vendor:/opt/ros/jazzy/opt/gz_gui_vendor:/opt/ros/jazzy/opt/gz_transport_vendor:/opt/ros/jazzy/opt/gz_rendering_vendor:/opt/ros/jazzy/opt/gz_plugin_vendor:/opt/ros/jazzy/opt/gz_fuel_tools_vendor:/opt/ros/jazzy/opt/gz_msgs_vendor:/opt/ros/jazzy/opt/gz_common_vendor:/opt/ros/jazzy/opt/gz_math_vendor:/opt/ros/jazzy/opt/gz_utils_vendor:/opt/ros/jazzy/opt/gz_tools_vendor:/opt/ros/jazzy/opt/gz_ogre_next_vendor:/opt/ros/jazzy/opt/gz_dartsim_vendor:/opt/ros/jazzy/opt/gz_cmake_vendor DEBUGINFOD_URLS=https://debuginfod.ubuntu.com LD_LIBRARY_PATH=/home/dudz/multi-drone-disaster-response/install/task_msgs/lib:/home/dudz/multi-drone-disaster-response/install/px4_msgs/lib:/opt/ros/jazzy/opt/gz_sim_vendor/lib:/opt/ros/jazzy/opt/gz_sensors_vendor/lib:/opt/ros/jazzy/opt/gz_physics_vendor/lib:/opt/ros/jazzy/opt/sdformat_vendor/lib:/opt/ros/jazzy/opt/rviz_ogre_vendor/lib:/opt/ros/jazzy/lib/aarch64-linux-gnu:/opt/ros/jazzy/opt/gz_gui_vendor/lib:/opt/ros/jazzy/opt/gz_transport_vendor/lib:/opt/ros/jazzy/opt/gz_rendering_vendor/lib:/opt/ros/jazzy/opt/gz_plugin_vendor/lib:/opt/ros/jazzy/opt/gz_fuel_tools_vendor/lib:/opt/ros/jazzy/opt/gz_msgs_vendor/lib:/opt/ros/jazzy/opt/gz_common_vendor/lib:/opt/ros/jazzy/opt/gz_math_vendor/lib:/opt/ros/jazzy/opt/gz_utils_vendor/lib:/opt/ros/jazzy/opt/gz_tools_vendor/lib:/opt/ros/jazzy/opt/gz_ogre_next_vendor/lib:/opt/ros/jazzy/opt/gz_dartsim_vendor/lib:/opt/ros/jazzy/opt/gz_cmake_vendor/lib:/opt/ros/jazzy/lib PYTHONPATH=/home/dudz/multi-drone-disaster-response/build/fog_node/prefix_override:/usr/lib/python3/dist-packages/colcon_core/task/python/colcon_distutils_commands:/home/dudz/multi-drone-disaster-response/install/fog_node/lib/python3.12/site-packages:/home/dudz/multi-drone-disaster-response/install/task_msgs/lib/python3.12/site-packages:/home/dudz/multi-drone-disaster-response/install/px4_msgs/lib/python3.12/site-packages:/home/dudz/multi-drone-disaster-response/install/fog_node/lib/python3.12/site-packages:/home/dudz/multi-drone-disaster-response/install/drone_node/lib/python3.12/site-packages:/home/dudz/multi-drone-disaster-response/install/multi_drone_offboard/lib/python3.12/site-packages:/home/dudz/multi-drone-disaster-response/install/cloud_node/lib/python3.12/site-packages:/opt/ros/jazzy/lib/python3.12/site-packages /usr/bin/python3 -W ignore:setup.py install is deprecated -W ignore:easy_install command is deprecated setup.py egg_info --egg-base ../../build/fog_node build --build-base /home/dudz/multi-drone-disaster-response/build/fog_node/build install --record /home/dudz/multi-drone-disaster-response/build/fog_node/install.log --single-version-externally-managed install_data
[537.434s] DEBUG:colcon.colcon_core.event_handler.log_command:Invoking command in '/home/dudz/multi-drone-disaster-response/src/multi_drone_offboard': DEBUGINFOD_URLS=https://debuginfod.ubuntu.com PYTHONPATH=/home/dudz/multi-drone-disaster-response/build/multi_drone_offboard/prefix_override:/usr/lib/python3/dist-packages/colcon_core/task/python/colcon_distutils_commands:/home/dudz/multi-drone-disaster-response/install/multi_drone_offboard/lib/python3.12/site-packages:${PYTHONPATH} /usr/bin/python3 -W ignore:setup.py install is deprecated -W ignore:easy_install command is deprecated setup.py egg_info --egg-base ../../build/multi_drone_offboard build --build-base /home/dudz/multi-drone-disaster-response/build/multi_drone_offboard/build install --record /home/dudz/multi-drone-disaster-response/build/multi_drone_offboard/install.log --single-version-externally-managed install_data
[537.862s] Level 1:colcon.colcon_core.environment:checking '/home/dudz/multi-drone-disaster-response/install/fog_node' for CMake module files
[537.863s] DEBUG:colcon.colcon_core.event_handler.log_command:Invoked command in '/home/dudz/multi-drone-disaster-response/src/fog_node' returned '0': CMAKE_PREFIX_PATH=/home/dudz/multi-drone-disaster-response/install/task_msgs:/home/dudz/multi-drone-disaster-response/install/px4_msgs:/opt/ros/jazzy/opt/gz_sim_vendor:/opt/ros/jazzy/opt/gz_sensors_vendor:/opt/ros/jazzy/opt/gz_physics_vendor:/opt/ros/jazzy/opt/sdformat_vendor:/opt/ros/jazzy/opt/gz_gui_vendor:/opt/ros/jazzy/opt/gz_transport_vendor:/opt/ros/jazzy/opt/gz_rendering_vendor:/opt/ros/jazzy/opt/gz_plugin_vendor:/opt/ros/jazzy/opt/gz_fuel_tools_vendor:/opt/ros/jazzy/opt/gz_msgs_vendor:/opt/ros/jazzy/opt/gz_common_vendor:/opt/ros/jazzy/opt/gz_math_vendor:/opt/ros/jazzy/opt/gz_utils_vendor:/opt/ros/jazzy/opt/gz_tools_vendor:/opt/ros/jazzy/opt/gz_ogre_next_vendor:/opt/ros/jazzy/opt/gz_dartsim_vendor:/opt/ros/jazzy/opt/gz_cmake_vendor DEBUGINFOD_URLS=https://debuginfod.ubuntu.com LD_LIBRARY_PATH=/home/dudz/multi-drone-disaster-response/install/task_msgs/lib:/home/dudz/multi-drone-disaster-response/install/px4_msgs/lib:/opt/ros/jazzy/opt/gz_sim_vendor/lib:/opt/ros/jazzy/opt/gz_sensors_vendor/lib:/opt/ros/jazzy/opt/gz_physics_vendor/lib:/opt/ros/jazzy/opt/sdformat_vendor/lib:/opt/ros/jazzy/opt/rviz_ogre_vendor/lib:/opt/ros/jazzy/lib/aarch64-linux-gnu:/opt/ros/jazzy/opt/gz_gui_vendor/lib:/opt/ros/jazzy/opt/gz_transport_vendor/lib:/opt/ros/jazzy/opt/gz_rendering_vendor/lib:/opt/ros/jazzy/opt/gz_plugin_vendor/lib:/opt/ros/jazzy/opt/gz_fuel_tools_vendor/lib:/opt/ros/jazzy/opt/gz_msgs_vendor/lib:/opt/ros/jazzy/opt/gz_common_vendor/lib:/opt/ros/jazzy/opt/gz_math_vendor/lib:/opt/ros/jazzy/opt/gz_utils_vendor/lib:/opt/ros/jazzy/opt/gz_tools_vendor/lib:/opt/ros/jazzy/opt/gz_ogre_next_vendor/lib:/opt/ros/jazzy/opt/gz_dartsim_vendor/lib:/opt/ros/jazzy/opt/gz_cmake_vendor/lib:/opt/ros/jazzy/lib PYTHONPATH=/home/dudz/multi-drone-disaster-response/build/fog_node/prefix_override:/usr/lib/python3/dist-packages/colcon_core/task/python/colcon_distutils_commands:/home/dudz/multi-drone-disaster-response/install/fog_node/lib/python3.12/site-packages:/home/dudz/multi-drone-disaster-response/install/task_msgs/lib/python3.12/site-packages:/home/dudz/multi-drone-disaster-response/install/px4_msgs/lib/python3.12/site-packages:/home/dudz/multi-drone-disaster-response/install/fog_node/lib/python3.12/site-packages:/home/dudz/multi-drone-disaster-response/install/drone_node/lib/python3.12/site-packages:/home/dudz/multi-drone-disaster-response/install/multi_drone_offboard/lib/python3.12/site-packages:/home/dudz/multi-drone-disaster-response/install/cloud_node/lib/python3.12/site-packages:/opt/ros/jazzy/lib/python3.12/site-packages /usr/bin/python3 -W ignore:setup.py install is deprecated -W ignore:easy_install command is deprecated setup.py egg_info --egg-base ../../build/fog_node build --build-base /home/dudz/multi-drone-disaster-response/build/fog_node/build install --record /home/dudz/multi-drone-disaster-response/build/fog_node/install.log --single-version-externally-managed install_data
[537.865s] Level 1:colcon.colcon_core.environment:checking '/home/dudz/multi-drone-disaster-response/install/fog_node' for CMake config files
[537.865s] Level 1:colcon.colcon_core.environment:checking '/home/dudz/multi-drone-disaster-response/install/fog_node/lib'
[537.865s] Level 1:colcon.colcon_core.environment:checking '/home/dudz/multi-drone-disaster-response/install/fog_node/bin'
[537.865s] Level 1:colcon.colcon_core.environment:checking '/home/dudz/multi-drone-disaster-response/install/fog_node/lib/pkgconfig/fog_node.pc'
[537.865s] Level 1:colcon.colcon_core.environment:checking '/home/dudz/multi-drone-disaster-response/install/fog_node/lib/python3.12/site-packages'
[537.866s] Level 1:colcon.colcon_core.shell:create_environment_hook('fog_node', 'pythonpath')
[537.866s] INFO:colcon.colcon_core.shell:Creating environment hook '/home/dudz/multi-drone-disaster-response/install/fog_node/share/fog_node/hook/pythonpath.ps1'
[537.866s] INFO:colcon.colcon_core.shell:Creating environment descriptor '/home/dudz/multi-drone-disaster-response/install/fog_node/share/fog_node/hook/pythonpath.dsv'
[537.866s] INFO:colcon.colcon_core.shell:Creating environment hook '/home/dudz/multi-drone-disaster-response/install/fog_node/share/fog_node/hook/pythonpath.sh'
[537.866s] Level 1:colcon.colcon_core.environment:checking '/home/dudz/multi-drone-disaster-response/install/fog_node/bin'
[537.866s] Level 1:colcon.colcon_core.environment:create_environment_scripts_only(fog_node)
[537.866s] INFO:colcon.colcon_core.shell:Creating package script '/home/dudz/multi-drone-disaster-response/install/fog_node/share/fog_node/package.ps1'
[537.867s] INFO:colcon.colcon_core.shell:Creating package descriptor '/home/dudz/multi-drone-disaster-response/install/fog_node/share/fog_node/package.dsv'
[537.867s] INFO:colcon.colcon_core.shell:Creating package script '/home/dudz/multi-drone-disaster-response/install/fog_node/share/fog_node/package.sh'
[537.867s] INFO:colcon.colcon_core.shell:Creating package script '/home/dudz/multi-drone-disaster-response/install/fog_node/share/fog_node/package.bash'
[537.867s] INFO:colcon.colcon_core.shell:Creating package script '/home/dudz/multi-drone-disaster-response/install/fog_node/share/fog_node/package.zsh'
[537.868s] Level 1:colcon.colcon_core.environment:create_file_with_runtime_dependencies(/home/dudz/multi-drone-disaster-response/install/fog_node/share/colcon-core/packages/fog_node)
[537.941s] Level 1:colcon.colcon_core.environment:checking '/home/dudz/multi-drone-disaster-response/install/multi_drone_offboard' for CMake module files
[537.942s] DEBUG:colcon.colcon_core.event_handler.log_command:Invoked command in '/home/dudz/multi-drone-disaster-response/src/multi_drone_offboard' returned '0': DEBUGINFOD_URLS=https://debuginfod.ubuntu.com PYTHONPATH=/home/dudz/multi-drone-disaster-response/build/multi_drone_offboard/prefix_override:/usr/lib/python3/dist-packages/colcon_core/task/python/colcon_distutils_commands:/home/dudz/multi-drone-disaster-response/install/multi_drone_offboard/lib/python3.12/site-packages:${PYTHONPATH} /usr/bin/python3 -W ignore:setup.py install is deprecated -W ignore:easy_install command is deprecated setup.py egg_info --egg-base ../../build/multi_drone_offboard build --build-base /home/dudz/multi-drone-disaster-response/build/multi_drone_offboard/build install --record /home/dudz/multi-drone-disaster-response/build/multi_drone_offboard/install.log --single-version-externally-managed install_data
[537.942s] Level 1:colcon.colcon_core.environment:checking '/home/dudz/multi-drone-disaster-response/install/multi_drone_offboard' for CMake config files
[537.942s] Level 1:colcon.colcon_core.environment:checking '/home/dudz/multi-drone-disaster-response/install/multi_drone_offboard/lib'
[537.942s] Level 1:colcon.colcon_core.environment:checking '/home/dudz/multi-drone-disaster-response/install/multi_drone_offboard/bin'
[537.942s] Level 1:colcon.colcon_core.environment:checking '/home/dudz/multi-drone-disaster-response/install/multi_drone_offboard/lib/pkgconfig/multi_drone_offboard.pc'
[537.943s] Level 1:colcon.colcon_core.environment:checking '/home/dudz/multi-drone-disaster-response/install/multi_drone_offboard/lib/python3.12/site-packages'
[537.943s] Level 1:colcon.colcon_core.shell:create_environment_hook('multi_drone_offboard', 'pythonpath')
[537.943s] INFO:colcon.colcon_core.shell:Creating environment hook '/home/dudz/multi-drone-disaster-response/install/multi_drone_offboard/share/multi_drone_offboard/hook/pythonpath.ps1'
[537.943s] INFO:colcon.colcon_core.shell:Creating environment descriptor '/home/dudz/multi-drone-disaster-response/install/multi_drone_offboard/share/multi_drone_offboard/hook/pythonpath.dsv'
[537.943s] INFO:colcon.colcon_core.shell:Creating environment hook '/home/dudz/multi-drone-disaster-response/install/multi_drone_offboard/share/multi_drone_offboard/hook/pythonpath.sh'
[537.943s] Level 1:colcon.colcon_core.environment:checking '/home/dudz/multi-drone-disaster-response/install/multi_drone_offboard/bin'
[537.943s] Level 1:colcon.colcon_core.environment:create_environment_scripts_only(multi_drone_offboard)
[537.944s] INFO:colcon.colcon_core.shell:Creating package script '/home/dudz/multi-drone-disaster-response/install/multi_drone_offboard/share/multi_drone_offboard/package.ps1'
[537.944s] INFO:colcon.colcon_core.shell:Creating package descriptor '/home/dudz/multi-drone-disaster-response/install/multi_drone_offboard/share/multi_drone_offboard/package.dsv'
[537.944s] INFO:colcon.colcon_core.shell:Creating package script '/home/dudz/multi-drone-disaster-response/install/multi_drone_offboard/share/multi_drone_offboard/package.sh'
[537.944s] INFO:colcon.colcon_core.shell:Creating package script '/home/dudz/multi-drone-disaster-response/install/multi_drone_offboard/share/multi_drone_offboard/package.bash'
[537.944s] INFO:colcon.colcon_core.shell:Creating package script '/home/dudz/multi-drone-disaster-response/install/multi_drone_offboard/share/multi_drone_offboard/package.zsh'
[537.944s] Level 1:colcon.colcon_core.environment:create_file_with_runtime_dependencies(/home/dudz/multi-drone-disaster-response/install/multi_drone_offboard/share/colcon-core/packages/multi_drone_offboard)
[537.945s] DEBUG:colcon.colcon_parallel_executor.executor.parallel:closing loop
[537.946s] DEBUG:colcon.colcon_parallel_executor.executor.parallel:loop closed
[537.946s] DEBUG:colcon.colcon_parallel_executor.executor.parallel:run_until_complete finished with '0'
[537.946s] DEBUG:colcon.colcon_core.event_reactor:joining thread
[537.955s] INFO:colcon.colcon_core.plugin_system:Skipping extension 'colcon_notification.desktop_notification.terminal_notifier': Not used on non-Darwin systems
[537.955s] INFO:colcon.colcon_core.plugin_system:Skipping extension 'colcon_notification.desktop_notification.win32': Not used on non-Windows systems
[537.955s] INFO:colcon.colcon_notification.desktop_notification:Sending desktop notification using 'notify2'
[538.006s] DEBUG:colcon.colcon_core.event_reactor:joined thread
[538.006s] INFO:colcon.colcon_core.shell:Creating prefix script '/home/dudz/multi-drone-disaster-response/install/local_setup.ps1'
[538.007s] INFO:colcon.colcon_core.shell:Creating prefix util module '/home/dudz/multi-drone-disaster-response/install/_local_setup_util_ps1.py'
[538.009s] INFO:colcon.colcon_core.shell:Creating prefix chain script '/home/dudz/multi-drone-disaster-response/install/setup.ps1'
[538.009s] INFO:colcon.colcon_core.shell:Creating prefix script '/home/dudz/multi-drone-disaster-response/install/local_setup.sh'
[538.010s] INFO:colcon.colcon_core.shell:Creating prefix util module '/home/dudz/multi-drone-disaster-response/install/_local_setup_util_sh.py'
[538.011s] INFO:colcon.colcon_core.shell:Creating prefix chain script '/home/dudz/multi-drone-disaster-response/install/setup.sh'
[538.012s] INFO:colcon.colcon_core.shell:Creating prefix script '/home/dudz/multi-drone-disaster-response/install/local_setup.bash'
[538.013s] INFO:colcon.colcon_core.shell:Creating prefix chain script '/home/dudz/multi-drone-disaster-response/install/setup.bash'
[538.013s] INFO:colcon.colcon_core.shell:Creating prefix script '/home/dudz/multi-drone-disaster-response/install/local_setup.zsh'
[538.013s] INFO:colcon.colcon_core.shell:Creating prefix chain script '/home/dudz/multi-drone-disaster-response/install/setup.zsh'
