[0.363s] Invoking command in '/home/maizaied03/ros2_ws/src/multi_drone_offboard': AMENT_PREFIX_PATH=/home/maizaied03/ros2_ws/install/px4_msgs:${AMENT_PREFIX_PATH} CMAKE_PREFIX_PATH=/home/maizaied03/ros2_ws/install/px4_msgs LD_LIBRARY_PATH=/home/maizaied03/ros2_ws/install/px4_msgs/lib:${LD_LIBRARY_PATH} PYTHONPATH=/home/maizaied03/ros2_ws/build/multi_drone_offboard/prefix_override:/usr/lib/python3/dist-packages/colcon_core/task/python/colcon_distutils_commands:/home/maizaied03/ros2_ws/install/multi_drone_offboard/lib/python3.10/site-packages:/home/maizaied03/ros2_ws/install/px4_msgs/local/lib/python3.10/dist-packages:${PYTHONPATH} /usr/bin/python3 -W ignore:setup.py install is deprecated -W ignore:easy_install command is deprecated setup.py egg_info --egg-base ../../build/multi_drone_offboard build --build-base /home/maizaied03/ros2_ws/build/multi_drone_offboard/build install --record /home/maizaied03/ros2_ws/build/multi_drone_offboard/install.log --single-version-externally-managed install_data
[0.502s] running egg_info
[0.503s] writing ../../build/multi_drone_offboard/multi_drone_offboard.egg-info/PKG-INFO
[0.503s] writing dependency_links to ../../build/multi_drone_offboard/multi_drone_offboard.egg-info/dependency_links.txt
[0.503s] writing entry points to ../../build/multi_drone_offboard/multi_drone_offboard.egg-info/entry_points.txt
[0.503s] writing requirements to ../../build/multi_drone_offboard/multi_drone_offboard.egg-info/requires.txt
[0.503s] writing top-level names to ../../build/multi_drone_offboard/multi_drone_offboard.egg-info/top_level.txt
[0.504s] reading manifest file '../../build/multi_drone_offboard/multi_drone_offboard.egg-info/SOURCES.txt'
[0.505s] writing manifest file '../../build/multi_drone_offboard/multi_drone_offboard.egg-info/SOURCES.txt'
[0.506s] running build
[0.506s] running build_py
[0.506s] running install
[0.506s] running install_lib
[0.506s] running install_data
[0.506s] running install_egg_info
[0.508s] removing '/home/maizaied03/ros2_ws/install/multi_drone_offboard/lib/python3.10/site-packages/multi_drone_offboard-0.0.0-py3.10.egg-info' (and everything under it)
[0.508s] Copying ../../build/multi_drone_offboard/multi_drone_offboard.egg-info to /home/maizaied03/ros2_ws/install/multi_drone_offboard/lib/python3.10/site-packages/multi_drone_offboard-0.0.0-py3.10.egg-info
[0.508s] running install_scripts
[0.522s] Installing camera_bridge script to /home/maizaied03/ros2_ws/install/multi_drone_offboard/lib/multi_drone_offboard
[0.522s] Installing monitor script to /home/maizaied03/ros2_ws/install/multi_drone_offboard/lib/multi_drone_offboard
[0.522s] Installing offboard script to /home/maizaied03/ros2_ws/install/multi_drone_offboard/lib/multi_drone_offboard
[0.522s] writing list of installed files to '/home/maizaied03/ros2_ws/build/multi_drone_offboard/install.log'
[0.539s] Invoked command in '/home/maizaied03/ros2_ws/src/multi_drone_offboard' returned '0': AMENT_PREFIX_PATH=/home/maizaied03/ros2_ws/install/px4_msgs:${AMENT_PREFIX_PATH} CMAKE_PREFIX_PATH=/home/maizaied03/ros2_ws/install/px4_msgs LD_LIBRARY_PATH=/home/maizaied03/ros2_ws/install/px4_msgs/lib:${LD_LIBRARY_PATH} PYTHONPATH=/home/maizaied03/ros2_ws/build/multi_drone_offboard/prefix_override:/usr/lib/python3/dist-packages/colcon_core/task/python/colcon_distutils_commands:/home/maizaied03/ros2_ws/install/multi_drone_offboard/lib/python3.10/site-packages:/home/maizaied03/ros2_ws/install/px4_msgs/local/lib/python3.10/dist-packages:${PYTHONPATH} /usr/bin/python3 -W ignore:setup.py install is deprecated -W ignore:easy_install command is deprecated setup.py egg_info --egg-base ../../build/multi_drone_offboard build --build-base /home/maizaied03/ros2_ws/build/multi_drone_offboard/build install --record /home/maizaied03/ros2_ws/build/multi_drone_offboard/install.log --single-version-externally-managed install_data
