[0.618s] Invoking command in '/home/maizaied03/ros2_ws/src/drone_node': AMENT_PREFIX_PATH=/home/maizaied03/ros2_ws/install/task_msgs:${AMENT_PREFIX_PATH} CMAKE_PREFIX_PATH=/home/maizaied03/ros2_ws/install/task_msgs LD_LIBRARY_PATH=/home/maizaied03/ros2_ws/install/task_msgs/lib:${LD_LIBRARY_PATH} PYTHONPATH=/home/maizaied03/ros2_ws/build/drone_node/prefix_override:/usr/lib/python3/dist-packages/colcon_core/task/python/colcon_distutils_commands:/home/maizaied03/ros2_ws/install/drone_node/lib/python3.10/site-packages:/home/maizaied03/ros2_ws/install/task_msgs/local/lib/python3.10/dist-packages:${PYTHONPATH} /usr/bin/python3 -W ignore:setup.py install is deprecated -W ignore:easy_install command is deprecated setup.py egg_info --egg-base ../../build/drone_node build --build-base /home/maizaied03/ros2_ws/build/drone_node/build install --record /home/maizaied03/ros2_ws/build/drone_node/install.log --single-version-externally-managed install_data
[0.767s] running egg_info
[0.767s] writing ../../build/drone_node/drone_node.egg-info/PKG-INFO
[0.768s] writing dependency_links to ../../build/drone_node/drone_node.egg-info/dependency_links.txt
[0.768s] writing entry points to ../../build/drone_node/drone_node.egg-info/entry_points.txt
[0.768s] writing requirements to ../../build/drone_node/drone_node.egg-info/requires.txt
[0.768s] writing top-level names to ../../build/drone_node/drone_node.egg-info/top_level.txt
[0.769s] reading manifest file '../../build/drone_node/drone_node.egg-info/SOURCES.txt'
[0.770s] writing manifest file '../../build/drone_node/drone_node.egg-info/SOURCES.txt'
[0.770s] running build
[0.770s] running build_py
[0.771s] copying drone_node/drone_task_publisher.py -> /home/maizaied03/ros2_ws/build/drone_node/build/lib/drone_node
[0.771s] copying drone_node/drone_naming.py -> /home/maizaied03/ros2_ws/build/drone_node/build/lib/drone_node
[0.771s] copying drone_node/camera_bridge_simple.py -> /home/maizaied03/ros2_ws/build/drone_node/build/lib/drone_node
[0.771s] running install
[0.771s] running install_lib
[0.772s] copying /home/maizaied03/ros2_ws/build/drone_node/build/lib/drone_node/drone_task_publisher.py -> /home/maizaied03/ros2_ws/install/drone_node/lib/python3.10/site-packages/drone_node
[0.772s] copying /home/maizaied03/ros2_ws/build/drone_node/build/lib/drone_node/drone_naming.py -> /home/maizaied03/ros2_ws/install/drone_node/lib/python3.10/site-packages/drone_node
[0.772s] copying /home/maizaied03/ros2_ws/build/drone_node/build/lib/drone_node/camera_bridge_simple.py -> /home/maizaied03/ros2_ws/install/drone_node/lib/python3.10/site-packages/drone_node
[0.772s] byte-compiling /home/maizaied03/ros2_ws/install/drone_node/lib/python3.10/site-packages/drone_node/drone_task_publisher.py to drone_task_publisher.cpython-310.pyc
[0.774s] byte-compiling /home/maizaied03/ros2_ws/install/drone_node/lib/python3.10/site-packages/drone_node/drone_naming.py to drone_naming.cpython-310.pyc
[0.774s] byte-compiling /home/maizaied03/ros2_ws/install/drone_node/lib/python3.10/site-packages/drone_node/camera_bridge_simple.py to camera_bridge_simple.cpython-310.pyc
[0.774s] running install_data
[0.775s] running install_egg_info
[0.776s] removing '/home/maizaied03/ros2_ws/install/drone_node/lib/python3.10/site-packages/drone_node-0.0.0-py3.10.egg-info' (and everything under it)
[0.776s] Copying ../../build/drone_node/drone_node.egg-info to /home/maizaied03/ros2_ws/install/drone_node/lib/python3.10/site-packages/drone_node-0.0.0-py3.10.egg-info
[0.777s] running install_scripts
[0.790s] Installing camera_bridge_simple script to /home/maizaied03/ros2_ws/install/drone_node/lib/drone_node
[0.790s] Installing drone_reactor script to /home/maizaied03/ros2_ws/install/drone_node/lib/drone_node
[0.790s] Installing drone_status_publisher script to /home/maizaied03/ros2_ws/install/drone_node/lib/drone_node
[0.790s] Installing drone_task_publisher script to /home/maizaied03/ros2_ws/install/drone_node/lib/drone_node
[0.790s] writing list of installed files to '/home/maizaied03/ros2_ws/build/drone_node/install.log'
[0.821s] Invoked command in '/home/maizaied03/ros2_ws/src/drone_node' returned '0': AMENT_PREFIX_PATH=/home/maizaied03/ros2_ws/install/task_msgs:${AMENT_PREFIX_PATH} CMAKE_PREFIX_PATH=/home/maizaied03/ros2_ws/install/task_msgs LD_LIBRARY_PATH=/home/maizaied03/ros2_ws/install/task_msgs/lib:${LD_LIBRARY_PATH} PYTHONPATH=/home/maizaied03/ros2_ws/build/drone_node/prefix_override:/usr/lib/python3/dist-packages/colcon_core/task/python/colcon_distutils_commands:/home/maizaied03/ros2_ws/install/drone_node/lib/python3.10/site-packages:/home/maizaied03/ros2_ws/install/task_msgs/local/lib/python3.10/dist-packages:${PYTHONPATH} /usr/bin/python3 -W ignore:setup.py install is deprecated -W ignore:easy_install command is deprecated setup.py egg_info --egg-base ../../build/drone_node build --build-base /home/maizaied03/ros2_ws/build/drone_node/build install --record /home/maizaied03/ros2_ws/build/drone_node/install.log --single-version-externally-managed install_data
