[0.697s] Invoking command in '/home/maizaied03/ros2_ws/src/fog_node': PYTHONPATH=/home/maizaied03/ros2_ws/build/fog_node/prefix_override:/usr/lib/python3/dist-packages/colcon_core/task/python/colcon_distutils_commands:/home/maizaied03/ros2_ws/install/fog_node/lib/python3.10/site-packages:${PYTHONPATH} /usr/bin/python3 -W ignore:setup.py install is deprecated -W ignore:easy_install command is deprecated setup.py egg_info --egg-base ../../build/fog_node build --build-base /home/maizaied03/ros2_ws/build/fog_node/build install --record /home/maizaied03/ros2_ws/build/fog_node/install.log --single-version-externally-managed install_data
[0.878s] running egg_info
[0.879s] writing ../../build/fog_node/fog_node.egg-info/PKG-INFO
[0.879s] writing dependency_links to ../../build/fog_node/fog_node.egg-info/dependency_links.txt
[0.879s] writing entry points to ../../build/fog_node/fog_node.egg-info/entry_points.txt
[0.879s] writing requirements to ../../build/fog_node/fog_node.egg-info/requires.txt
[0.879s] writing top-level names to ../../build/fog_node/fog_node.egg-info/top_level.txt
[0.881s] reading manifest file '../../build/fog_node/fog_node.egg-info/SOURCES.txt'
[0.882s] writing manifest file '../../build/fog_node/fog_node.egg-info/SOURCES.txt'
[0.882s] running build
[0.882s] running build_py
[0.882s] running install
[0.882s] running install_lib
[0.883s] running install_data
[0.883s] running install_egg_info
[0.885s] removing '/home/maizaied03/ros2_ws/install/fog_node/lib/python3.10/site-packages/fog_node-0.0.0-py3.10.egg-info' (and everything under it)
[0.885s] Copying ../../build/fog_node/fog_node.egg-info to /home/maizaied03/ros2_ws/install/fog_node/lib/python3.10/site-packages/fog_node-0.0.0-py3.10.egg-info
[0.885s] running install_scripts
[0.902s] Installing fog_server script to /home/maizaied03/ros2_ws/install/fog_node/lib/fog_node
[0.902s] writing list of installed files to '/home/maizaied03/ros2_ws/build/fog_node/install.log'
[0.930s] Invoked command in '/home/maizaied03/ros2_ws/src/fog_node' returned '0': PYTHONPATH=/home/maizaied03/ros2_ws/build/fog_node/prefix_override:/usr/lib/python3/dist-packages/colcon_core/task/python/colcon_distutils_commands:/home/maizaied03/ros2_ws/install/fog_node/lib/python3.10/site-packages:${PYTHONPATH} /usr/bin/python3 -W ignore:setup.py install is deprecated -W ignore:easy_install command is deprecated setup.py egg_info --egg-base ../../build/fog_node build --build-base /home/maizaied03/ros2_ws/build/fog_node/build install --record /home/maizaied03/ros2_ws/build/fog_node/install.log --single-version-externally-managed install_data
