[0.932s] Invoking command in '/home/dudz/multi-drone-disaster-response/src/cloud_node': DEBUGINFOD_URLS=https://debuginfod.ubuntu.com PYTHONPATH=/home/dudz/multi-drone-disaster-response/build/cloud_node/prefix_override:/usr/lib/python3/dist-packages/colcon_core/task/python/colcon_distutils_commands:/home/dudz/multi-drone-disaster-response/install/cloud_node/lib/python3.12/site-packages:${PYTHONPATH} /usr/bin/python3 -W ignore:setup.py install is deprecated -W ignore:easy_install command is deprecated setup.py egg_info --egg-base ../../build/cloud_node build --build-base /home/dudz/multi-drone-disaster-response/build/cloud_node/build install --record /home/dudz/multi-drone-disaster-response/build/cloud_node/install.log --single-version-externally-managed install_data
[1.245s] running egg_info
[1.246s] creating ../../build/cloud_node/cloud_node.egg-info
[1.258s] writing ../../build/cloud_node/cloud_node.egg-info/PKG-INFO
[1.258s] writing dependency_links to ../../build/cloud_node/cloud_node.egg-info/dependency_links.txt
[1.260s] writing entry points to ../../build/cloud_node/cloud_node.egg-info/entry_points.txt
[1.260s] writing requirements to ../../build/cloud_node/cloud_node.egg-info/requires.txt
[1.260s] writing top-level names to ../../build/cloud_node/cloud_node.egg-info/top_level.txt
[1.260s] writing manifest file '../../build/cloud_node/cloud_node.egg-info/SOURCES.txt'
[1.289s] reading manifest file '../../build/cloud_node/cloud_node.egg-info/SOURCES.txt'
[1.290s] writing manifest file '../../build/cloud_node/cloud_node.egg-info/SOURCES.txt'
[1.291s] running build
[1.291s] running build_py
[1.291s] creating /home/dudz/multi-drone-disaster-response/build/cloud_node/build
[1.291s] creating /home/dudz/multi-drone-disaster-response/build/cloud_node/build/lib
[1.291s] creating /home/dudz/multi-drone-disaster-response/build/cloud_node/build/lib/cloud_node
[1.291s] copying cloud_node/__init__.py -> /home/dudz/multi-drone-disaster-response/build/cloud_node/build/lib/cloud_node
[1.291s] copying cloud_node/cloud_server.py -> /home/dudz/multi-drone-disaster-response/build/cloud_node/build/lib/cloud_node
[1.291s] running install
[1.296s] running install_lib
[1.310s] creating /home/dudz/multi-drone-disaster-response/install/cloud_node/lib/python3.12/site-packages/cloud_node
[1.311s] copying /home/dudz/multi-drone-disaster-response/build/cloud_node/build/lib/cloud_node/__init__.py -> /home/dudz/multi-drone-disaster-response/install/cloud_node/lib/python3.12/site-packages/cloud_node
[1.311s] copying /home/dudz/multi-drone-disaster-response/build/cloud_node/build/lib/cloud_node/cloud_server.py -> /home/dudz/multi-drone-disaster-response/install/cloud_node/lib/python3.12/site-packages/cloud_node
[1.311s] byte-compiling /home/dudz/multi-drone-disaster-response/install/cloud_node/lib/python3.12/site-packages/cloud_node/__init__.py to __init__.cpython-312.pyc
[1.311s] byte-compiling /home/dudz/multi-drone-disaster-response/install/cloud_node/lib/python3.12/site-packages/cloud_node/cloud_server.py to cloud_server.cpython-312.pyc
[1.313s] running install_data
[1.313s] creating /home/dudz/multi-drone-disaster-response/install/cloud_node/share/ament_index
[1.313s] creating /home/dudz/multi-drone-disaster-response/install/cloud_node/share/ament_index/resource_index
[1.313s] creating /home/dudz/multi-drone-disaster-response/install/cloud_node/share/ament_index/resource_index/packages
[1.313s] copying resource/cloud_node -> /home/dudz/multi-drone-disaster-response/install/cloud_node/share/ament_index/resource_index/packages
[1.313s] copying package.xml -> /home/dudz/multi-drone-disaster-response/install/cloud_node/share/cloud_node
[1.313s] running install_egg_info
[1.333s] Copying ../../build/cloud_node/cloud_node.egg-info to /home/dudz/multi-drone-disaster-response/install/cloud_node/lib/python3.12/site-packages/cloud_node-0.0.1-py3.12.egg-info
[1.336s] running install_scripts
[1.460s] Installing cloud_server script to /home/dudz/multi-drone-disaster-response/install/cloud_node/lib/cloud_node
[1.460s] writing list of installed files to '/home/dudz/multi-drone-disaster-response/build/cloud_node/install.log'
[1.491s] Invoked command in '/home/dudz/multi-drone-disaster-response/src/cloud_node' returned '0': DEBUGINFOD_URLS=https://debuginfod.ubuntu.com PYTHONPATH=/home/dudz/multi-drone-disaster-response/build/cloud_node/prefix_override:/usr/lib/python3/dist-packages/colcon_core/task/python/colcon_distutils_commands:/home/dudz/multi-drone-disaster-response/install/cloud_node/lib/python3.12/site-packages:${PYTHONPATH} /usr/bin/python3 -W ignore:setup.py install is deprecated -W ignore:easy_install command is deprecated setup.py egg_info --egg-base ../../build/cloud_node build --build-base /home/dudz/multi-drone-disaster-response/build/cloud_node/build install --record /home/dudz/multi-drone-disaster-response/build/cloud_node/install.log --single-version-externally-managed install_data
