[0.163s] DEBUG:colcon:Command line arguments: ['/usr/bin/colcon', 'build', '--packages-select', 'px4_msgs']
[0.163s] DEBUG:colcon:Parsed command line arguments: Namespace(log_base=None, log_level=None, verb_name='build', build_base='build', install_base='install', merge_install=False, symlink_install=False, test_result_base=None, continue_on_error=False, executor='parallel', parallel_workers=8, event_handlers=None, ignore_user_meta=False, metas=['./colcon.meta'], base_paths=['.'], packages_ignore=None, packages_ignore_regex=None, paths=None, packages_up_to=None, packages_up_to_regex=None, packages_above=None, packages_above_and_dependencies=None, packages_above_depth=None, packages_select_by_dep=None, packages_skip_by_dep=None, packages_skip_up_to=None, packages_select_build_failed=False, packages_skip_build_finished=False, packages_select_test_failures=False, packages_skip_test_passed=False, packages_select=['px4_msgs'], packages_skip=None, packages_select_regex=None, packages_skip_regex=None, packages_start=None, packages_end=None, allow_overriding=[], cmake_args=None, cmake_target=None, cmake_target_skip_unavailable=False, cmake_clean_cache=False, cmake_clean_first=False, cmake_force_configure=False, ament_cmake_args=None, catkin_cmake_args=None, catkin_skip_building_tests=False, verb_parser=<colcon_defaults.argument_parser.defaults.DefaultArgumentsDecorator object at 0x7a88b9c2fa60>, verb_extension=<colcon_core.verb.build.BuildVerb object at 0x7a88b9de1120>, main=<bound method BuildVerb.main of <colcon_core.verb.build.BuildVerb object at 0x7a88b9de1120>>)
[0.517s] Level 1:colcon.colcon_core.package_discovery:discover_packages(colcon_meta) check parameters
[0.518s] Level 1:colcon.colcon_core.package_discovery:discover_packages(recursive) check parameters
[0.518s] Level 1:colcon.colcon_core.package_discovery:discover_packages(ignore) check parameters
[0.518s] Level 1:colcon.colcon_core.package_discovery:discover_packages(path) check parameters
[0.518s] Level 1:colcon.colcon_core.package_discovery:discover_packages(colcon_meta) discover
[0.518s] Level 1:colcon.colcon_core.package_discovery:discover_packages(recursive) discover
[0.518s] INFO:colcon.colcon_core.package_discovery:Crawling recursively for packages in '/home/maizaied03/ros2_ws'
[0.518s] Level 1:colcon.colcon_core.package_identification:_identify(.) by extensions ['ignore', 'ignore_ament_install']
[0.518s] Level 1:colcon.colcon_core.package_identification:_identify(.) by extension 'ignore'
[0.518s] Level 1:colcon.colcon_core.package_identification:_identify(.) by extension 'ignore_ament_install'
[0.518s] Level 1:colcon.colcon_core.package_identification:_identify(.) by extensions ['colcon_pkg']
[0.519s] Level 1:colcon.colcon_core.package_identification:_identify(.) by extension 'colcon_pkg'
[0.519s] Level 1:colcon.colcon_core.package_identification:_identify(.) by extensions ['colcon_meta']
[0.519s] Level 1:colcon.colcon_core.package_identification:_identify(.) by extension 'colcon_meta'
[0.519s] Level 1:colcon.colcon_core.package_identification:_identify(.) by extensions ['ros']
[0.519s] Level 1:colcon.colcon_core.package_identification:_identify(.) by extension 'ros'
[0.531s] Level 1:colcon.colcon_core.package_identification:_identify(.) by extensions ['cmake', 'python']
[0.531s] Level 1:colcon.colcon_core.package_identification:_identify(.) by extension 'cmake'
[0.531s] Level 1:colcon.colcon_core.package_identification:_identify(.) by extension 'python'
[0.531s] Level 1:colcon.colcon_core.package_identification:_identify(.) by extensions ['python_setup_py']
[0.531s] Level 1:colcon.colcon_core.package_identification:_identify(.) by extension 'python_setup_py'
[0.531s] Level 1:colcon.colcon_core.package_identification:_identify(build) by extensions ['ignore', 'ignore_ament_install']
[0.531s] Level 1:colcon.colcon_core.package_identification:_identify(build) by extension 'ignore'
[0.531s] Level 1:colcon.colcon_core.package_identification:_identify(build) ignored
[0.531s] Level 1:colcon.colcon_core.package_identification:_identify(install) by extensions ['ignore', 'ignore_ament_install']
[0.531s] Level 1:colcon.colcon_core.package_identification:_identify(install) by extension 'ignore'
[0.531s] Level 1:colcon.colcon_core.package_identification:_identify(install) ignored
[0.531s] Level 1:colcon.colcon_core.package_identification:_identify(log) by extensions ['ignore', 'ignore_ament_install']
[0.531s] Level 1:colcon.colcon_core.package_identification:_identify(log) by extension 'ignore'
[0.531s] Level 1:colcon.colcon_core.package_identification:_identify(log) ignored
[0.531s] Level 1:colcon.colcon_core.package_identification:_identify(src) by extensions ['ignore', 'ignore_ament_install']
[0.531s] Level 1:colcon.colcon_core.package_identification:_identify(src) by extension 'ignore'
[0.532s] Level 1:colcon.colcon_core.package_identification:_identify(src) by extension 'ignore_ament_install'
[0.532s] Level 1:colcon.colcon_core.package_identification:_identify(src) by extensions ['colcon_pkg']
[0.532s] Level 1:colcon.colcon_core.package_identification:_identify(src) by extension 'colcon_pkg'
[0.532s] Level 1:colcon.colcon_core.package_identification:_identify(src) by extensions ['colcon_meta']
[0.532s] Level 1:colcon.colcon_core.package_identification:_identify(src) by extension 'colcon_meta'
[0.532s] Level 1:colcon.colcon_core.package_identification:_identify(src) by extensions ['ros']
[0.532s] Level 1:colcon.colcon_core.package_identification:_identify(src) by extension 'ros'
[0.532s] Level 1:colcon.colcon_core.package_identification:_identify(src) by extensions ['cmake', 'python']
[0.532s] Level 1:colcon.colcon_core.package_identification:_identify(src) by extension 'cmake'
[0.532s] Level 1:colcon.colcon_core.package_identification:_identify(src) by extension 'python'
[0.532s] Level 1:colcon.colcon_core.package_identification:_identify(src) by extensions ['python_setup_py']
[0.532s] Level 1:colcon.colcon_core.package_identification:_identify(src) by extension 'python_setup_py'
[0.532s] Level 1:colcon.colcon_core.package_identification:_identify(src/multi_drone_offboard) by extensions ['ignore', 'ignore_ament_install']
[0.532s] Level 1:colcon.colcon_core.package_identification:_identify(src/multi_drone_offboard) by extension 'ignore'
[0.532s] Level 1:colcon.colcon_core.package_identification:_identify(src/multi_drone_offboard) by extension 'ignore_ament_install'
[0.532s] Level 1:colcon.colcon_core.package_identification:_identify(src/multi_drone_offboard) by extensions ['colcon_pkg']
[0.532s] Level 1:colcon.colcon_core.package_identification:_identify(src/multi_drone_offboard) by extension 'colcon_pkg'
[0.532s] Level 1:colcon.colcon_core.package_identification:_identify(src/multi_drone_offboard) by extensions ['colcon_meta']
[0.532s] Level 1:colcon.colcon_core.package_identification:_identify(src/multi_drone_offboard) by extension 'colcon_meta'
[0.532s] Level 1:colcon.colcon_core.package_identification:_identify(src/multi_drone_offboard) by extensions ['ros']
[0.532s] Level 1:colcon.colcon_core.package_identification:_identify(src/multi_drone_offboard) by extension 'ros'
[0.535s] DEBUG:colcon.colcon_core.package_identification:Package 'src/multi_drone_offboard' with type 'ros.ament_python' and name 'multi_drone_offboard'
[0.535s] Level 1:colcon.colcon_core.package_identification:_identify(src/px4_msgs) by extensions ['ignore', 'ignore_ament_install']
[0.536s] Level 1:colcon.colcon_core.package_identification:_identify(src/px4_msgs) by extension 'ignore'
[0.536s] Level 1:colcon.colcon_core.package_identification:_identify(src/px4_msgs) by extension 'ignore_ament_install'
[0.536s] Level 1:colcon.colcon_core.package_identification:_identify(src/px4_msgs) by extensions ['colcon_pkg']
[0.536s] Level 1:colcon.colcon_core.package_identification:_identify(src/px4_msgs) by extension 'colcon_pkg'
[0.536s] Level 1:colcon.colcon_core.package_identification:_identify(src/px4_msgs) by extensions ['colcon_meta']
[0.536s] Level 1:colcon.colcon_core.package_identification:_identify(src/px4_msgs) by extension 'colcon_meta'
[0.536s] Level 1:colcon.colcon_core.package_identification:_identify(src/px4_msgs) by extensions ['ros']
[0.536s] Level 1:colcon.colcon_core.package_identification:_identify(src/px4_msgs) by extension 'ros'
[0.537s] DEBUG:colcon.colcon_core.package_identification:Package 'src/px4_msgs' with type 'ros.ament_cmake' and name 'px4_msgs'
[0.537s] Level 1:colcon.colcon_core.package_discovery:discover_packages(recursive) using defaults
[0.537s] Level 1:colcon.colcon_core.package_discovery:discover_packages(ignore) discover
[0.537s] Level 1:colcon.colcon_core.package_discovery:discover_packages(ignore) using defaults
[0.537s] Level 1:colcon.colcon_core.package_discovery:discover_packages(path) discover
[0.537s] Level 1:colcon.colcon_core.package_discovery:discover_packages(path) using defaults
[0.565s] INFO:colcon.colcon_core.package_selection:Skipping not selected package 'multi_drone_offboard' in 'src/multi_drone_offboard'
[0.565s] Level 1:colcon.colcon_core.package_discovery:discover_packages(prefix_path) check parameters
[0.565s] Level 1:colcon.colcon_core.package_discovery:discover_packages(prefix_path) discover
[0.581s] DEBUG:colcon.colcon_installed_package_information.package_discovery:Found 291 installed packages in /opt/ros/humble
[0.584s] Level 1:colcon.colcon_core.package_discovery:discover_packages(prefix_path) using defaults
[0.629s] Level 5:colcon.colcon_core.verb:set package 'px4_msgs' build argument 'cmake_args' from command line to 'None'
[0.629s] Level 5:colcon.colcon_core.verb:set package 'px4_msgs' build argument 'cmake_target' from command line to 'None'
[0.629s] Level 5:colcon.colcon_core.verb:set package 'px4_msgs' build argument 'cmake_target_skip_unavailable' from command line to 'False'
[0.629s] Level 5:colcon.colcon_core.verb:set package 'px4_msgs' build argument 'cmake_clean_cache' from command line to 'False'
[0.629s] Level 5:colcon.colcon_core.verb:set package 'px4_msgs' build argument 'cmake_clean_first' from command line to 'False'
[0.629s] Level 5:colcon.colcon_core.verb:set package 'px4_msgs' build argument 'cmake_force_configure' from command line to 'False'
[0.629s] Level 5:colcon.colcon_core.verb:set package 'px4_msgs' build argument 'ament_cmake_args' from command line to 'None'
[0.629s] Level 5:colcon.colcon_core.verb:set package 'px4_msgs' build argument 'catkin_cmake_args' from command line to 'None'
[0.629s] Level 5:colcon.colcon_core.verb:set package 'px4_msgs' build argument 'catkin_skip_building_tests' from command line to 'False'
[0.629s] DEBUG:colcon.colcon_core.verb:Building package 'px4_msgs' with the following arguments: {'ament_cmake_args': None, 'build_base': '/home/maizaied03/ros2_ws/build/px4_msgs', 'catkin_cmake_args': None, 'catkin_skip_building_tests': False, 'cmake_args': None, 'cmake_clean_cache': False, 'cmake_clean_first': False, 'cmake_force_configure': False, 'cmake_target': None, 'cmake_target_skip_unavailable': False, 'install_base': '/home/maizaied03/ros2_ws/install/px4_msgs', 'merge_install': False, 'path': '/home/maizaied03/ros2_ws/src/px4_msgs', 'symlink_install': False, 'test_result_base': None}
[0.630s] INFO:colcon.colcon_core.executor:Executing jobs using 'parallel' executor
[0.632s] DEBUG:colcon.colcon_parallel_executor.executor.parallel:run_until_complete
[0.632s] INFO:colcon.colcon_ros.task.ament_cmake.build:Building ROS package in '/home/maizaied03/ros2_ws/src/px4_msgs' with build type 'ament_cmake'
[0.632s] INFO:colcon.colcon_cmake.task.cmake.build:Building CMake package in '/home/maizaied03/ros2_ws/src/px4_msgs'
[0.636s] INFO:colcon.colcon_core.plugin_system:Skipping extension 'colcon_core.shell.bat': Not used on non-Windows systems
[0.636s] INFO:colcon.colcon_core.shell:Skip shell extension 'powershell' for command environment: Not usable outside of PowerShell
[0.636s] DEBUG:colcon.colcon_core.shell:Skip shell extension 'dsv' for command environment
[0.641s] DEBUG:colcon.colcon_core.event_handler.log_command:Invoking command in '/home/maizaied03/ros2_ws/build/px4_msgs': CMAKE_PREFIX_PATH=/opt/ros/humble /usr/bin/cmake /home/maizaied03/ros2_ws/src/px4_msgs -DCMAKE_INSTALL_PREFIX=/home/maizaied03/ros2_ws/install/px4_msgs
[5.613s] DEBUG:colcon.colcon_core.event_handler.log_command:Invoked command in '/home/maizaied03/ros2_ws/build/px4_msgs' returned '0': CMAKE_PREFIX_PATH=/opt/ros/humble /usr/bin/cmake /home/maizaied03/ros2_ws/src/px4_msgs -DCMAKE_INSTALL_PREFIX=/home/maizaied03/ros2_ws/install/px4_msgs
[5.614s] DEBUG:colcon.colcon_core.event_handler.log_command:Invoking command in '/home/maizaied03/ros2_ws/build/px4_msgs': CMAKE_PREFIX_PATH=/opt/ros/humble /usr/bin/cmake --build /home/maizaied03/ros2_ws/build/px4_msgs -- -j8 -l8
[681.199s] DEBUG:colcon.colcon_core.event_handler.log_command:Invoked command in '/home/maizaied03/ros2_ws/build/px4_msgs' returned '0': CMAKE_PREFIX_PATH=/opt/ros/humble /usr/bin/cmake --build /home/maizaied03/ros2_ws/build/px4_msgs -- -j8 -l8
[681.209s] DEBUG:colcon.colcon_core.event_handler.log_command:Invoking command in '/home/maizaied03/ros2_ws/build/px4_msgs': CMAKE_PREFIX_PATH=/opt/ros/humble /usr/bin/cmake --install /home/maizaied03/ros2_ws/build/px4_msgs
[682.546s] Level 1:colcon.colcon_core.environment:create_environment_scripts_only(px4_msgs)
[682.547s] DEBUG:colcon.colcon_core.event_handler.log_command:Invoked command in '/home/maizaied03/ros2_ws/build/px4_msgs' returned '0': CMAKE_PREFIX_PATH=/opt/ros/humble /usr/bin/cmake --install /home/maizaied03/ros2_ws/build/px4_msgs
[682.556s] Level 1:colcon.colcon_core.environment:checking '/home/maizaied03/ros2_ws/install/px4_msgs' for CMake module files
[682.557s] Level 1:colcon.colcon_core.environment:checking '/home/maizaied03/ros2_ws/install/px4_msgs' for CMake config files
[682.563s] Level 1:colcon.colcon_core.shell:create_environment_hook('px4_msgs', 'cmake_prefix_path')
[682.564s] INFO:colcon.colcon_core.shell:Creating environment hook '/home/maizaied03/ros2_ws/install/px4_msgs/share/px4_msgs/hook/cmake_prefix_path.ps1'
[682.565s] INFO:colcon.colcon_core.shell:Creating environment descriptor '/home/maizaied03/ros2_ws/install/px4_msgs/share/px4_msgs/hook/cmake_prefix_path.dsv'
[682.566s] INFO:colcon.colcon_core.shell:Creating environment hook '/home/maizaied03/ros2_ws/install/px4_msgs/share/px4_msgs/hook/cmake_prefix_path.sh'
[682.567s] Level 1:colcon.colcon_core.environment:checking '/home/maizaied03/ros2_ws/install/px4_msgs/lib'
[682.567s] Level 1:colcon.colcon_core.shell:create_environment_hook('px4_msgs', 'ld_library_path_lib')
[682.567s] INFO:colcon.colcon_core.shell:Creating environment hook '/home/maizaied03/ros2_ws/install/px4_msgs/share/px4_msgs/hook/ld_library_path_lib.ps1'
[682.567s] INFO:colcon.colcon_core.shell:Creating environment descriptor '/home/maizaied03/ros2_ws/install/px4_msgs/share/px4_msgs/hook/ld_library_path_lib.dsv'
[682.568s] INFO:colcon.colcon_core.shell:Creating environment hook '/home/maizaied03/ros2_ws/install/px4_msgs/share/px4_msgs/hook/ld_library_path_lib.sh'
[682.568s] Level 1:colcon.colcon_core.environment:checking '/home/maizaied03/ros2_ws/install/px4_msgs/bin'
[682.568s] Level 1:colcon.colcon_core.environment:checking '/home/maizaied03/ros2_ws/install/px4_msgs/lib/pkgconfig/px4_msgs.pc'
[682.569s] Level 1:colcon.colcon_core.environment:checking '/home/maizaied03/ros2_ws/install/px4_msgs/lib/python3.10/site-packages'
[682.569s] Level 1:colcon.colcon_core.environment:checking '/home/maizaied03/ros2_ws/install/px4_msgs/bin'
[682.569s] INFO:colcon.colcon_core.shell:Creating package script '/home/maizaied03/ros2_ws/install/px4_msgs/share/px4_msgs/package.ps1'
[682.570s] INFO:colcon.colcon_core.shell:Creating package descriptor '/home/maizaied03/ros2_ws/install/px4_msgs/share/px4_msgs/package.dsv'
[682.571s] INFO:colcon.colcon_core.shell:Creating package script '/home/maizaied03/ros2_ws/install/px4_msgs/share/px4_msgs/package.sh'
[682.573s] INFO:colcon.colcon_core.shell:Creating package script '/home/maizaied03/ros2_ws/install/px4_msgs/share/px4_msgs/package.bash'
[682.574s] INFO:colcon.colcon_core.shell:Creating package script '/home/maizaied03/ros2_ws/install/px4_msgs/share/px4_msgs/package.zsh'
[682.577s] Level 1:colcon.colcon_core.environment:create_file_with_runtime_dependencies(/home/maizaied03/ros2_ws/install/px4_msgs/share/colcon-core/packages/px4_msgs)
[682.578s] Level 1:colcon.colcon_core.environment:create_environment_scripts_only(px4_msgs)
[682.580s] Level 1:colcon.colcon_core.environment:checking '/home/maizaied03/ros2_ws/install/px4_msgs' for CMake module files
[682.581s] Level 1:colcon.colcon_core.environment:checking '/home/maizaied03/ros2_ws/install/px4_msgs' for CMake config files
[682.587s] Level 1:colcon.colcon_core.shell:create_environment_hook('px4_msgs', 'cmake_prefix_path')
[682.587s] INFO:colcon.colcon_core.shell:Creating environment hook '/home/maizaied03/ros2_ws/install/px4_msgs/share/px4_msgs/hook/cmake_prefix_path.ps1'
[682.588s] INFO:colcon.colcon_core.shell:Creating environment descriptor '/home/maizaied03/ros2_ws/install/px4_msgs/share/px4_msgs/hook/cmake_prefix_path.dsv'
[682.588s] INFO:colcon.colcon_core.shell:Creating environment hook '/home/maizaied03/ros2_ws/install/px4_msgs/share/px4_msgs/hook/cmake_prefix_path.sh'
[682.589s] Level 1:colcon.colcon_core.environment:checking '/home/maizaied03/ros2_ws/install/px4_msgs/lib'
[682.589s] Level 1:colcon.colcon_core.shell:create_environment_hook('px4_msgs', 'ld_library_path_lib')
[682.589s] INFO:colcon.colcon_core.shell:Creating environment hook '/home/maizaied03/ros2_ws/install/px4_msgs/share/px4_msgs/hook/ld_library_path_lib.ps1'
[682.589s] INFO:colcon.colcon_core.shell:Creating environment descriptor '/home/maizaied03/ros2_ws/install/px4_msgs/share/px4_msgs/hook/ld_library_path_lib.dsv'
[682.590s] INFO:colcon.colcon_core.shell:Creating environment hook '/home/maizaied03/ros2_ws/install/px4_msgs/share/px4_msgs/hook/ld_library_path_lib.sh'
[682.590s] Level 1:colcon.colcon_core.environment:checking '/home/maizaied03/ros2_ws/install/px4_msgs/bin'
[682.590s] Level 1:colcon.colcon_core.environment:checking '/home/maizaied03/ros2_ws/install/px4_msgs/lib/pkgconfig/px4_msgs.pc'
[682.590s] Level 1:colcon.colcon_core.environment:checking '/home/maizaied03/ros2_ws/install/px4_msgs/lib/python3.10/site-packages'
[682.591s] Level 1:colcon.colcon_core.environment:checking '/home/maizaied03/ros2_ws/install/px4_msgs/bin'
[682.591s] INFO:colcon.colcon_core.shell:Creating package script '/home/maizaied03/ros2_ws/install/px4_msgs/share/px4_msgs/package.ps1'
[682.591s] INFO:colcon.colcon_core.shell:Creating package descriptor '/home/maizaied03/ros2_ws/install/px4_msgs/share/px4_msgs/package.dsv'
[682.592s] INFO:colcon.colcon_core.shell:Creating package script '/home/maizaied03/ros2_ws/install/px4_msgs/share/px4_msgs/package.sh'
[682.592s] INFO:colcon.colcon_core.shell:Creating package script '/home/maizaied03/ros2_ws/install/px4_msgs/share/px4_msgs/package.bash'
[682.593s] INFO:colcon.colcon_core.shell:Creating package script '/home/maizaied03/ros2_ws/install/px4_msgs/share/px4_msgs/package.zsh'
[682.593s] Level 1:colcon.colcon_core.environment:create_file_with_runtime_dependencies(/home/maizaied03/ros2_ws/install/px4_msgs/share/colcon-core/packages/px4_msgs)
[682.593s] DEBUG:colcon.colcon_parallel_executor.executor.parallel:closing loop
[682.593s] DEBUG:colcon.colcon_parallel_executor.executor.parallel:loop closed
[682.593s] DEBUG:colcon.colcon_parallel_executor.executor.parallel:run_until_complete finished with '0'
[682.593s] DEBUG:colcon.colcon_core.event_reactor:joining thread
[682.601s] INFO:colcon.colcon_core.plugin_system:Skipping extension 'colcon_notification.desktop_notification.terminal_notifier': Not used on non-Darwin systems
[682.602s] INFO:colcon.colcon_core.plugin_system:Skipping extension 'colcon_notification.desktop_notification.win32': Not used on non-Windows systems
[682.602s] INFO:colcon.colcon_notification.desktop_notification:Sending desktop notification using 'notify2'
[682.627s] DEBUG:colcon.colcon_core.event_reactor:joined thread
[682.627s] INFO:colcon.colcon_core.shell:Creating prefix script '/home/maizaied03/ros2_ws/install/local_setup.ps1'
[682.629s] INFO:colcon.colcon_core.shell:Creating prefix util module '/home/maizaied03/ros2_ws/install/_local_setup_util_ps1.py'
[682.631s] INFO:colcon.colcon_core.shell:Creating prefix chain script '/home/maizaied03/ros2_ws/install/setup.ps1'
[682.633s] INFO:colcon.colcon_core.shell:Creating prefix script '/home/maizaied03/ros2_ws/install/local_setup.sh'
[682.634s] INFO:colcon.colcon_core.shell:Creating prefix util module '/home/maizaied03/ros2_ws/install/_local_setup_util_sh.py'
[682.635s] INFO:colcon.colcon_core.shell:Creating prefix chain script '/home/maizaied03/ros2_ws/install/setup.sh'
[682.636s] INFO:colcon.colcon_core.shell:Creating prefix script '/home/maizaied03/ros2_ws/install/local_setup.bash'
[682.637s] INFO:colcon.colcon_core.shell:Creating prefix chain script '/home/maizaied03/ros2_ws/install/setup.bash'
[682.638s] INFO:colcon.colcon_core.shell:Creating prefix script '/home/maizaied03/ros2_ws/install/local_setup.zsh'
[682.639s] INFO:colcon.colcon_core.shell:Creating prefix chain script '/home/maizaied03/ros2_ws/install/setup.zsh'
