[0.864s] Invoking command in '/home/maizaied03/ros2_ws/src/multi_drone_offboard': PYTHONPATH=/home/maizaied03/ros2_ws/build/multi_drone_offboard/prefix_override:/usr/lib/python3/dist-packages/colcon_core/task/python/colcon_distutils_commands:/home/maizaied03/ros2_ws/install/multi_drone_offboard/lib/python3.10/site-packages:${PYTHONPATH} /usr/bin/python3 -W ignore:setup.py install is deprecated -W ignore:easy_install command is deprecated setup.py egg_info --egg-base ../../build/multi_drone_offboard build --build-base /home/maizaied03/ros2_ws/build/multi_drone_offboard/build install --record /home/maizaied03/ros2_ws/build/multi_drone_offboard/install.log --single-version-externally-managed install_data
[1.196s] running egg_info
[1.196s] writing ../../build/multi_drone_offboard/multi_drone_offboard.egg-info/PKG-INFO
[1.197s] writing dependency_links to ../../build/multi_drone_offboard/multi_drone_offboard.egg-info/dependency_links.txt
[1.197s] writing entry points to ../../build/multi_drone_offboard/multi_drone_offboard.egg-info/entry_points.txt
[1.197s] writing requirements to ../../build/multi_drone_offboard/multi_drone_offboard.egg-info/requires.txt
[1.197s] writing top-level names to ../../build/multi_drone_offboard/multi_drone_offboard.egg-info/top_level.txt
[1.199s] reading manifest file '../../build/multi_drone_offboard/multi_drone_offboard.egg-info/SOURCES.txt'
[1.200s] writing manifest file '../../build/multi_drone_offboard/multi_drone_offboard.egg-info/SOURCES.txt'
[1.201s] running build
[1.201s] running build_py
[1.201s] copying multi_drone_offboard/offboard_control.py -> /home/maizaied03/ros2_ws/build/multi_drone_offboard/build/lib/multi_drone_offboard
[1.203s] running install
[1.203s] running install_lib
[1.205s] copying /home/maizaied03/ros2_ws/build/multi_drone_offboard/build/lib/multi_drone_offboard/offboard_control.py -> /home/maizaied03/ros2_ws/install/multi_drone_offboard/lib/python3.10/site-packages/multi_drone_offboard
[1.205s] byte-compiling /home/maizaied03/ros2_ws/install/multi_drone_offboard/lib/python3.10/site-packages/multi_drone_offboard/offboard_control.py to offboard_control.cpython-310.pyc
[1.207s] running install_data
[1.207s] running install_egg_info
[1.211s] removing '/home/maizaied03/ros2_ws/install/multi_drone_offboard/lib/python3.10/site-packages/multi_drone_offboard-0.0.0-py3.10.egg-info' (and everything under it)
[1.211s] Copying ../../build/multi_drone_offboard/multi_drone_offboard.egg-info to /home/maizaied03/ros2_ws/install/multi_drone_offboard/lib/python3.10/site-packages/multi_drone_offboard-0.0.0-py3.10.egg-info
[1.212s] running install_scripts
[1.239s] Installing offboard script to /home/maizaied03/ros2_ws/install/multi_drone_offboard/lib/multi_drone_offboard
[1.239s] writing list of installed files to '/home/maizaied03/ros2_ws/build/multi_drone_offboard/install.log'
[1.276s] Invoked command in '/home/maizaied03/ros2_ws/src/multi_drone_offboard' returned '0': PYTHONPATH=/home/maizaied03/ros2_ws/build/multi_drone_offboard/prefix_override:/usr/lib/python3/dist-packages/colcon_core/task/python/colcon_distutils_commands:/home/maizaied03/ros2_ws/install/multi_drone_offboard/lib/python3.10/site-packages:${PYTHONPATH} /usr/bin/python3 -W ignore:setup.py install is deprecated -W ignore:easy_install command is deprecated setup.py egg_info --egg-base ../../build/multi_drone_offboard build --build-base /home/maizaied03/ros2_ws/build/multi_drone_offboard/build install --record /home/maizaied03/ros2_ws/build/multi_drone_offboard/install.log --single-version-externally-managed install_data
