/home/dudz/multi-drone-disaster-response/install/drone_node/lib/python3.12/site-packages/drone_node/camera_bridge_simple.py
/home/dudz/multi-drone-disaster-response/install/drone_node/lib/python3.12/site-packages/drone_node/__init__.py
/home/dudz/multi-drone-disaster-response/install/drone_node/lib/python3.12/site-packages/drone_node/cloud_detector.py
/home/dudz/multi-drone-disaster-response/install/drone_node/lib/python3.12/site-packages/drone_node/drone_naming.py
/home/dudz/multi-drone-disaster-response/install/drone_node/lib/python3.12/site-packages/drone_node/victim_detector.py
/home/dudz/multi-drone-disaster-response/install/drone_node/lib/python3.12/site-packages/drone_node/drone_commander.py
/home/dudz/multi-drone-disaster-response/install/drone_node/lib/python3.12/site-packages/drone_node/drone_reactor.py
/home/dudz/multi-drone-disaster-response/install/drone_node/lib/python3.12/site-packages/drone_node/drone_task_publisher.py
/home/dudz/multi-drone-disaster-response/install/drone_node/lib/python3.12/site-packages/drone_node/drone_status_publisher.py
/home/dudz/multi-drone-disaster-response/install/drone_node/lib/python3.12/site-packages/drone_node/__pycache__/camera_bridge_simple.cpython-312.pyc
/home/dudz/multi-drone-disaster-response/install/drone_node/lib/python3.12/site-packages/drone_node/__pycache__/__init__.cpython-312.pyc
/home/dudz/multi-drone-disaster-response/install/drone_node/lib/python3.12/site-packages/drone_node/__pycache__/cloud_detector.cpython-312.pyc
/home/dudz/multi-drone-disaster-response/install/drone_node/lib/python3.12/site-packages/drone_node/__pycache__/drone_naming.cpython-312.pyc
/home/dudz/multi-drone-disaster-response/install/drone_node/lib/python3.12/site-packages/drone_node/__pycache__/victim_detector.cpython-312.pyc
/home/dudz/multi-drone-disaster-response/install/drone_node/lib/python3.12/site-packages/drone_node/__pycache__/drone_commander.cpython-312.pyc
/home/dudz/multi-drone-disaster-response/install/drone_node/lib/python3.12/site-packages/drone_node/__pycache__/drone_reactor.cpython-312.pyc
/home/dudz/multi-drone-disaster-response/install/drone_node/lib/python3.12/site-packages/drone_node/__pycache__/drone_task_publisher.cpython-312.pyc
/home/dudz/multi-drone-disaster-response/install/drone_node/lib/python3.12/site-packages/drone_node/__pycache__/drone_status_publisher.cpython-312.pyc
/home/dudz/multi-drone-disaster-response/install/drone_node/share/ament_index/resource_index/packages/drone_node
/home/dudz/multi-drone-disaster-response/install/drone_node/share/drone_node/package.xml
/home/dudz/multi-drone-disaster-response/install/drone_node/lib/python3.12/site-packages/drone_node-0.0.0-py3.12.egg-info/zip-safe
/home/dudz/multi-drone-disaster-response/install/drone_node/lib/python3.12/site-packages/drone_node-0.0.0-py3.12.egg-info/entry_points.txt
/home/dudz/multi-drone-disaster-response/install/drone_node/lib/python3.12/site-packages/drone_node-0.0.0-py3.12.egg-info/PKG-INFO
/home/dudz/multi-drone-disaster-response/install/drone_node/lib/python3.12/site-packages/drone_node-0.0.0-py3.12.egg-info/top_level.txt
/home/dudz/multi-drone-disaster-response/install/drone_node/lib/python3.12/site-packages/drone_node-0.0.0-py3.12.egg-info/SOURCES.txt
/home/dudz/multi-drone-disaster-response/install/drone_node/lib/python3.12/site-packages/drone_node-0.0.0-py3.12.egg-info/dependency_links.txt
/home/dudz/multi-drone-disaster-response/install/drone_node/lib/python3.12/site-packages/drone_node-0.0.0-py3.12.egg-info/requires.txt
/home/dudz/multi-drone-disaster-response/install/drone_node/lib/drone_node/camera_bridge_simple
/home/dudz/multi-drone-disaster-response/install/drone_node/lib/drone_node/cloud_detector
/home/dudz/multi-drone-disaster-response/install/drone_node/lib/drone_node/drone_commander
/home/dudz/multi-drone-disaster-response/install/drone_node/lib/drone_node/drone_reactor
/home/dudz/multi-drone-disaster-response/install/drone_node/lib/drone_node/drone_status_publisher
/home/dudz/multi-drone-disaster-response/install/drone_node/lib/drone_node/drone_task_publisher
/home/dudz/multi-drone-disaster-response/install/drone_node/lib/drone_node/victim_detector
