running develop
running egg_info
writing drone_node.egg-info/PKG-INFO
writing dependency_links to drone_node.egg-info/dependency_links.txt
writing entry points to drone_node.egg-info/entry_points.txt
writing requirements to drone_node.egg-info/requires.txt
writing top-level names to drone_node.egg-info/top_level.txt
reading manifest file 'drone_node.egg-info/SOURCES.txt'
writing manifest file 'drone_node.egg-info/SOURCES.txt'
running build_ext
Creating /home/maizaied03/ros2_ws/install/drone_node/lib/python3.10/site-packages/drone-node.egg-link (link to .)
Installing camera_bridge_simple script to /home/maizaied03/ros2_ws/install/drone_node/lib/drone_node
Installing drone_commander script to /home/maizaied03/ros2_ws/install/drone_node/lib/drone_node
Installing drone_reactor script to /home/maizaied03/ros2_ws/install/drone_node/lib/drone_node
Installing drone_status_publisher script to /home/maizaied03/ros2_ws/install/drone_node/lib/drone_node
Installing drone_task_publisher script to /home/maizaied03/ros2_ws/install/drone_node/lib/drone_node

Installed /home/maizaied03/ros2_ws/build/drone_node
running symlink_data
symbolically linking /home/maizaied03/ros2_ws/build/drone_node/resource/drone_node -> /home/maizaied03/ros2_ws/install/drone_node/share/ament_index/resource_index/packages
symbolically linking /home/maizaied03/ros2_ws/build/drone_node/package.xml -> /home/maizaied03/ros2_ws/install/drone_node/share/drone_node
