[0.487s] Invoking command in '/home/maizaied03/ros2_ws/build/drone_node': AMENT_PREFIX_PATH=/home/maizaied03/ros2_ws/install/task_msgs:${AMENT_PREFIX_PATH} CMAKE_PREFIX_PATH=/home/maizaied03/ros2_ws/install/task_msgs LD_LIBRARY_PATH=/home/maizaied03/ros2_ws/install/task_msgs/lib:${LD_LIBRARY_PATH} PYTHONPATH=/home/maizaied03/ros2_ws/build/drone_node/prefix_override:/usr/lib/python3/dist-packages/colcon_core/task/python/colcon_distutils_commands:/home/maizaied03/ros2_ws/install/drone_node/lib/python3.10/site-packages:/home/maizaied03/ros2_ws/install/task_msgs/local/lib/python3.10/dist-packages:${PYTHONPATH} /usr/bin/python3 -W ignore:setup.py install is deprecated -W ignore:easy_install command is deprecated setup.py develop --editable --build-directory /home/maizaied03/ros2_ws/build/drone_node/build --no-deps symlink_data --force
[0.647s] running develop
[0.736s] running egg_info
[0.736s] writing drone_node.egg-info/PKG-INFO
[0.736s] writing dependency_links to drone_node.egg-info/dependency_links.txt
[0.736s] writing entry points to drone_node.egg-info/entry_points.txt
[0.736s] writing requirements to drone_node.egg-info/requires.txt
[0.736s] writing top-level names to drone_node.egg-info/top_level.txt
[0.737s] reading manifest file 'drone_node.egg-info/SOURCES.txt'
[0.738s] writing manifest file 'drone_node.egg-info/SOURCES.txt'
[0.739s] running build_ext
[0.739s] Creating /home/maizaied03/ros2_ws/install/drone_node/lib/python3.10/site-packages/drone-node.egg-link (link to .)
[0.739s] Installing camera_bridge_simple script to /home/maizaied03/ros2_ws/install/drone_node/lib/drone_node
[0.740s] Installing drone_commander script to /home/maizaied03/ros2_ws/install/drone_node/lib/drone_node
[0.740s] Installing drone_reactor script to /home/maizaied03/ros2_ws/install/drone_node/lib/drone_node
[0.740s] Installing drone_status_publisher script to /home/maizaied03/ros2_ws/install/drone_node/lib/drone_node
[0.740s] Installing drone_task_publisher script to /home/maizaied03/ros2_ws/install/drone_node/lib/drone_node
[0.740s] 
[0.740s] Installed /home/maizaied03/ros2_ws/build/drone_node
[0.740s] running symlink_data
[0.740s] symbolically linking /home/maizaied03/ros2_ws/build/drone_node/resource/drone_node -> /home/maizaied03/ros2_ws/install/drone_node/share/ament_index/resource_index/packages
[0.740s] symbolically linking /home/maizaied03/ros2_ws/build/drone_node/package.xml -> /home/maizaied03/ros2_ws/install/drone_node/share/drone_node
[0.759s] Invoked command in '/home/maizaied03/ros2_ws/build/drone_node' returned '0': AMENT_PREFIX_PATH=/home/maizaied03/ros2_ws/install/task_msgs:${AMENT_PREFIX_PATH} CMAKE_PREFIX_PATH=/home/maizaied03/ros2_ws/install/task_msgs LD_LIBRARY_PATH=/home/maizaied03/ros2_ws/install/task_msgs/lib:${LD_LIBRARY_PATH} PYTHONPATH=/home/maizaied03/ros2_ws/build/drone_node/prefix_override:/usr/lib/python3/dist-packages/colcon_core/task/python/colcon_distutils_commands:/home/maizaied03/ros2_ws/install/drone_node/lib/python3.10/site-packages:/home/maizaied03/ros2_ws/install/task_msgs/local/lib/python3.10/dist-packages:${PYTHONPATH} /usr/bin/python3 -W ignore:setup.py install is deprecated -W ignore:easy_install command is deprecated setup.py develop --editable --build-directory /home/maizaied03/ros2_ws/build/drone_node/build --no-deps symlink_data --force
