/home/dudz/multi-drone-disaster-response/install/fog_node/lib/python3.12/site-packages/fog_node/detection_sim.py
/home/dudz/multi-drone-disaster-response/install/fog_node/lib/python3.12/site-packages/fog_node/__init__.py
/home/dudz/multi-drone-disaster-response/install/fog_node/lib/python3.12/site-packages/fog_node/drone_naming.py
/home/dudz/multi-drone-disaster-response/install/fog_node/lib/python3.12/site-packages/fog_node/fog_server.py
/home/dudz/multi-drone-disaster-response/install/fog_node/lib/python3.12/site-packages/fog_node/decision_node.py
/home/dudz/multi-drone-disaster-response/install/fog_node/lib/python3.12/site-packages/fog_node/__pycache__/detection_sim.cpython-312.pyc
/home/dudz/multi-drone-disaster-response/install/fog_node/lib/python3.12/site-packages/fog_node/__pycache__/__init__.cpython-312.pyc
/home/dudz/multi-drone-disaster-response/install/fog_node/lib/python3.12/site-packages/fog_node/__pycache__/drone_naming.cpython-312.pyc
/home/dudz/multi-drone-disaster-response/install/fog_node/lib/python3.12/site-packages/fog_node/__pycache__/fog_server.cpython-312.pyc
/home/dudz/multi-drone-disaster-response/install/fog_node/lib/python3.12/site-packages/fog_node/__pycache__/decision_node.cpython-312.pyc
/home/dudz/multi-drone-disaster-response/install/fog_node/share/ament_index/resource_index/packages/fog_node
/home/dudz/multi-drone-disaster-response/install/fog_node/share/fog_node/package.xml
/home/dudz/multi-drone-disaster-response/install/fog_node/lib/python3.12/site-packages/fog_node-0.0.0-py3.12.egg-info/zip-safe
/home/dudz/multi-drone-disaster-response/install/fog_node/lib/python3.12/site-packages/fog_node-0.0.0-py3.12.egg-info/entry_points.txt
/home/dudz/multi-drone-disaster-response/install/fog_node/lib/python3.12/site-packages/fog_node-0.0.0-py3.12.egg-info/PKG-INFO
/home/dudz/multi-drone-disaster-response/install/fog_node/lib/python3.12/site-packages/fog_node-0.0.0-py3.12.egg-info/top_level.txt
/home/dudz/multi-drone-disaster-response/install/fog_node/lib/python3.12/site-packages/fog_node-0.0.0-py3.12.egg-info/SOURCES.txt
/home/dudz/multi-drone-disaster-response/install/fog_node/lib/python3.12/site-packages/fog_node-0.0.0-py3.12.egg-info/dependency_links.txt
/home/dudz/multi-drone-disaster-response/install/fog_node/lib/python3.12/site-packages/fog_node-0.0.0-py3.12.egg-info/requires.txt
/home/dudz/multi-drone-disaster-response/install/fog_node/lib/fog_node/decision_node
/home/dudz/multi-drone-disaster-response/install/fog_node/lib/fog_node/detection_sim
/home/dudz/multi-drone-disaster-response/install/fog_node/lib/fog_node/fog_server
