[0.834s] Invoking command in '/home/maizaied03/ros2_ws/src/multi_drone_offboard': AMENT_PREFIX_PATH=/home/maizaied03/ros2_ws/install/px4_msgs:${AMENT_PREFIX_PATH} CMAKE_PREFIX_PATH=/home/maizaied03/ros2_ws/install/px4_msgs LD_LIBRARY_PATH=/home/maizaied03/ros2_ws/install/px4_msgs/lib:${LD_LIBRARY_PATH} PYTHONPATH=/home/maizaied03/ros2_ws/build/multi_drone_offboard/prefix_override:/usr/lib/python3/dist-packages/colcon_core/task/python/colcon_distutils_commands:/home/maizaied03/ros2_ws/install/multi_drone_offboard/lib/python3.10/site-packages:/home/maizaied03/ros2_ws/install/px4_msgs/local/lib/python3.10/dist-packages:${PYTHONPATH} /usr/bin/python3 -W ignore:setup.py install is deprecated -W ignore:easy_install command is deprecated setup.py egg_info --egg-base ../../build/multi_drone_offboard build --build-base /home/maizaied03/ros2_ws/build/multi_drone_offboard/build install --record /home/maizaied03/ros2_ws/build/multi_drone_offboard/install.log --single-version-externally-managed install_data
[1.098s] running egg_info
[1.099s] writing ../../build/multi_drone_offboard/multi_drone_offboard.egg-info/PKG-INFO
[1.099s] writing dependency_links to ../../build/multi_drone_offboard/multi_drone_offboard.egg-info/dependency_links.txt
[1.099s] writing entry points to ../../build/multi_drone_offboard/multi_drone_offboard.egg-info/entry_points.txt
[1.099s] writing requirements to ../../build/multi_drone_offboard/multi_drone_offboard.egg-info/requires.txt
[1.099s] writing top-level names to ../../build/multi_drone_offboard/multi_drone_offboard.egg-info/top_level.txt
[1.102s] reading manifest file '../../build/multi_drone_offboard/multi_drone_offboard.egg-info/SOURCES.txt'
[1.103s] writing manifest file '../../build/multi_drone_offboard/multi_drone_offboard.egg-info/SOURCES.txt'
[1.103s] running build
[1.103s] running build_py
[1.104s] running install
[1.105s] running install_lib
[1.106s] running install_data
[1.106s] running install_egg_info
[1.107s] removing '/home/maizaied03/ros2_ws/install/multi_drone_offboard/lib/python3.10/site-packages/multi_drone_offboard-0.0.0-py3.10.egg-info' (and everything under it)
[1.108s] Copying ../../build/multi_drone_offboard/multi_drone_offboard.egg-info to /home/maizaied03/ros2_ws/install/multi_drone_offboard/lib/python3.10/site-packages/multi_drone_offboard-0.0.0-py3.10.egg-info
[1.108s] running install_scripts
[1.130s] Installing offboard script to /home/maizaied03/ros2_ws/install/multi_drone_offboard/lib/multi_drone_offboard
[1.131s] writing list of installed files to '/home/maizaied03/ros2_ws/build/multi_drone_offboard/install.log'
[1.172s] Invoked command in '/home/maizaied03/ros2_ws/src/multi_drone_offboard' returned '0': AMENT_PREFIX_PATH=/home/maizaied03/ros2_ws/install/px4_msgs:${AMENT_PREFIX_PATH} CMAKE_PREFIX_PATH=/home/maizaied03/ros2_ws/install/px4_msgs LD_LIBRARY_PATH=/home/maizaied03/ros2_ws/install/px4_msgs/lib:${LD_LIBRARY_PATH} PYTHONPATH=/home/maizaied03/ros2_ws/build/multi_drone_offboard/prefix_override:/usr/lib/python3/dist-packages/colcon_core/task/python/colcon_distutils_commands:/home/maizaied03/ros2_ws/install/multi_drone_offboard/lib/python3.10/site-packages:/home/maizaied03/ros2_ws/install/px4_msgs/local/lib/python3.10/dist-packages:${PYTHONPATH} /usr/bin/python3 -W ignore:setup.py install is deprecated -W ignore:easy_install command is deprecated setup.py egg_info --egg-base ../../build/multi_drone_offboard build --build-base /home/maizaied03/ros2_ws/build/multi_drone_offboard/build install --record /home/maizaied03/ros2_ws/build/multi_drone_offboard/install.log --single-version-externally-managed install_data
