[0.713s] Invoking command in '/home/maizaied03/ros2_ws/src/drone_node': AMENT_PREFIX_PATH=/home/maizaied03/ros2_ws/install/task_msgs:${AMENT_PREFIX_PATH} CMAKE_PREFIX_PATH=/home/maizaied03/ros2_ws/install/task_msgs LD_LIBRARY_PATH=/home/maizaied03/ros2_ws/install/task_msgs/lib:${LD_LIBRARY_PATH} PYTHONPATH=/home/maizaied03/ros2_ws/build/drone_node/prefix_override:/usr/lib/python3/dist-packages/colcon_core/task/python/colcon_distutils_commands:/home/maizaied03/ros2_ws/install/drone_node/lib/python3.10/site-packages:/home/maizaied03/ros2_ws/install/task_msgs/local/lib/python3.10/dist-packages:${PYTHONPATH} /usr/bin/python3 -W ignore:setup.py install is deprecated -W ignore:easy_install command is deprecated setup.py egg_info --egg-base ../../build/drone_node build --build-base /home/maizaied03/ros2_ws/build/drone_node/build install --record /home/maizaied03/ros2_ws/build/drone_node/install.log --single-version-externally-managed install_data
[0.888s] running egg_info
[0.889s] writing ../../build/drone_node/drone_node.egg-info/PKG-INFO
[0.889s] writing dependency_links to ../../build/drone_node/drone_node.egg-info/dependency_links.txt
[0.889s] writing entry points to ../../build/drone_node/drone_node.egg-info/entry_points.txt
[0.890s] writing requirements to ../../build/drone_node/drone_node.egg-info/requires.txt
[0.890s] writing top-level names to ../../build/drone_node/drone_node.egg-info/top_level.txt
[0.891s] reading manifest file '../../build/drone_node/drone_node.egg-info/SOURCES.txt'
[0.893s] writing manifest file '../../build/drone_node/drone_node.egg-info/SOURCES.txt'
[0.893s] running build
[0.893s] running build_py
[0.893s] copying drone_node/drone_commander.py -> /home/maizaied03/ros2_ws/build/drone_node/build/lib/drone_node
[0.893s] running install
[0.894s] running install_lib
[0.894s] copying /home/maizaied03/ros2_ws/build/drone_node/build/lib/drone_node/drone_commander.py -> /home/maizaied03/ros2_ws/install/drone_node/lib/python3.10/site-packages/drone_node
[0.895s] byte-compiling /home/maizaied03/ros2_ws/install/drone_node/lib/python3.10/site-packages/drone_node/drone_commander.py to drone_commander.cpython-310.pyc
[0.897s] running install_data
[0.897s] running install_egg_info
[0.898s] removing '/home/maizaied03/ros2_ws/install/drone_node/lib/python3.10/site-packages/drone_node-0.0.0-py3.10.egg-info' (and everything under it)
[0.898s] Copying ../../build/drone_node/drone_node.egg-info to /home/maizaied03/ros2_ws/install/drone_node/lib/python3.10/site-packages/drone_node-0.0.0-py3.10.egg-info
[0.899s] running install_scripts
[0.914s] Installing camera_bridge_simple script to /home/maizaied03/ros2_ws/install/drone_node/lib/drone_node
[0.914s] Installing drone_commander script to /home/maizaied03/ros2_ws/install/drone_node/lib/drone_node
[0.914s] Installing drone_reactor script to /home/maizaied03/ros2_ws/install/drone_node/lib/drone_node
[0.914s] Installing drone_status_publisher script to /home/maizaied03/ros2_ws/install/drone_node/lib/drone_node
[0.914s] Installing drone_task_publisher script to /home/maizaied03/ros2_ws/install/drone_node/lib/drone_node
[0.915s] writing list of installed files to '/home/maizaied03/ros2_ws/build/drone_node/install.log'
[0.942s] Invoked command in '/home/maizaied03/ros2_ws/src/drone_node' returned '0': AMENT_PREFIX_PATH=/home/maizaied03/ros2_ws/install/task_msgs:${AMENT_PREFIX_PATH} CMAKE_PREFIX_PATH=/home/maizaied03/ros2_ws/install/task_msgs LD_LIBRARY_PATH=/home/maizaied03/ros2_ws/install/task_msgs/lib:${LD_LIBRARY_PATH} PYTHONPATH=/home/maizaied03/ros2_ws/build/drone_node/prefix_override:/usr/lib/python3/dist-packages/colcon_core/task/python/colcon_distutils_commands:/home/maizaied03/ros2_ws/install/drone_node/lib/python3.10/site-packages:/home/maizaied03/ros2_ws/install/task_msgs/local/lib/python3.10/dist-packages:${PYTHONPATH} /usr/bin/python3 -W ignore:setup.py install is deprecated -W ignore:easy_install command is deprecated setup.py egg_info --egg-base ../../build/drone_node build --build-base /home/maizaied03/ros2_ws/build/drone_node/build install --record /home/maizaied03/ros2_ws/build/drone_node/install.log --single-version-externally-managed install_data
