[0.063s] DEBUG:colcon:Command line arguments: ['/usr/bin/colcon', 'build', '--packages-select', 'px4_msgs', 'fog_node']
[0.063s] DEBUG:colcon:Parsed command line arguments: Namespace(log_base=None, log_level=None, verb_name='build', build_base='build', install_base='install', merge_install=False, symlink_install=False, test_result_base=None, continue_on_error=False, executor='parallel', parallel_workers=8, event_handlers=None, ignore_user_meta=False, metas=['./colcon.meta'], base_paths=['.'], packages_ignore=None, packages_ignore_regex=None, paths=None, packages_up_to=None, packages_up_to_regex=None, packages_above=None, packages_above_and_dependencies=None, packages_above_depth=None, packages_select_by_dep=None, packages_skip_by_dep=None, packages_skip_up_to=None, packages_select_build_failed=False, packages_skip_build_finished=False, packages_select_test_failures=False, packages_skip_test_passed=False, packages_select=['px4_msgs', 'fog_node'], packages_skip=None, packages_select_regex=None, packages_skip_regex=None, packages_start=None, packages_end=None, allow_overriding=[], cmake_args=None, cmake_target=None, cmake_target_skip_unavailable=False, cmake_clean_cache=False, cmake_clean_first=False, cmake_force_configure=False, ament_cmake_args=None, catkin_cmake_args=None, catkin_skip_building_tests=False, verb_parser=<colcon_defaults.argument_parser.defaults.DefaultArgumentsDecorator object at 0x7909fc960c40>, verb_extension=<colcon_core.verb.build.BuildVerb object at 0x7909fcad62c0>, main=<bound method BuildVerb.main of <colcon_core.verb.build.BuildVerb object at 0x7909fcad62c0>>)
[0.161s] Level 1:colcon.colcon_core.package_discovery:discover_packages(colcon_meta) check parameters
[0.161s] Level 1:colcon.colcon_core.package_discovery:discover_packages(recursive) check parameters
[0.161s] Level 1:colcon.colcon_core.package_discovery:discover_packages(ignore) check parameters
[0.161s] Level 1:colcon.colcon_core.package_discovery:discover_packages(path) check parameters
[0.161s] Level 1:colcon.colcon_core.package_discovery:discover_packages(colcon_meta) discover
[0.161s] Level 1:colcon.colcon_core.package_discovery:discover_packages(recursive) discover
[0.161s] INFO:colcon.colcon_core.package_discovery:Crawling recursively for packages in '/home/maizaied03/ros2_ws'
[0.161s] Level 1:colcon.colcon_core.package_identification:_identify(.) by extensions ['ignore', 'ignore_ament_install']
[0.161s] Level 1:colcon.colcon_core.package_identification:_identify(.) by extension 'ignore'
[0.161s] Level 1:colcon.colcon_core.package_identification:_identify(.) by extension 'ignore_ament_install'
[0.161s] Level 1:colcon.colcon_core.package_identification:_identify(.) by extensions ['colcon_pkg']
[0.161s] Level 1:colcon.colcon_core.package_identification:_identify(.) by extension 'colcon_pkg'
[0.162s] Level 1:colcon.colcon_core.package_identification:_identify(.) by extensions ['colcon_meta']
[0.162s] Level 1:colcon.colcon_core.package_identification:_identify(.) by extension 'colcon_meta'
[0.162s] Level 1:colcon.colcon_core.package_identification:_identify(.) by extensions ['ros']
[0.162s] Level 1:colcon.colcon_core.package_identification:_identify(.) by extension 'ros'
[0.169s] Level 1:colcon.colcon_core.package_identification:_identify(.) by extensions ['cmake', 'python']
[0.169s] Level 1:colcon.colcon_core.package_identification:_identify(.) by extension 'cmake'
[0.169s] Level 1:colcon.colcon_core.package_identification:_identify(.) by extension 'python'
[0.169s] Level 1:colcon.colcon_core.package_identification:_identify(.) by extensions ['python_setup_py']
[0.169s] Level 1:colcon.colcon_core.package_identification:_identify(.) by extension 'python_setup_py'
[0.169s] Level 1:colcon.colcon_core.package_identification:_identify(build) by extensions ['ignore', 'ignore_ament_install']
[0.169s] Level 1:colcon.colcon_core.package_identification:_identify(build) by extension 'ignore'
[0.169s] Level 1:colcon.colcon_core.package_identification:_identify(build) ignored
[0.169s] Level 1:colcon.colcon_core.package_identification:_identify(install) by extensions ['ignore', 'ignore_ament_install']
[0.169s] Level 1:colcon.colcon_core.package_identification:_identify(install) by extension 'ignore'
[0.169s] Level 1:colcon.colcon_core.package_identification:_identify(install) ignored
[0.169s] Level 1:colcon.colcon_core.package_identification:_identify(log) by extensions ['ignore', 'ignore_ament_install']
[0.169s] Level 1:colcon.colcon_core.package_identification:_identify(log) by extension 'ignore'
[0.169s] Level 1:colcon.colcon_core.package_identification:_identify(log) ignored
[0.169s] Level 1:colcon.colcon_core.package_identification:_identify(src) by extensions ['ignore', 'ignore_ament_install']
[0.169s] Level 1:colcon.colcon_core.package_identification:_identify(src) by extension 'ignore'
[0.169s] Level 1:colcon.colcon_core.package_identification:_identify(src) by extension 'ignore_ament_install'
[0.169s] Level 1:colcon.colcon_core.package_identification:_identify(src) by extensions ['colcon_pkg']
[0.169s] Level 1:colcon.colcon_core.package_identification:_identify(src) by extension 'colcon_pkg'
[0.169s] Level 1:colcon.colcon_core.package_identification:_identify(src) by extensions ['colcon_meta']
[0.169s] Level 1:colcon.colcon_core.package_identification:_identify(src) by extension 'colcon_meta'
[0.169s] Level 1:colcon.colcon_core.package_identification:_identify(src) by extensions ['ros']
[0.169s] Level 1:colcon.colcon_core.package_identification:_identify(src) by extension 'ros'
[0.170s] Level 1:colcon.colcon_core.package_identification:_identify(src) by extensions ['cmake', 'python']
[0.170s] Level 1:colcon.colcon_core.package_identification:_identify(src) by extension 'cmake'
[0.170s] Level 1:colcon.colcon_core.package_identification:_identify(src) by extension 'python'
[0.170s] Level 1:colcon.colcon_core.package_identification:_identify(src) by extensions ['python_setup_py']
[0.170s] Level 1:colcon.colcon_core.package_identification:_identify(src) by extension 'python_setup_py'
[0.170s] Level 1:colcon.colcon_core.package_identification:_identify(src/drone_node) by extensions ['ignore', 'ignore_ament_install']
[0.170s] Level 1:colcon.colcon_core.package_identification:_identify(src/drone_node) by extension 'ignore'
[0.170s] Level 1:colcon.colcon_core.package_identification:_identify(src/drone_node) by extension 'ignore_ament_install'
[0.170s] Level 1:colcon.colcon_core.package_identification:_identify(src/drone_node) by extensions ['colcon_pkg']
[0.170s] Level 1:colcon.colcon_core.package_identification:_identify(src/drone_node) by extension 'colcon_pkg'
[0.170s] Level 1:colcon.colcon_core.package_identification:_identify(src/drone_node) by extensions ['colcon_meta']
[0.170s] Level 1:colcon.colcon_core.package_identification:_identify(src/drone_node) by extension 'colcon_meta'
[0.170s] Level 1:colcon.colcon_core.package_identification:_identify(src/drone_node) by extensions ['ros']
[0.170s] Level 1:colcon.colcon_core.package_identification:_identify(src/drone_node) by extension 'ros'
[0.171s] DEBUG:colcon.colcon_core.package_identification:Package 'src/drone_node' with type 'ros.ament_python' and name 'drone_node'
[0.172s] Level 1:colcon.colcon_core.package_identification:_identify(src/fog_node) by extensions ['ignore', 'ignore_ament_install']
[0.172s] Level 1:colcon.colcon_core.package_identification:_identify(src/fog_node) by extension 'ignore'
[0.172s] Level 1:colcon.colcon_core.package_identification:_identify(src/fog_node) by extension 'ignore_ament_install'
[0.172s] Level 1:colcon.colcon_core.package_identification:_identify(src/fog_node) by extensions ['colcon_pkg']
[0.172s] Level 1:colcon.colcon_core.package_identification:_identify(src/fog_node) by extension 'colcon_pkg'
[0.172s] Level 1:colcon.colcon_core.package_identification:_identify(src/fog_node) by extensions ['colcon_meta']
[0.172s] Level 1:colcon.colcon_core.package_identification:_identify(src/fog_node) by extension 'colcon_meta'
[0.172s] Level 1:colcon.colcon_core.package_identification:_identify(src/fog_node) by extensions ['ros']
[0.172s] Level 1:colcon.colcon_core.package_identification:_identify(src/fog_node) by extension 'ros'
[0.172s] DEBUG:colcon.colcon_core.package_identification:Package 'src/fog_node' with type 'ros.ament_python' and name 'fog_node'
[0.172s] Level 1:colcon.colcon_core.package_identification:_identify(src/multi_drone_offboard) by extensions ['ignore', 'ignore_ament_install']
[0.172s] Level 1:colcon.colcon_core.package_identification:_identify(src/multi_drone_offboard) by extension 'ignore'
[0.172s] Level 1:colcon.colcon_core.package_identification:_identify(src/multi_drone_offboard) by extension 'ignore_ament_install'
[0.172s] Level 1:colcon.colcon_core.package_identification:_identify(src/multi_drone_offboard) by extensions ['colcon_pkg']
[0.172s] Level 1:colcon.colcon_core.package_identification:_identify(src/multi_drone_offboard) by extension 'colcon_pkg'
[0.172s] Level 1:colcon.colcon_core.package_identification:_identify(src/multi_drone_offboard) by extensions ['colcon_meta']
[0.172s] Level 1:colcon.colcon_core.package_identification:_identify(src/multi_drone_offboard) by extension 'colcon_meta'
[0.172s] Level 1:colcon.colcon_core.package_identification:_identify(src/multi_drone_offboard) by extensions ['ros']
[0.172s] Level 1:colcon.colcon_core.package_identification:_identify(src/multi_drone_offboard) by extension 'ros'
[0.173s] DEBUG:colcon.colcon_core.package_identification:Package 'src/multi_drone_offboard' with type 'ros.ament_python' and name 'multi_drone_offboard'
[0.173s] Level 1:colcon.colcon_core.package_identification:_identify(src/px4_msgs) by extensions ['ignore', 'ignore_ament_install']
[0.173s] Level 1:colcon.colcon_core.package_identification:_identify(src/px4_msgs) by extension 'ignore'
[0.173s] Level 1:colcon.colcon_core.package_identification:_identify(src/px4_msgs) by extension 'ignore_ament_install'
[0.173s] Level 1:colcon.colcon_core.package_identification:_identify(src/px4_msgs) by extensions ['colcon_pkg']
[0.173s] Level 1:colcon.colcon_core.package_identification:_identify(src/px4_msgs) by extension 'colcon_pkg'
[0.173s] Level 1:colcon.colcon_core.package_identification:_identify(src/px4_msgs) by extensions ['colcon_meta']
[0.173s] Level 1:colcon.colcon_core.package_identification:_identify(src/px4_msgs) by extension 'colcon_meta'
[0.173s] Level 1:colcon.colcon_core.package_identification:_identify(src/px4_msgs) by extensions ['ros']
[0.173s] Level 1:colcon.colcon_core.package_identification:_identify(src/px4_msgs) by extension 'ros'
[0.174s] DEBUG:colcon.colcon_core.package_identification:Package 'src/px4_msgs' with type 'ros.ament_cmake' and name 'px4_msgs'
[0.174s] Level 1:colcon.colcon_core.package_discovery:discover_packages(recursive) using defaults
[0.174s] Level 1:colcon.colcon_core.package_discovery:discover_packages(ignore) discover
[0.174s] Level 1:colcon.colcon_core.package_discovery:discover_packages(ignore) using defaults
[0.174s] Level 1:colcon.colcon_core.package_discovery:discover_packages(path) discover
[0.174s] Level 1:colcon.colcon_core.package_discovery:discover_packages(path) using defaults
[0.195s] INFO:colcon.colcon_core.package_selection:Skipping not selected package 'drone_node' in 'src/drone_node'
[0.195s] INFO:colcon.colcon_core.package_selection:Skipping not selected package 'multi_drone_offboard' in 'src/multi_drone_offboard'
[0.196s] Level 1:colcon.colcon_core.package_discovery:discover_packages(prefix_path) check parameters
[0.196s] Level 1:colcon.colcon_core.package_discovery:discover_packages(prefix_path) discover
[0.197s] DEBUG:colcon.colcon_installed_package_information.package_discovery:Found 4 installed packages in /home/maizaied03/ros2_ws/install
[0.197s] DEBUG:colcon.colcon_installed_package_information.package_discovery:Found 291 installed packages in /opt/ros/humble
[0.198s] Level 1:colcon.colcon_core.package_discovery:discover_packages(prefix_path) using defaults
[0.234s] WARNING:colcon.colcon_core.package_selection:Some selected packages are already built in one or more underlay workspaces:
	'px4_msgs' is in: /home/maizaied03/ros2_ws/install/px4_msgs
If a package in a merged underlay workspace is overridden and it installs headers, then all packages in the overlay must sort their include directories by workspace order. Failure to do so may result in build failures or undefined behavior at run time.
If the overridden package is used by another package in any underlay, then the overriding package in the overlay must be API and ABI compatible or undefined behavior at run time may occur.

If you understand the risks and want to override a package anyways, add the following to the command line:
	--allow-overriding px4_msgs

This may be promoted to an error in a future release of colcon-override-check.
[0.235s] Level 5:colcon.colcon_core.verb:set package 'px4_msgs' build argument 'cmake_args' from command line to 'None'
[0.235s] Level 5:colcon.colcon_core.verb:set package 'px4_msgs' build argument 'cmake_target' from command line to 'None'
[0.235s] Level 5:colcon.colcon_core.verb:set package 'px4_msgs' build argument 'cmake_target_skip_unavailable' from command line to 'False'
[0.235s] Level 5:colcon.colcon_core.verb:set package 'px4_msgs' build argument 'cmake_clean_cache' from command line to 'False'
[0.235s] Level 5:colcon.colcon_core.verb:set package 'px4_msgs' build argument 'cmake_clean_first' from command line to 'False'
[0.235s] Level 5:colcon.colcon_core.verb:set package 'px4_msgs' build argument 'cmake_force_configure' from command line to 'False'
[0.235s] Level 5:colcon.colcon_core.verb:set package 'px4_msgs' build argument 'ament_cmake_args' from command line to 'None'
[0.235s] Level 5:colcon.colcon_core.verb:set package 'px4_msgs' build argument 'catkin_cmake_args' from command line to 'None'
[0.235s] Level 5:colcon.colcon_core.verb:set package 'px4_msgs' build argument 'catkin_skip_building_tests' from command line to 'False'
[0.235s] DEBUG:colcon.colcon_core.verb:Building package 'px4_msgs' with the following arguments: {'ament_cmake_args': None, 'build_base': '/home/maizaied03/ros2_ws/build/px4_msgs', 'catkin_cmake_args': None, 'catkin_skip_building_tests': False, 'cmake_args': None, 'cmake_clean_cache': False, 'cmake_clean_first': False, 'cmake_force_configure': False, 'cmake_target': None, 'cmake_target_skip_unavailable': False, 'install_base': '/home/maizaied03/ros2_ws/install/px4_msgs', 'merge_install': False, 'path': '/home/maizaied03/ros2_ws/src/px4_msgs', 'symlink_install': False, 'test_result_base': None}
[0.236s] Level 5:colcon.colcon_core.verb:set package 'fog_node' build argument 'cmake_args' from command line to 'None'
[0.236s] Level 5:colcon.colcon_core.verb:set package 'fog_node' build argument 'cmake_target' from command line to 'None'
[0.236s] Level 5:colcon.colcon_core.verb:set package 'fog_node' build argument 'cmake_target_skip_unavailable' from command line to 'False'
[0.236s] Level 5:colcon.colcon_core.verb:set package 'fog_node' build argument 'cmake_clean_cache' from command line to 'False'
[0.236s] Level 5:colcon.colcon_core.verb:set package 'fog_node' build argument 'cmake_clean_first' from command line to 'False'
[0.236s] Level 5:colcon.colcon_core.verb:set package 'fog_node' build argument 'cmake_force_configure' from command line to 'False'
[0.236s] Level 5:colcon.colcon_core.verb:set package 'fog_node' build argument 'ament_cmake_args' from command line to 'None'
[0.236s] Level 5:colcon.colcon_core.verb:set package 'fog_node' build argument 'catkin_cmake_args' from command line to 'None'
[0.236s] Level 5:colcon.colcon_core.verb:set package 'fog_node' build argument 'catkin_skip_building_tests' from command line to 'False'
[0.236s] DEBUG:colcon.colcon_core.verb:Building package 'fog_node' with the following arguments: {'ament_cmake_args': None, 'build_base': '/home/maizaied03/ros2_ws/build/fog_node', 'catkin_cmake_args': None, 'catkin_skip_building_tests': False, 'cmake_args': None, 'cmake_clean_cache': False, 'cmake_clean_first': False, 'cmake_force_configure': False, 'cmake_target': None, 'cmake_target_skip_unavailable': False, 'install_base': '/home/maizaied03/ros2_ws/install/fog_node', 'merge_install': False, 'path': '/home/maizaied03/ros2_ws/src/fog_node', 'symlink_install': False, 'test_result_base': None}
[0.236s] INFO:colcon.colcon_core.executor:Executing jobs using 'parallel' executor
[0.237s] DEBUG:colcon.colcon_parallel_executor.executor.parallel:run_until_complete
[0.237s] INFO:colcon.colcon_ros.task.ament_cmake.build:Building ROS package in '/home/maizaied03/ros2_ws/src/px4_msgs' with build type 'ament_cmake'
[0.238s] INFO:colcon.colcon_cmake.task.cmake.build:Building CMake package in '/home/maizaied03/ros2_ws/src/px4_msgs'
[0.239s] INFO:colcon.colcon_core.plugin_system:Skipping extension 'colcon_core.shell.bat': Not used on non-Windows systems
[0.239s] INFO:colcon.colcon_core.shell:Skip shell extension 'powershell' for command environment: Not usable outside of PowerShell
[0.240s] DEBUG:colcon.colcon_core.shell:Skip shell extension 'dsv' for command environment
[0.247s] DEBUG:colcon.colcon_core.event_handler.log_command:Invoking command in '/home/maizaied03/ros2_ws/build/px4_msgs': CMAKE_PREFIX_PATH=${CMAKE_PREFIX_PATH}:/home/maizaied03/ros2_ws/install/multi_drone_offboard:/home/maizaied03/ros2_ws/install/fog_node:/home/maizaied03/ros2_ws/install/drone_node:/opt/ros/humble /usr/bin/cmake --build /home/maizaied03/ros2_ws/build/px4_msgs -- -j8 -l8
[0.910s] DEBUG:colcon.colcon_core.event_handler.log_command:Invoked command in '/home/maizaied03/ros2_ws/build/px4_msgs' returned '0': CMAKE_PREFIX_PATH=${CMAKE_PREFIX_PATH}:/home/maizaied03/ros2_ws/install/multi_drone_offboard:/home/maizaied03/ros2_ws/install/fog_node:/home/maizaied03/ros2_ws/install/drone_node:/opt/ros/humble /usr/bin/cmake --build /home/maizaied03/ros2_ws/build/px4_msgs -- -j8 -l8
[0.917s] DEBUG:colcon.colcon_core.event_handler.log_command:Invoking command in '/home/maizaied03/ros2_ws/build/px4_msgs': CMAKE_PREFIX_PATH=${CMAKE_PREFIX_PATH}:/home/maizaied03/ros2_ws/install/multi_drone_offboard:/home/maizaied03/ros2_ws/install/fog_node:/home/maizaied03/ros2_ws/install/drone_node:/opt/ros/humble /usr/bin/cmake --install /home/maizaied03/ros2_ws/build/px4_msgs
[1.149s] Level 1:colcon.colcon_core.environment:create_environment_scripts_only(px4_msgs)
[1.149s] DEBUG:colcon.colcon_core.event_handler.log_command:Invoked command in '/home/maizaied03/ros2_ws/build/px4_msgs' returned '0': CMAKE_PREFIX_PATH=${CMAKE_PREFIX_PATH}:/home/maizaied03/ros2_ws/install/multi_drone_offboard:/home/maizaied03/ros2_ws/install/fog_node:/home/maizaied03/ros2_ws/install/drone_node:/opt/ros/humble /usr/bin/cmake --install /home/maizaied03/ros2_ws/build/px4_msgs
[1.150s] Level 1:colcon.colcon_core.environment:checking '/home/maizaied03/ros2_ws/install/px4_msgs' for CMake module files
[1.151s] Level 1:colcon.colcon_core.environment:checking '/home/maizaied03/ros2_ws/install/px4_msgs' for CMake config files
[1.154s] Level 1:colcon.colcon_core.shell:create_environment_hook('px4_msgs', 'cmake_prefix_path')
[1.154s] INFO:colcon.colcon_core.shell:Creating environment hook '/home/maizaied03/ros2_ws/install/px4_msgs/share/px4_msgs/hook/cmake_prefix_path.ps1'
[1.154s] INFO:colcon.colcon_core.shell:Creating environment descriptor '/home/maizaied03/ros2_ws/install/px4_msgs/share/px4_msgs/hook/cmake_prefix_path.dsv'
[1.155s] INFO:colcon.colcon_core.shell:Creating environment hook '/home/maizaied03/ros2_ws/install/px4_msgs/share/px4_msgs/hook/cmake_prefix_path.sh'
[1.155s] Level 1:colcon.colcon_core.environment:checking '/home/maizaied03/ros2_ws/install/px4_msgs/lib'
[1.155s] Level 1:colcon.colcon_core.shell:create_environment_hook('px4_msgs', 'ld_library_path_lib')
[1.156s] INFO:colcon.colcon_core.shell:Creating environment hook '/home/maizaied03/ros2_ws/install/px4_msgs/share/px4_msgs/hook/ld_library_path_lib.ps1'
[1.156s] INFO:colcon.colcon_core.shell:Creating environment descriptor '/home/maizaied03/ros2_ws/install/px4_msgs/share/px4_msgs/hook/ld_library_path_lib.dsv'
[1.156s] INFO:colcon.colcon_core.shell:Creating environment hook '/home/maizaied03/ros2_ws/install/px4_msgs/share/px4_msgs/hook/ld_library_path_lib.sh'
[1.156s] Level 1:colcon.colcon_core.environment:checking '/home/maizaied03/ros2_ws/install/px4_msgs/bin'
[1.156s] Level 1:colcon.colcon_core.environment:checking '/home/maizaied03/ros2_ws/install/px4_msgs/lib/pkgconfig/px4_msgs.pc'
[1.156s] Level 1:colcon.colcon_core.environment:checking '/home/maizaied03/ros2_ws/install/px4_msgs/lib/python3.10/site-packages'
[1.157s] Level 1:colcon.colcon_core.environment:checking '/home/maizaied03/ros2_ws/install/px4_msgs/bin'
[1.157s] INFO:colcon.colcon_core.shell:Creating package script '/home/maizaied03/ros2_ws/install/px4_msgs/share/px4_msgs/package.ps1'
[1.157s] INFO:colcon.colcon_core.shell:Creating package descriptor '/home/maizaied03/ros2_ws/install/px4_msgs/share/px4_msgs/package.dsv'
[1.158s] INFO:colcon.colcon_core.shell:Creating package script '/home/maizaied03/ros2_ws/install/px4_msgs/share/px4_msgs/package.sh'
[1.158s] INFO:colcon.colcon_core.shell:Creating package script '/home/maizaied03/ros2_ws/install/px4_msgs/share/px4_msgs/package.bash'
[1.159s] INFO:colcon.colcon_core.shell:Creating package script '/home/maizaied03/ros2_ws/install/px4_msgs/share/px4_msgs/package.zsh'
[1.159s] Level 1:colcon.colcon_core.environment:create_file_with_runtime_dependencies(/home/maizaied03/ros2_ws/install/px4_msgs/share/colcon-core/packages/px4_msgs)
[1.159s] Level 1:colcon.colcon_core.environment:create_environment_scripts_only(px4_msgs)
[1.159s] Level 1:colcon.colcon_core.environment:checking '/home/maizaied03/ros2_ws/install/px4_msgs' for CMake module files
[1.160s] Level 1:colcon.colcon_core.environment:checking '/home/maizaied03/ros2_ws/install/px4_msgs' for CMake config files
[1.163s] Level 1:colcon.colcon_core.shell:create_environment_hook('px4_msgs', 'cmake_prefix_path')
[1.163s] INFO:colcon.colcon_core.shell:Creating environment hook '/home/maizaied03/ros2_ws/install/px4_msgs/share/px4_msgs/hook/cmake_prefix_path.ps1'
[1.163s] INFO:colcon.colcon_core.shell:Creating environment descriptor '/home/maizaied03/ros2_ws/install/px4_msgs/share/px4_msgs/hook/cmake_prefix_path.dsv'
[1.164s] INFO:colcon.colcon_core.shell:Creating environment hook '/home/maizaied03/ros2_ws/install/px4_msgs/share/px4_msgs/hook/cmake_prefix_path.sh'
[1.164s] Level 1:colcon.colcon_core.environment:checking '/home/maizaied03/ros2_ws/install/px4_msgs/lib'
[1.164s] Level 1:colcon.colcon_core.shell:create_environment_hook('px4_msgs', 'ld_library_path_lib')
[1.164s] INFO:colcon.colcon_core.shell:Creating environment hook '/home/maizaied03/ros2_ws/install/px4_msgs/share/px4_msgs/hook/ld_library_path_lib.ps1'
[1.164s] INFO:colcon.colcon_core.shell:Creating environment descriptor '/home/maizaied03/ros2_ws/install/px4_msgs/share/px4_msgs/hook/ld_library_path_lib.dsv'
[1.165s] INFO:colcon.colcon_core.shell:Creating environment hook '/home/maizaied03/ros2_ws/install/px4_msgs/share/px4_msgs/hook/ld_library_path_lib.sh'
[1.165s] Level 1:colcon.colcon_core.environment:checking '/home/maizaied03/ros2_ws/install/px4_msgs/bin'
[1.165s] Level 1:colcon.colcon_core.environment:checking '/home/maizaied03/ros2_ws/install/px4_msgs/lib/pkgconfig/px4_msgs.pc'
[1.165s] Level 1:colcon.colcon_core.environment:checking '/home/maizaied03/ros2_ws/install/px4_msgs/lib/python3.10/site-packages'
[1.165s] Level 1:colcon.colcon_core.environment:checking '/home/maizaied03/ros2_ws/install/px4_msgs/bin'
[1.165s] INFO:colcon.colcon_core.shell:Creating package script '/home/maizaied03/ros2_ws/install/px4_msgs/share/px4_msgs/package.ps1'
[1.166s] INFO:colcon.colcon_core.shell:Creating package descriptor '/home/maizaied03/ros2_ws/install/px4_msgs/share/px4_msgs/package.dsv'
[1.166s] INFO:colcon.colcon_core.shell:Creating package script '/home/maizaied03/ros2_ws/install/px4_msgs/share/px4_msgs/package.sh'
[1.166s] INFO:colcon.colcon_core.shell:Creating package script '/home/maizaied03/ros2_ws/install/px4_msgs/share/px4_msgs/package.bash'
[1.166s] INFO:colcon.colcon_core.shell:Creating package script '/home/maizaied03/ros2_ws/install/px4_msgs/share/px4_msgs/package.zsh'
[1.167s] Level 1:colcon.colcon_core.environment:create_file_with_runtime_dependencies(/home/maizaied03/ros2_ws/install/px4_msgs/share/colcon-core/packages/px4_msgs)
[1.167s] INFO:colcon.colcon_ros.task.ament_python.build:Building ROS package in '/home/maizaied03/ros2_ws/src/fog_node' with build type 'ament_python'
[1.167s] Level 1:colcon.colcon_core.shell:create_environment_hook('fog_node', 'ament_prefix_path')
[1.167s] INFO:colcon.colcon_core.shell:Creating environment hook '/home/maizaied03/ros2_ws/install/fog_node/share/fog_node/hook/ament_prefix_path.ps1'
[1.168s] INFO:colcon.colcon_core.shell:Creating environment descriptor '/home/maizaied03/ros2_ws/install/fog_node/share/fog_node/hook/ament_prefix_path.dsv'
[1.168s] INFO:colcon.colcon_core.shell:Creating environment hook '/home/maizaied03/ros2_ws/install/fog_node/share/fog_node/hook/ament_prefix_path.sh'
[1.168s] INFO:colcon.colcon_core.shell:Skip shell extension 'powershell' for command environment: Not usable outside of PowerShell
[1.168s] DEBUG:colcon.colcon_core.shell:Skip shell extension 'dsv' for command environment
[1.333s] INFO:colcon.colcon_core.task.python.build:Building Python package in '/home/maizaied03/ros2_ws/src/fog_node'
[1.333s] INFO:colcon.colcon_core.shell:Skip shell extension 'powershell' for command environment: Not usable outside of PowerShell
[1.333s] DEBUG:colcon.colcon_core.shell:Skip shell extension 'dsv' for command environment
[1.553s] DEBUG:colcon.colcon_core.event_handler.log_command:Invoking command in '/home/maizaied03/ros2_ws/src/fog_node': PYTHONPATH=/home/maizaied03/ros2_ws/build/fog_node/prefix_override:/usr/lib/python3/dist-packages/colcon_core/task/python/colcon_distutils_commands:/home/maizaied03/ros2_ws/install/fog_node/lib/python3.10/site-packages:${PYTHONPATH} /usr/bin/python3 -W ignore:setup.py install is deprecated -W ignore:easy_install command is deprecated setup.py egg_info --egg-base ../../build/fog_node build --build-base /home/maizaied03/ros2_ws/build/fog_node/build install --record /home/maizaied03/ros2_ws/build/fog_node/install.log --single-version-externally-managed install_data
[1.733s] Level 1:colcon.colcon_core.environment:checking '/home/maizaied03/ros2_ws/install/fog_node' for CMake module files
[1.734s] DEBUG:colcon.colcon_core.event_handler.log_command:Invoked command in '/home/maizaied03/ros2_ws/src/fog_node' returned '0': PYTHONPATH=/home/maizaied03/ros2_ws/build/fog_node/prefix_override:/usr/lib/python3/dist-packages/colcon_core/task/python/colcon_distutils_commands:/home/maizaied03/ros2_ws/install/fog_node/lib/python3.10/site-packages:${PYTHONPATH} /usr/bin/python3 -W ignore:setup.py install is deprecated -W ignore:easy_install command is deprecated setup.py egg_info --egg-base ../../build/fog_node build --build-base /home/maizaied03/ros2_ws/build/fog_node/build install --record /home/maizaied03/ros2_ws/build/fog_node/install.log --single-version-externally-managed install_data
[1.734s] Level 1:colcon.colcon_core.environment:checking '/home/maizaied03/ros2_ws/install/fog_node' for CMake config files
[1.734s] Level 1:colcon.colcon_core.environment:checking '/home/maizaied03/ros2_ws/install/fog_node/lib'
[1.734s] Level 1:colcon.colcon_core.environment:checking '/home/maizaied03/ros2_ws/install/fog_node/bin'
[1.734s] Level 1:colcon.colcon_core.environment:checking '/home/maizaied03/ros2_ws/install/fog_node/lib/pkgconfig/fog_node.pc'
[1.734s] Level 1:colcon.colcon_core.environment:checking '/home/maizaied03/ros2_ws/install/fog_node/lib/python3.10/site-packages'
[1.734s] Level 1:colcon.colcon_core.shell:create_environment_hook('fog_node', 'pythonpath')
[1.735s] INFO:colcon.colcon_core.shell:Creating environment hook '/home/maizaied03/ros2_ws/install/fog_node/share/fog_node/hook/pythonpath.ps1'
[1.735s] INFO:colcon.colcon_core.shell:Creating environment descriptor '/home/maizaied03/ros2_ws/install/fog_node/share/fog_node/hook/pythonpath.dsv'
[1.735s] INFO:colcon.colcon_core.shell:Creating environment hook '/home/maizaied03/ros2_ws/install/fog_node/share/fog_node/hook/pythonpath.sh'
[1.735s] Level 1:colcon.colcon_core.environment:checking '/home/maizaied03/ros2_ws/install/fog_node/bin'
[1.736s] Level 1:colcon.colcon_core.environment:create_environment_scripts_only(fog_node)
[1.736s] INFO:colcon.colcon_core.shell:Creating package script '/home/maizaied03/ros2_ws/install/fog_node/share/fog_node/package.ps1'
[1.736s] INFO:colcon.colcon_core.shell:Creating package descriptor '/home/maizaied03/ros2_ws/install/fog_node/share/fog_node/package.dsv'
[1.736s] INFO:colcon.colcon_core.shell:Creating package script '/home/maizaied03/ros2_ws/install/fog_node/share/fog_node/package.sh'
[1.736s] INFO:colcon.colcon_core.shell:Creating package script '/home/maizaied03/ros2_ws/install/fog_node/share/fog_node/package.bash'
[1.737s] INFO:colcon.colcon_core.shell:Creating package script '/home/maizaied03/ros2_ws/install/fog_node/share/fog_node/package.zsh'
[1.737s] Level 1:colcon.colcon_core.environment:create_file_with_runtime_dependencies(/home/maizaied03/ros2_ws/install/fog_node/share/colcon-core/packages/fog_node)
[1.737s] DEBUG:colcon.colcon_parallel_executor.executor.parallel:closing loop
[1.737s] DEBUG:colcon.colcon_parallel_executor.executor.parallel:loop closed
[1.737s] DEBUG:colcon.colcon_parallel_executor.executor.parallel:run_until_complete finished with '0'
[1.737s] DEBUG:colcon.colcon_core.event_reactor:joining thread
[1.741s] INFO:colcon.colcon_core.plugin_system:Skipping extension 'colcon_notification.desktop_notification.terminal_notifier': Not used on non-Darwin systems
[1.741s] INFO:colcon.colcon_core.plugin_system:Skipping extension 'colcon_notification.desktop_notification.win32': Not used on non-Windows systems
[1.741s] INFO:colcon.colcon_notification.desktop_notification:Sending desktop notification using 'notify2'
[1.748s] DEBUG:colcon.colcon_core.event_reactor:joined thread
[1.748s] INFO:colcon.colcon_core.shell:Creating prefix script '/home/maizaied03/ros2_ws/install/local_setup.ps1'
[1.749s] INFO:colcon.colcon_core.shell:Creating prefix util module '/home/maizaied03/ros2_ws/install/_local_setup_util_ps1.py'
[1.750s] INFO:colcon.colcon_core.shell:Creating prefix chain script '/home/maizaied03/ros2_ws/install/setup.ps1'
[1.751s] INFO:colcon.colcon_core.shell:Creating prefix script '/home/maizaied03/ros2_ws/install/local_setup.sh'
[1.751s] INFO:colcon.colcon_core.shell:Creating prefix util module '/home/maizaied03/ros2_ws/install/_local_setup_util_sh.py'
[1.751s] INFO:colcon.colcon_core.shell:Creating prefix chain script '/home/maizaied03/ros2_ws/install/setup.sh'
[1.752s] INFO:colcon.colcon_core.shell:Creating prefix script '/home/maizaied03/ros2_ws/install/local_setup.bash'
[1.752s] INFO:colcon.colcon_core.shell:Creating prefix chain script '/home/maizaied03/ros2_ws/install/setup.bash'
[1.753s] INFO:colcon.colcon_core.shell:Creating prefix script '/home/maizaied03/ros2_ws/install/local_setup.zsh'
[1.753s] INFO:colcon.colcon_core.shell:Creating prefix chain script '/home/maizaied03/ros2_ws/install/setup.zsh'
