running egg_info
writing ../../build/drone_node/drone_node.egg-info/PKG-INFO
writing dependency_links to ../../build/drone_node/drone_node.egg-info/dependency_links.txt
writing entry points to ../../build/drone_node/drone_node.egg-info/entry_points.txt
writing requirements to ../../build/drone_node/drone_node.egg-info/requires.txt
writing top-level names to ../../build/drone_node/drone_node.egg-info/top_level.txt
reading manifest file '../../build/drone_node/drone_node.egg-info/SOURCES.txt'
writing manifest file '../../build/drone_node/drone_node.egg-info/SOURCES.txt'
running build
running build_py
copying drone_node/cloud_client.py -> /home/dudz/multi-drone-disaster-response/build/drone_node/build/lib/drone_node
running install
running install_lib
copying /home/dudz/multi-drone-disaster-response/build/drone_node/build/lib/drone_node/cloud_client.py -> /home/dudz/multi-drone-disaster-response/install/drone_node/lib/python3.12/site-packages/drone_node
byte-compiling /home/dudz/multi-drone-disaster-response/install/drone_node/lib/python3.12/site-packages/drone_node/cloud_client.py to cloud_client.cpython-312.pyc
running install_data
running install_egg_info
removing '/home/dudz/multi-drone-disaster-response/install/drone_node/lib/python3.12/site-packages/drone_node-0.0.0-py3.12.egg-info' (and everything under it)
Copying ../../build/drone_node/drone_node.egg-info to /home/dudz/multi-drone-disaster-response/install/drone_node/lib/python3.12/site-packages/drone_node-0.0.0-py3.12.egg-info
running install_scripts
Installing camera_bridge_simple script to /home/dudz/multi-drone-disaster-response/install/drone_node/lib/drone_node
Installing cloud_client script to /home/dudz/multi-drone-disaster-response/install/drone_node/lib/drone_node
Installing cloud_detector script to /home/dudz/multi-drone-disaster-response/install/drone_node/lib/drone_node
Installing drone_commander script to /home/dudz/multi-drone-disaster-response/install/drone_node/lib/drone_node
Installing drone_reactor script to /home/dudz/multi-drone-disaster-response/install/drone_node/lib/drone_node
Installing drone_status_publisher script to /home/dudz/multi-drone-disaster-response/install/drone_node/lib/drone_node
Installing drone_task_publisher script to /home/dudz/multi-drone-disaster-response/install/drone_node/lib/drone_node
Installing victim_detector script to /home/dudz/multi-drone-disaster-response/install/drone_node/lib/drone_node
writing list of installed files to '/home/dudz/multi-drone-disaster-response/build/drone_node/install.log'
