[0.780s] Invoking command in '/home/dudz/multi-drone-disaster-response/src/drone_node': AMENT_PREFIX_PATH=/home/dudz/multi-drone-disaster-response/install/task_msgs:${AMENT_PREFIX_PATH} CMAKE_PREFIX_PATH=/home/dudz/multi-drone-disaster-response/install/task_msgs:${CMAKE_PREFIX_PATH} DEBUGINFOD_URLS=https://debuginfod.ubuntu.com LD_LIBRARY_PATH=/home/dudz/multi-drone-disaster-response/install/task_msgs/lib:${LD_LIBRARY_PATH} PYTHONPATH=/home/dudz/multi-drone-disaster-response/build/drone_node/prefix_override:/usr/lib/python3/dist-packages/colcon_core/task/python/colcon_distutils_commands:/home/dudz/multi-drone-disaster-response/install/drone_node/lib/python3.12/site-packages:/home/dudz/multi-drone-disaster-response/install/task_msgs/lib/python3.12/site-packages:${PYTHONPATH} /usr/bin/python3 -W ignore:setup.py install is deprecated -W ignore:easy_install command is deprecated setup.py egg_info --egg-base ../../build/drone_node build --build-base /home/dudz/multi-drone-disaster-response/build/drone_node/build install --record /home/dudz/multi-drone-disaster-response/build/drone_node/install.log --single-version-externally-managed install_data
[1.002s] running egg_info
[1.012s] writing ../../build/drone_node/drone_node.egg-info/PKG-INFO
[1.012s] writing dependency_links to ../../build/drone_node/drone_node.egg-info/dependency_links.txt
[1.013s] writing entry points to ../../build/drone_node/drone_node.egg-info/entry_points.txt
[1.013s] writing requirements to ../../build/drone_node/drone_node.egg-info/requires.txt
[1.013s] writing top-level names to ../../build/drone_node/drone_node.egg-info/top_level.txt
[1.036s] reading manifest file '../../build/drone_node/drone_node.egg-info/SOURCES.txt'
[1.036s] writing manifest file '../../build/drone_node/drone_node.egg-info/SOURCES.txt'
[1.037s] running build
[1.037s] running build_py
[1.037s] copying drone_node/cloud_client.py -> /home/dudz/multi-drone-disaster-response/build/drone_node/build/lib/drone_node
[1.037s] running install
[1.041s] running install_lib
[1.052s] copying /home/dudz/multi-drone-disaster-response/build/drone_node/build/lib/drone_node/cloud_client.py -> /home/dudz/multi-drone-disaster-response/install/drone_node/lib/python3.12/site-packages/drone_node
[1.052s] byte-compiling /home/dudz/multi-drone-disaster-response/install/drone_node/lib/python3.12/site-packages/drone_node/cloud_client.py to cloud_client.cpython-312.pyc
[1.052s] running install_data
[1.052s] running install_egg_info
[1.064s] removing '/home/dudz/multi-drone-disaster-response/install/drone_node/lib/python3.12/site-packages/drone_node-0.0.0-py3.12.egg-info' (and everything under it)
[1.064s] Copying ../../build/drone_node/drone_node.egg-info to /home/dudz/multi-drone-disaster-response/install/drone_node/lib/python3.12/site-packages/drone_node-0.0.0-py3.12.egg-info
[1.065s] running install_scripts
[1.152s] Installing camera_bridge_simple script to /home/dudz/multi-drone-disaster-response/install/drone_node/lib/drone_node
[1.152s] Installing cloud_client script to /home/dudz/multi-drone-disaster-response/install/drone_node/lib/drone_node
[1.152s] Installing cloud_detector script to /home/dudz/multi-drone-disaster-response/install/drone_node/lib/drone_node
[1.153s] Installing drone_commander script to /home/dudz/multi-drone-disaster-response/install/drone_node/lib/drone_node
[1.153s] Installing drone_reactor script to /home/dudz/multi-drone-disaster-response/install/drone_node/lib/drone_node
[1.153s] Installing drone_status_publisher script to /home/dudz/multi-drone-disaster-response/install/drone_node/lib/drone_node
[1.153s] Installing drone_task_publisher script to /home/dudz/multi-drone-disaster-response/install/drone_node/lib/drone_node
[1.153s] Installing victim_detector script to /home/dudz/multi-drone-disaster-response/install/drone_node/lib/drone_node
[1.153s] writing list of installed files to '/home/dudz/multi-drone-disaster-response/build/drone_node/install.log'
[1.174s] Invoked command in '/home/dudz/multi-drone-disaster-response/src/drone_node' returned '0': AMENT_PREFIX_PATH=/home/dudz/multi-drone-disaster-response/install/task_msgs:${AMENT_PREFIX_PATH} CMAKE_PREFIX_PATH=/home/dudz/multi-drone-disaster-response/install/task_msgs:${CMAKE_PREFIX_PATH} DEBUGINFOD_URLS=https://debuginfod.ubuntu.com LD_LIBRARY_PATH=/home/dudz/multi-drone-disaster-response/install/task_msgs/lib:${LD_LIBRARY_PATH} PYTHONPATH=/home/dudz/multi-drone-disaster-response/build/drone_node/prefix_override:/usr/lib/python3/dist-packages/colcon_core/task/python/colcon_distutils_commands:/home/dudz/multi-drone-disaster-response/install/drone_node/lib/python3.12/site-packages:/home/dudz/multi-drone-disaster-response/install/task_msgs/lib/python3.12/site-packages:${PYTHONPATH} /usr/bin/python3 -W ignore:setup.py install is deprecated -W ignore:easy_install command is deprecated setup.py egg_info --egg-base ../../build/drone_node build --build-base /home/dudz/multi-drone-disaster-response/build/drone_node/build install --record /home/dudz/multi-drone-disaster-response/build/drone_node/install.log --single-version-externally-managed install_data
