running egg_info
creating ../../build/fog_node/fog_node.egg-info
writing ../../build/fog_node/fog_node.egg-info/PKG-INFO
writing dependency_links to ../../build/fog_node/fog_node.egg-info/dependency_links.txt
writing entry points to ../../build/fog_node/fog_node.egg-info/entry_points.txt
writing requirements to ../../build/fog_node/fog_node.egg-info/requires.txt
writing top-level names to ../../build/fog_node/fog_node.egg-info/top_level.txt
writing manifest file '../../build/fog_node/fog_node.egg-info/SOURCES.txt'
reading manifest file '../../build/fog_node/fog_node.egg-info/SOURCES.txt'
writing manifest file '../../build/fog_node/fog_node.egg-info/SOURCES.txt'
running build
running build_py
creating /home/dudz/multi-drone-disaster-response/build/fog_node/build
creating /home/dudz/multi-drone-disaster-response/build/fog_node/build/lib
creating /home/dudz/multi-drone-disaster-response/build/fog_node/build/lib/fog_node
copying fog_node/detection_sim.py -> /home/dudz/multi-drone-disaster-response/build/fog_node/build/lib/fog_node
copying fog_node/__init__.py -> /home/dudz/multi-drone-disaster-response/build/fog_node/build/lib/fog_node
copying fog_node/drone_naming.py -> /home/dudz/multi-drone-disaster-response/build/fog_node/build/lib/fog_node
copying fog_node/fog_server.py -> /home/dudz/multi-drone-disaster-response/build/fog_node/build/lib/fog_node
copying fog_node/decision_node.py -> /home/dudz/multi-drone-disaster-response/build/fog_node/build/lib/fog_node
running install
running install_lib
creating /home/dudz/multi-drone-disaster-response/install/fog_node/lib/python3.12/site-packages/fog_node
copying /home/dudz/multi-drone-disaster-response/build/fog_node/build/lib/fog_node/detection_sim.py -> /home/dudz/multi-drone-disaster-response/install/fog_node/lib/python3.12/site-packages/fog_node
copying /home/dudz/multi-drone-disaster-response/build/fog_node/build/lib/fog_node/__init__.py -> /home/dudz/multi-drone-disaster-response/install/fog_node/lib/python3.12/site-packages/fog_node
copying /home/dudz/multi-drone-disaster-response/build/fog_node/build/lib/fog_node/drone_naming.py -> /home/dudz/multi-drone-disaster-response/install/fog_node/lib/python3.12/site-packages/fog_node
copying /home/dudz/multi-drone-disaster-response/build/fog_node/build/lib/fog_node/fog_server.py -> /home/dudz/multi-drone-disaster-response/install/fog_node/lib/python3.12/site-packages/fog_node
copying /home/dudz/multi-drone-disaster-response/build/fog_node/build/lib/fog_node/decision_node.py -> /home/dudz/multi-drone-disaster-response/install/fog_node/lib/python3.12/site-packages/fog_node
byte-compiling /home/dudz/multi-drone-disaster-response/install/fog_node/lib/python3.12/site-packages/fog_node/detection_sim.py to detection_sim.cpython-312.pyc
byte-compiling /home/dudz/multi-drone-disaster-response/install/fog_node/lib/python3.12/site-packages/fog_node/__init__.py to __init__.cpython-312.pyc
byte-compiling /home/dudz/multi-drone-disaster-response/install/fog_node/lib/python3.12/site-packages/fog_node/drone_naming.py to drone_naming.cpython-312.pyc
byte-compiling /home/dudz/multi-drone-disaster-response/install/fog_node/lib/python3.12/site-packages/fog_node/fog_server.py to fog_server.cpython-312.pyc
byte-compiling /home/dudz/multi-drone-disaster-response/install/fog_node/lib/python3.12/site-packages/fog_node/decision_node.py to decision_node.cpython-312.pyc
running install_data
creating /home/dudz/multi-drone-disaster-response/install/fog_node/share/ament_index
creating /home/dudz/multi-drone-disaster-response/install/fog_node/share/ament_index/resource_index
creating /home/dudz/multi-drone-disaster-response/install/fog_node/share/ament_index/resource_index/packages
copying resource/fog_node -> /home/dudz/multi-drone-disaster-response/install/fog_node/share/ament_index/resource_index/packages
copying package.xml -> /home/dudz/multi-drone-disaster-response/install/fog_node/share/fog_node
running install_egg_info
Copying ../../build/fog_node/fog_node.egg-info to /home/dudz/multi-drone-disaster-response/install/fog_node/lib/python3.12/site-packages/fog_node-0.0.0-py3.12.egg-info
running install_scripts
Installing decision_node script to /home/dudz/multi-drone-disaster-response/install/fog_node/lib/fog_node
Installing detection_sim script to /home/dudz/multi-drone-disaster-response/install/fog_node/lib/fog_node
Installing fog_server script to /home/dudz/multi-drone-disaster-response/install/fog_node/lib/fog_node
writing list of installed files to '/home/dudz/multi-drone-disaster-response/build/fog_node/install.log'
