[0.982s] Invoking command in '/home/dudz/multi-drone-disaster-response/src/fog_node': CMAKE_PREFIX_PATH=/home/dudz/multi-drone-disaster-response/install/task_msgs:/home/dudz/multi-drone-disaster-response/install/px4_msgs:/opt/ros/jazzy/opt/gz_sim_vendor:/opt/ros/jazzy/opt/gz_sensors_vendor:/opt/ros/jazzy/opt/gz_physics_vendor:/opt/ros/jazzy/opt/sdformat_vendor:/opt/ros/jazzy/opt/gz_gui_vendor:/opt/ros/jazzy/opt/gz_transport_vendor:/opt/ros/jazzy/opt/gz_rendering_vendor:/opt/ros/jazzy/opt/gz_plugin_vendor:/opt/ros/jazzy/opt/gz_fuel_tools_vendor:/opt/ros/jazzy/opt/gz_msgs_vendor:/opt/ros/jazzy/opt/gz_common_vendor:/opt/ros/jazzy/opt/gz_math_vendor:/opt/ros/jazzy/opt/gz_utils_vendor:/opt/ros/jazzy/opt/gz_tools_vendor:/opt/ros/jazzy/opt/gz_ogre_next_vendor:/opt/ros/jazzy/opt/gz_dartsim_vendor:/opt/ros/jazzy/opt/gz_cmake_vendor DEBUGINFOD_URLS=https://debuginfod.ubuntu.com LD_LIBRARY_PATH=/home/dudz/multi-drone-disaster-response/install/task_msgs/lib:/home/dudz/multi-drone-disaster-response/install/px4_msgs/lib:/opt/ros/jazzy/opt/gz_sim_vendor/lib:/opt/ros/jazzy/opt/gz_sensors_vendor/lib:/opt/ros/jazzy/opt/gz_physics_vendor/lib:/opt/ros/jazzy/opt/sdformat_vendor/lib:/opt/ros/jazzy/opt/rviz_ogre_vendor/lib:/opt/ros/jazzy/lib/aarch64-linux-gnu:/opt/ros/jazzy/opt/gz_gui_vendor/lib:/opt/ros/jazzy/opt/gz_transport_vendor/lib:/opt/ros/jazzy/opt/gz_rendering_vendor/lib:/opt/ros/jazzy/opt/gz_plugin_vendor/lib:/opt/ros/jazzy/opt/gz_fuel_tools_vendor/lib:/opt/ros/jazzy/opt/gz_msgs_vendor/lib:/opt/ros/jazzy/opt/gz_common_vendor/lib:/opt/ros/jazzy/opt/gz_math_vendor/lib:/opt/ros/jazzy/opt/gz_utils_vendor/lib:/opt/ros/jazzy/opt/gz_tools_vendor/lib:/opt/ros/jazzy/opt/gz_ogre_next_vendor/lib:/opt/ros/jazzy/opt/gz_dartsim_vendor/lib:/opt/ros/jazzy/opt/gz_cmake_vendor/lib:/opt/ros/jazzy/lib PYTHONPATH=/home/dudz/multi-drone-disaster-response/build/fog_node/prefix_override:/usr/lib/python3/dist-packages/colcon_core/task/python/colcon_distutils_commands:/home/dudz/multi-drone-disaster-response/install/fog_node/lib/python3.12/site-packages:/home/dudz/multi-drone-disaster-response/install/task_msgs/lib/python3.12/site-packages:/home/dudz/multi-drone-disaster-response/install/px4_msgs/lib/python3.12/site-packages:/home/dudz/multi-drone-disaster-response/install/fog_node/lib/python3.12/site-packages:/home/dudz/multi-drone-disaster-response/install/drone_node/lib/python3.12/site-packages:/home/dudz/multi-drone-disaster-response/install/multi_drone_offboard/lib/python3.12/site-packages:/home/dudz/multi-drone-disaster-response/install/cloud_node/lib/python3.12/site-packages:/opt/ros/jazzy/lib/python3.12/site-packages /usr/bin/python3 -W ignore:setup.py install is deprecated -W ignore:easy_install command is deprecated setup.py egg_info --egg-base ../../build/fog_node build --build-base /home/dudz/multi-drone-disaster-response/build/fog_node/build install --record /home/dudz/multi-drone-disaster-response/build/fog_node/install.log --single-version-externally-managed install_data
[1.263s] running egg_info
[1.263s] creating ../../build/fog_node/fog_node.egg-info
[1.272s] writing ../../build/fog_node/fog_node.egg-info/PKG-INFO
[1.273s] writing dependency_links to ../../build/fog_node/fog_node.egg-info/dependency_links.txt
[1.273s] writing entry points to ../../build/fog_node/fog_node.egg-info/entry_points.txt
[1.273s] writing requirements to ../../build/fog_node/fog_node.egg-info/requires.txt
[1.274s] writing top-level names to ../../build/fog_node/fog_node.egg-info/top_level.txt
[1.274s] writing manifest file '../../build/fog_node/fog_node.egg-info/SOURCES.txt'
[1.298s] reading manifest file '../../build/fog_node/fog_node.egg-info/SOURCES.txt'
[1.301s] writing manifest file '../../build/fog_node/fog_node.egg-info/SOURCES.txt'
[1.301s] running build
[1.301s] running build_py
[1.302s] creating /home/dudz/multi-drone-disaster-response/build/fog_node/build
[1.303s] creating /home/dudz/multi-drone-disaster-response/build/fog_node/build/lib
[1.303s] creating /home/dudz/multi-drone-disaster-response/build/fog_node/build/lib/fog_node
[1.303s] copying fog_node/detection_sim.py -> /home/dudz/multi-drone-disaster-response/build/fog_node/build/lib/fog_node
[1.303s] copying fog_node/__init__.py -> /home/dudz/multi-drone-disaster-response/build/fog_node/build/lib/fog_node
[1.303s] copying fog_node/drone_naming.py -> /home/dudz/multi-drone-disaster-response/build/fog_node/build/lib/fog_node
[1.304s] copying fog_node/fog_server.py -> /home/dudz/multi-drone-disaster-response/build/fog_node/build/lib/fog_node
[1.304s] copying fog_node/decision_node.py -> /home/dudz/multi-drone-disaster-response/build/fog_node/build/lib/fog_node
[1.304s] running install
[1.311s] running install_lib
[1.323s] creating /home/dudz/multi-drone-disaster-response/install/fog_node/lib/python3.12/site-packages/fog_node
[1.324s] copying /home/dudz/multi-drone-disaster-response/build/fog_node/build/lib/fog_node/detection_sim.py -> /home/dudz/multi-drone-disaster-response/install/fog_node/lib/python3.12/site-packages/fog_node
[1.325s] copying /home/dudz/multi-drone-disaster-response/build/fog_node/build/lib/fog_node/__init__.py -> /home/dudz/multi-drone-disaster-response/install/fog_node/lib/python3.12/site-packages/fog_node
[1.325s] copying /home/dudz/multi-drone-disaster-response/build/fog_node/build/lib/fog_node/drone_naming.py -> /home/dudz/multi-drone-disaster-response/install/fog_node/lib/python3.12/site-packages/fog_node
[1.325s] copying /home/dudz/multi-drone-disaster-response/build/fog_node/build/lib/fog_node/fog_server.py -> /home/dudz/multi-drone-disaster-response/install/fog_node/lib/python3.12/site-packages/fog_node
[1.326s] copying /home/dudz/multi-drone-disaster-response/build/fog_node/build/lib/fog_node/decision_node.py -> /home/dudz/multi-drone-disaster-response/install/fog_node/lib/python3.12/site-packages/fog_node
[1.326s] byte-compiling /home/dudz/multi-drone-disaster-response/install/fog_node/lib/python3.12/site-packages/fog_node/detection_sim.py to detection_sim.cpython-312.pyc
[1.326s] byte-compiling /home/dudz/multi-drone-disaster-response/install/fog_node/lib/python3.12/site-packages/fog_node/__init__.py to __init__.cpython-312.pyc
[1.326s] byte-compiling /home/dudz/multi-drone-disaster-response/install/fog_node/lib/python3.12/site-packages/fog_node/drone_naming.py to drone_naming.cpython-312.pyc
[1.326s] byte-compiling /home/dudz/multi-drone-disaster-response/install/fog_node/lib/python3.12/site-packages/fog_node/fog_server.py to fog_server.cpython-312.pyc
[1.328s] byte-compiling /home/dudz/multi-drone-disaster-response/install/fog_node/lib/python3.12/site-packages/fog_node/decision_node.py to decision_node.cpython-312.pyc
[1.331s] running install_data
[1.331s] creating /home/dudz/multi-drone-disaster-response/install/fog_node/share/ament_index
[1.331s] creating /home/dudz/multi-drone-disaster-response/install/fog_node/share/ament_index/resource_index
[1.331s] creating /home/dudz/multi-drone-disaster-response/install/fog_node/share/ament_index/resource_index/packages
[1.331s] copying resource/fog_node -> /home/dudz/multi-drone-disaster-response/install/fog_node/share/ament_index/resource_index/packages
[1.332s] copying package.xml -> /home/dudz/multi-drone-disaster-response/install/fog_node/share/fog_node
[1.332s] running install_egg_info
[1.345s] Copying ../../build/fog_node/fog_node.egg-info to /home/dudz/multi-drone-disaster-response/install/fog_node/lib/python3.12/site-packages/fog_node-0.0.0-py3.12.egg-info
[1.346s] running install_scripts
[1.454s] Installing decision_node script to /home/dudz/multi-drone-disaster-response/install/fog_node/lib/fog_node
[1.455s] Installing detection_sim script to /home/dudz/multi-drone-disaster-response/install/fog_node/lib/fog_node
[1.455s] Installing fog_server script to /home/dudz/multi-drone-disaster-response/install/fog_node/lib/fog_node
[1.455s] writing list of installed files to '/home/dudz/multi-drone-disaster-response/build/fog_node/install.log'
[1.480s] Invoked command in '/home/dudz/multi-drone-disaster-response/src/fog_node' returned '0': CMAKE_PREFIX_PATH=/home/dudz/multi-drone-disaster-response/install/task_msgs:/home/dudz/multi-drone-disaster-response/install/px4_msgs:/opt/ros/jazzy/opt/gz_sim_vendor:/opt/ros/jazzy/opt/gz_sensors_vendor:/opt/ros/jazzy/opt/gz_physics_vendor:/opt/ros/jazzy/opt/sdformat_vendor:/opt/ros/jazzy/opt/gz_gui_vendor:/opt/ros/jazzy/opt/gz_transport_vendor:/opt/ros/jazzy/opt/gz_rendering_vendor:/opt/ros/jazzy/opt/gz_plugin_vendor:/opt/ros/jazzy/opt/gz_fuel_tools_vendor:/opt/ros/jazzy/opt/gz_msgs_vendor:/opt/ros/jazzy/opt/gz_common_vendor:/opt/ros/jazzy/opt/gz_math_vendor:/opt/ros/jazzy/opt/gz_utils_vendor:/opt/ros/jazzy/opt/gz_tools_vendor:/opt/ros/jazzy/opt/gz_ogre_next_vendor:/opt/ros/jazzy/opt/gz_dartsim_vendor:/opt/ros/jazzy/opt/gz_cmake_vendor DEBUGINFOD_URLS=https://debuginfod.ubuntu.com LD_LIBRARY_PATH=/home/dudz/multi-drone-disaster-response/install/task_msgs/lib:/home/dudz/multi-drone-disaster-response/install/px4_msgs/lib:/opt/ros/jazzy/opt/gz_sim_vendor/lib:/opt/ros/jazzy/opt/gz_sensors_vendor/lib:/opt/ros/jazzy/opt/gz_physics_vendor/lib:/opt/ros/jazzy/opt/sdformat_vendor/lib:/opt/ros/jazzy/opt/rviz_ogre_vendor/lib:/opt/ros/jazzy/lib/aarch64-linux-gnu:/opt/ros/jazzy/opt/gz_gui_vendor/lib:/opt/ros/jazzy/opt/gz_transport_vendor/lib:/opt/ros/jazzy/opt/gz_rendering_vendor/lib:/opt/ros/jazzy/opt/gz_plugin_vendor/lib:/opt/ros/jazzy/opt/gz_fuel_tools_vendor/lib:/opt/ros/jazzy/opt/gz_msgs_vendor/lib:/opt/ros/jazzy/opt/gz_common_vendor/lib:/opt/ros/jazzy/opt/gz_math_vendor/lib:/opt/ros/jazzy/opt/gz_utils_vendor/lib:/opt/ros/jazzy/opt/gz_tools_vendor/lib:/opt/ros/jazzy/opt/gz_ogre_next_vendor/lib:/opt/ros/jazzy/opt/gz_dartsim_vendor/lib:/opt/ros/jazzy/opt/gz_cmake_vendor/lib:/opt/ros/jazzy/lib PYTHONPATH=/home/dudz/multi-drone-disaster-response/build/fog_node/prefix_override:/usr/lib/python3/dist-packages/colcon_core/task/python/colcon_distutils_commands:/home/dudz/multi-drone-disaster-response/install/fog_node/lib/python3.12/site-packages:/home/dudz/multi-drone-disaster-response/install/task_msgs/lib/python3.12/site-packages:/home/dudz/multi-drone-disaster-response/install/px4_msgs/lib/python3.12/site-packages:/home/dudz/multi-drone-disaster-response/install/fog_node/lib/python3.12/site-packages:/home/dudz/multi-drone-disaster-response/install/drone_node/lib/python3.12/site-packages:/home/dudz/multi-drone-disaster-response/install/multi_drone_offboard/lib/python3.12/site-packages:/home/dudz/multi-drone-disaster-response/install/cloud_node/lib/python3.12/site-packages:/opt/ros/jazzy/lib/python3.12/site-packages /usr/bin/python3 -W ignore:setup.py install is deprecated -W ignore:easy_install command is deprecated setup.py egg_info --egg-base ../../build/fog_node build --build-base /home/dudz/multi-drone-disaster-response/build/fog_node/build install --record /home/dudz/multi-drone-disaster-response/build/fog_node/install.log --single-version-externally-managed install_data
