-- The C compiler identification is GNU 11.4.0
-- The CXX compiler identification is GNU 11.4.0
-- Detecting C compiler ABI info
-- Detecting C compiler ABI info - done
-- Check for working C compiler: /usr/bin/cc - skipped
-- Detecting C compile features
-- Detecting C compile features - done
-- Detecting CXX compiler ABI info
-- Detecting CXX compiler ABI info - done
-- Check for working CXX compiler: /usr/bin/c++ - skipped
-- Detecting CXX compile features
-- Detecting CXX compile features - done
-- Found ament_cmake: 1.3.12 (/opt/ros/humble/share/ament_cmake/cmake)
-- Found Python3: /usr/bin/python3 (found version "3.10.12") found components: Interpreter 
-- Found rosidl_default_generators: 1.2.0 (/opt/ros/humble/share/rosidl_default_generators/cmake)
-- Using all available rosidl_typesupport_c: rosidl_typesupport_fastrtps_c;rosidl_typesupport_introspection_c
-- Found rosidl_adapter: 3.1.7 (/opt/ros/humble/share/rosidl_adapter/cmake)
-- Using all available rosidl_typesupport_cpp: rosidl_typesupport_fastrtps_cpp;rosidl_typesupport_introspection_cpp
-- Found builtin_interfaces: 1.2.2 (/opt/ros/humble/share/builtin_interfaces/cmake)
-- Found ament_cmake_ros: 0.10.0 (/opt/ros/humble/share/ament_cmake_ros/cmake)
-- Using all available rosidl_typesupport_c: rosidl_typesupport_fastrtps_c;rosidl_typesupport_introspection_c
-- Using all available rosidl_typesupport_cpp: rosidl_typesupport_fastrtps_cpp;rosidl_typesupport_introspection_cpp
-- Found PythonInterp: /usr/bin/python3 (found suitable version "3.10.12", minimum required is "3.6") 
-- Found python_cmake_module: 0.10.0 (/opt/ros/humble/share/python_cmake_module/cmake)
-- Found PythonLibs: /usr/lib/x86_64-linux-gnu/libpython3.10.so (found suitable version "3.10.12", minimum required is "3.5") 
-- Using PYTHON_EXECUTABLE: /usr/bin/python3
-- Using PYTHON_INCLUDE_DIRS: /usr/include/python3.10
-- Using PYTHON_LIBRARIES: /usr/lib/x86_64-linux-gnu/libpython3.10.so
-- Found PythonExtra: .so  
-- Configuring done
-- Generating done
-- Build files have been written to: /home/maizaied03/ros2_ws/build/task_msgs
[  3%] [34m[1mGenerating C code for ROS interfaces[0m
[  6%] [34m[1mGenerating C++ code for ROS interfaces[0m
[  6%] Built target ament_cmake_python_copy_task_msgs
running egg_info
creating task_msgs.egg-info
writing task_msgs.egg-info/PKG-INFO
writing dependency_links to task_msgs.egg-info/dependency_links.txt
writing top-level names to task_msgs.egg-info/top_level.txt
writing manifest file 'task_msgs.egg-info/SOURCES.txt'
reading manifest file 'task_msgs.egg-info/SOURCES.txt'
writing manifest file 'task_msgs.egg-info/SOURCES.txt'
[  6%] Built target ament_cmake_python_build_task_msgs_egg
[  6%] Built target task_msgs__cpp
[ 16%] [34m[1mGenerating C++ type support for eProsima Fast-RTPS[0m
[ 16%] [34m[1mGenerating C++ introspection for ROS interfaces[0m
[ 16%] [34m[1mGenerating C++ type support dispatch for ROS interfaces[0m
[ 19%] [32mBuilding C object CMakeFiles/task_msgs__rosidl_generator_c.dir/rosidl_generator_c/task_msgs/msg/detail/task__functions.c.o[0m
[ 22%] [32m[1mLinking C shared library libtask_msgs__rosidl_generator_c.so[0m
[ 22%] Built target task_msgs__rosidl_generator_c
[ 25%] [34m[1mGenerating C introspection for ROS interfaces[0m
[ 29%] [34m[1mGenerating C type support for eProsima Fast-RTPS[0m
[ 32%] [34m[1mGenerating C type support dispatch for ROS interfaces[0m
[ 35%] [32mBuilding CXX object CMakeFiles/task_msgs__rosidl_typesupport_introspection_cpp.dir/rosidl_typesupport_introspection_cpp/task_msgs/msg/detail/task__type_support.cpp.o[0m
[ 38%] [32mBuilding CXX object CMakeFiles/task_msgs__rosidl_typesupport_cpp.dir/rosidl_typesupport_cpp/task_msgs/msg/task__type_support.cpp.o[0m
[ 41%] [32mBuilding CXX object CMakeFiles/task_msgs__rosidl_typesupport_fastrtps_cpp.dir/rosidl_typesupport_fastrtps_cpp/task_msgs/msg/detail/dds_fastrtps/task__type_support.cpp.o[0m
[ 45%] [32mBuilding CXX object CMakeFiles/task_msgs__rosidl_typesupport_c.dir/rosidl_typesupport_c/task_msgs/msg/task__type_support.cpp.o[0m
[ 48%] [32mBuilding CXX object CMakeFiles/task_msgs__rosidl_typesupport_fastrtps_c.dir/rosidl_typesupport_fastrtps_c/task_msgs/msg/detail/task__type_support_c.cpp.o[0m
[ 51%] [32mBuilding C object CMakeFiles/task_msgs__rosidl_typesupport_introspection_c.dir/rosidl_typesupport_introspection_c/task_msgs/msg/detail/task__type_support.c.o[0m
[ 54%] [32m[1mLinking CXX shared library libtask_msgs__rosidl_typesupport_c.so[0m
[ 58%] [32m[1mLinking C shared library libtask_msgs__rosidl_typesupport_introspection_c.so[0m
[ 58%] Built target task_msgs__rosidl_typesupport_c
[ 61%] [32m[1mLinking CXX shared library libtask_msgs__rosidl_typesupport_cpp.so[0m
[ 61%] Built target task_msgs__rosidl_typesupport_introspection_c
[ 64%] [32m[1mLinking CXX shared library libtask_msgs__rosidl_typesupport_introspection_cpp.so[0m
[ 64%] Built target task_msgs__rosidl_typesupport_cpp
[ 67%] [32m[1mLinking CXX shared library libtask_msgs__rosidl_typesupport_fastrtps_cpp.so[0m
[ 67%] Built target task_msgs__rosidl_typesupport_introspection_cpp
[ 67%] Built target task_msgs__rosidl_typesupport_fastrtps_cpp
[ 70%] [32m[1mLinking CXX shared library libtask_msgs__rosidl_typesupport_fastrtps_c.so[0m
[ 70%] Built target task_msgs__rosidl_typesupport_fastrtps_c
[ 70%] Built target task_msgs
[ 74%] [34m[1mGenerating Python code for ROS interfaces[0m
[ 74%] Built target task_msgs__py
[ 77%] [32mBuilding C object CMakeFiles/task_msgs__rosidl_generator_py.dir/rosidl_generator_py/task_msgs/msg/_task_s.c.o[0m
[ 80%] [32m[1mLinking C shared library rosidl_generator_py/task_msgs/libtask_msgs__rosidl_generator_py.so[0m
[ 80%] Built target task_msgs__rosidl_generator_py
[ 87%] [32mBuilding C object CMakeFiles/task_msgs__rosidl_typesupport_fastrtps_c__pyext.dir/rosidl_generator_py/task_msgs/_task_msgs_s.ep.rosidl_typesupport_fastrtps_c.c.o[0m
[ 87%] [32mBuilding C object CMakeFiles/task_msgs__rosidl_typesupport_introspection_c__pyext.dir/rosidl_generator_py/task_msgs/_task_msgs_s.ep.rosidl_typesupport_introspection_c.c.o[0m
[ 90%] [32mBuilding C object CMakeFiles/task_msgs__rosidl_typesupport_c__pyext.dir/rosidl_generator_py/task_msgs/_task_msgs_s.ep.rosidl_typesupport_c.c.o[0m
[ 96%] [32m[1mLinking C shared library rosidl_generator_py/task_msgs/task_msgs_s__rosidl_typesupport_introspection_c.cpython-310-x86_64-linux-gnu.so[0m
[ 96%] [32m[1mLinking C shared library rosidl_generator_py/task_msgs/task_msgs_s__rosidl_typesupport_fastrtps_c.cpython-310-x86_64-linux-gnu.so[0m
[100%] [32m[1mLinking C shared library rosidl_generator_py/task_msgs/task_msgs_s__rosidl_typesupport_c.cpython-310-x86_64-linux-gnu.so[0m
[100%] Built target task_msgs__rosidl_typesupport_introspection_c__pyext
[100%] Built target task_msgs__rosidl_typesupport_fastrtps_c__pyext
[100%] Built target task_msgs__rosidl_typesupport_c__pyext
-- Install configuration: ""
-- Installing: /home/maizaied03/ros2_ws/install/task_msgs/share/ament_index/resource_index/rosidl_interfaces/task_msgs
-- Installing: /home/maizaied03/ros2_ws/install/task_msgs/include/task_msgs/task_msgs
-- Installing: /home/maizaied03/ros2_ws/install/task_msgs/include/task_msgs/task_msgs/msg
-- Installing: /home/maizaied03/ros2_ws/install/task_msgs/include/task_msgs/task_msgs/msg/task.h
-- Installing: /home/maizaied03/ros2_ws/install/task_msgs/include/task_msgs/task_msgs/msg/rosidl_generator_c__visibility_control.h
-- Installing: /home/maizaied03/ros2_ws/install/task_msgs/include/task_msgs/task_msgs/msg/detail
-- Installing: /home/maizaied03/ros2_ws/install/task_msgs/include/task_msgs/task_msgs/msg/detail/task__functions.c
-- Installing: /home/maizaied03/ros2_ws/install/task_msgs/include/task_msgs/task_msgs/msg/detail/task__functions.h
-- Installing: /home/maizaied03/ros2_ws/install/task_msgs/include/task_msgs/task_msgs/msg/detail/task__struct.h
-- Installing: /home/maizaied03/ros2_ws/install/task_msgs/include/task_msgs/task_msgs/msg/detail/task__type_support.h
-- Installing: /home/maizaied03/ros2_ws/install/task_msgs/share/task_msgs/environment/library_path.sh
-- Installing: /home/maizaied03/ros2_ws/install/task_msgs/share/task_msgs/environment/library_path.dsv
-- Installing: /home/maizaied03/ros2_ws/install/task_msgs/lib/libtask_msgs__rosidl_generator_c.so
-- Set runtime path of "/home/maizaied03/ros2_ws/install/task_msgs/lib/libtask_msgs__rosidl_generator_c.so" to ""
-- Up-to-date: /home/maizaied03/ros2_ws/install/task_msgs/include/task_msgs/task_msgs
-- Up-to-date: /home/maizaied03/ros2_ws/install/task_msgs/include/task_msgs/task_msgs/msg
-- Installing: /home/maizaied03/ros2_ws/install/task_msgs/include/task_msgs/task_msgs/msg/rosidl_typesupport_fastrtps_c__visibility_control.h
-- Up-to-date: /home/maizaied03/ros2_ws/install/task_msgs/include/task_msgs/task_msgs/msg/detail
-- Installing: /home/maizaied03/ros2_ws/install/task_msgs/include/task_msgs/task_msgs/msg/detail/task__rosidl_typesupport_fastrtps_c.h
-- Installing: /home/maizaied03/ros2_ws/install/task_msgs/lib/libtask_msgs__rosidl_typesupport_fastrtps_c.so
-- Set runtime path of "/home/maizaied03/ros2_ws/install/task_msgs/lib/libtask_msgs__rosidl_typesupport_fastrtps_c.so" to ""
-- Up-to-date: /home/maizaied03/ros2_ws/install/task_msgs/include/task_msgs/task_msgs
-- Up-to-date: /home/maizaied03/ros2_ws/install/task_msgs/include/task_msgs/task_msgs/msg
-- Installing: /home/maizaied03/ros2_ws/install/task_msgs/include/task_msgs/task_msgs/msg/rosidl_typesupport_introspection_c__visibility_control.h
-- Up-to-date: /home/maizaied03/ros2_ws/install/task_msgs/include/task_msgs/task_msgs/msg/detail
-- Installing: /home/maizaied03/ros2_ws/install/task_msgs/include/task_msgs/task_msgs/msg/detail/task__rosidl_typesupport_introspection_c.h
-- Installing: /home/maizaied03/ros2_ws/install/task_msgs/include/task_msgs/task_msgs/msg/detail/task__type_support.c
-- Installing: /home/maizaied03/ros2_ws/install/task_msgs/lib/libtask_msgs__rosidl_typesupport_introspection_c.so
-- Set runtime path of "/home/maizaied03/ros2_ws/install/task_msgs/lib/libtask_msgs__rosidl_typesupport_introspection_c.so" to ""
-- Installing: /home/maizaied03/ros2_ws/install/task_msgs/lib/libtask_msgs__rosidl_typesupport_c.so
-- Set runtime path of "/home/maizaied03/ros2_ws/install/task_msgs/lib/libtask_msgs__rosidl_typesupport_c.so" to ""
-- Up-to-date: /home/maizaied03/ros2_ws/install/task_msgs/include/task_msgs/task_msgs
-- Up-to-date: /home/maizaied03/ros2_ws/install/task_msgs/include/task_msgs/task_msgs/msg
-- Installing: /home/maizaied03/ros2_ws/install/task_msgs/include/task_msgs/task_msgs/msg/task.hpp
-- Installing: /home/maizaied03/ros2_ws/install/task_msgs/include/task_msgs/task_msgs/msg/rosidl_generator_cpp__visibility_control.hpp
-- Up-to-date: /home/maizaied03/ros2_ws/install/task_msgs/include/task_msgs/task_msgs/msg/detail
-- Installing: /home/maizaied03/ros2_ws/install/task_msgs/include/task_msgs/task_msgs/msg/detail/task__struct.hpp
-- Installing: /home/maizaied03/ros2_ws/install/task_msgs/include/task_msgs/task_msgs/msg/detail/task__traits.hpp
-- Installing: /home/maizaied03/ros2_ws/install/task_msgs/include/task_msgs/task_msgs/msg/detail/task__type_support.hpp
-- Installing: /home/maizaied03/ros2_ws/install/task_msgs/include/task_msgs/task_msgs/msg/detail/task__builder.hpp
-- Up-to-date: /home/maizaied03/ros2_ws/install/task_msgs/include/task_msgs/task_msgs
-- Up-to-date: /home/maizaied03/ros2_ws/install/task_msgs/include/task_msgs/task_msgs/msg
-- Installing: /home/maizaied03/ros2_ws/install/task_msgs/include/task_msgs/task_msgs/msg/rosidl_typesupport_fastrtps_cpp__visibility_control.h
-- Up-to-date: /home/maizaied03/ros2_ws/install/task_msgs/include/task_msgs/task_msgs/msg/detail
-- Installing: /home/maizaied03/ros2_ws/install/task_msgs/include/task_msgs/task_msgs/msg/detail/dds_fastrtps
-- Installing: /home/maizaied03/ros2_ws/install/task_msgs/include/task_msgs/task_msgs/msg/detail/task__rosidl_typesupport_fastrtps_cpp.hpp
-- Installing: /home/maizaied03/ros2_ws/install/task_msgs/lib/libtask_msgs__rosidl_typesupport_fastrtps_cpp.so
-- Set runtime path of "/home/maizaied03/ros2_ws/install/task_msgs/lib/libtask_msgs__rosidl_typesupport_fastrtps_cpp.so" to ""
-- Up-to-date: /home/maizaied03/ros2_ws/install/task_msgs/include/task_msgs/task_msgs
-- Up-to-date: /home/maizaied03/ros2_ws/install/task_msgs/include/task_msgs/task_msgs/msg
-- Up-to-date: /home/maizaied03/ros2_ws/install/task_msgs/include/task_msgs/task_msgs/msg/detail
-- Installing: /home/maizaied03/ros2_ws/install/task_msgs/include/task_msgs/task_msgs/msg/detail/task__type_support.cpp
-- Installing: /home/maizaied03/ros2_ws/install/task_msgs/include/task_msgs/task_msgs/msg/detail/task__rosidl_typesupport_introspection_cpp.hpp
-- Installing: /home/maizaied03/ros2_ws/install/task_msgs/lib/libtask_msgs__rosidl_typesupport_introspection_cpp.so
-- Set runtime path of "/home/maizaied03/ros2_ws/install/task_msgs/lib/libtask_msgs__rosidl_typesupport_introspection_cpp.so" to ""
-- Installing: /home/maizaied03/ros2_ws/install/task_msgs/lib/libtask_msgs__rosidl_typesupport_cpp.so
-- Set runtime path of "/home/maizaied03/ros2_ws/install/task_msgs/lib/libtask_msgs__rosidl_typesupport_cpp.so" to ""
-- Installing: /home/maizaied03/ros2_ws/install/task_msgs/share/task_msgs/environment/pythonpath.sh
-- Installing: /home/maizaied03/ros2_ws/install/task_msgs/share/task_msgs/environment/pythonpath.dsv
-- Installing: /home/maizaied03/ros2_ws/install/task_msgs/local/lib/python3.10/dist-packages/task_msgs-0.0.1-py3.10.egg-info
-- Installing: /home/maizaied03/ros2_ws/install/task_msgs/local/lib/python3.10/dist-packages/task_msgs-0.0.1-py3.10.egg-info/SOURCES.txt
-- Installing: /home/maizaied03/ros2_ws/install/task_msgs/local/lib/python3.10/dist-packages/task_msgs-0.0.1-py3.10.egg-info/top_level.txt
-- Installing: /home/maizaied03/ros2_ws/install/task_msgs/local/lib/python3.10/dist-packages/task_msgs-0.0.1-py3.10.egg-info/dependency_links.txt
-- Installing: /home/maizaied03/ros2_ws/install/task_msgs/local/lib/python3.10/dist-packages/task_msgs-0.0.1-py3.10.egg-info/PKG-INFO
-- Installing: /home/maizaied03/ros2_ws/install/task_msgs/local/lib/python3.10/dist-packages/task_msgs
-- Installing: /home/maizaied03/ros2_ws/install/task_msgs/local/lib/python3.10/dist-packages/task_msgs/task_msgs_s__rosidl_typesupport_fastrtps_c.cpython-310-x86_64-linux-gnu.so
-- Installing: /home/maizaied03/ros2_ws/install/task_msgs/local/lib/python3.10/dist-packages/task_msgs/libtask_msgs__rosidl_generator_py.so
-- Installing: /home/maizaied03/ros2_ws/install/task_msgs/local/lib/python3.10/dist-packages/task_msgs/_task_msgs_s.ep.rosidl_typesupport_introspection_c.c
-- Installing: /home/maizaied03/ros2_ws/install/task_msgs/local/lib/python3.10/dist-packages/task_msgs/task_msgs_s__rosidl_typesupport_c.cpython-310-x86_64-linux-gnu.so
-- Installing: /home/maizaied03/ros2_ws/install/task_msgs/local/lib/python3.10/dist-packages/task_msgs/__init__.py
-- Installing: /home/maizaied03/ros2_ws/install/task_msgs/local/lib/python3.10/dist-packages/task_msgs/_task_msgs_s.ep.rosidl_typesupport_c.c
-- Installing: /home/maizaied03/ros2_ws/install/task_msgs/local/lib/python3.10/dist-packages/task_msgs/task_msgs_s__rosidl_typesupport_introspection_c.cpython-310-x86_64-linux-gnu.so
-- Installing: /home/maizaied03/ros2_ws/install/task_msgs/local/lib/python3.10/dist-packages/task_msgs/msg
-- Installing: /home/maizaied03/ros2_ws/install/task_msgs/local/lib/python3.10/dist-packages/task_msgs/msg/_task_s.c
-- Installing: /home/maizaied03/ros2_ws/install/task_msgs/local/lib/python3.10/dist-packages/task_msgs/msg/__init__.py
-- Installing: /home/maizaied03/ros2_ws/install/task_msgs/local/lib/python3.10/dist-packages/task_msgs/msg/_task.py
-- Installing: /home/maizaied03/ros2_ws/install/task_msgs/local/lib/python3.10/dist-packages/task_msgs/_task_msgs_s.ep.rosidl_typesupport_fastrtps_c.c
Listing '/home/maizaied03/ros2_ws/install/task_msgs/local/lib/python3.10/dist-packages/task_msgs'...
Compiling '/home/maizaied03/ros2_ws/install/task_msgs/local/lib/python3.10/dist-packages/task_msgs/__init__.py'...
Listing '/home/maizaied03/ros2_ws/install/task_msgs/local/lib/python3.10/dist-packages/task_msgs/msg'...
Compiling '/home/maizaied03/ros2_ws/install/task_msgs/local/lib/python3.10/dist-packages/task_msgs/msg/__init__.py'...
Compiling '/home/maizaied03/ros2_ws/install/task_msgs/local/lib/python3.10/dist-packages/task_msgs/msg/_task.py'...
-- Installing: /home/maizaied03/ros2_ws/install/task_msgs/local/lib/python3.10/dist-packages/task_msgs/task_msgs_s__rosidl_typesupport_fastrtps_c.cpython-310-x86_64-linux-gnu.so
-- Set runtime path of "/home/maizaied03/ros2_ws/install/task_msgs/local/lib/python3.10/dist-packages/task_msgs/task_msgs_s__rosidl_typesupport_fastrtps_c.cpython-310-x86_64-linux-gnu.so" to ""
-- Installing: /home/maizaied03/ros2_ws/install/task_msgs/local/lib/python3.10/dist-packages/task_msgs/task_msgs_s__rosidl_typesupport_introspection_c.cpython-310-x86_64-linux-gnu.so
-- Set runtime path of "/home/maizaied03/ros2_ws/install/task_msgs/local/lib/python3.10/dist-packages/task_msgs/task_msgs_s__rosidl_typesupport_introspection_c.cpython-310-x86_64-linux-gnu.so" to ""
-- Installing: /home/maizaied03/ros2_ws/install/task_msgs/local/lib/python3.10/dist-packages/task_msgs/task_msgs_s__rosidl_typesupport_c.cpython-310-x86_64-linux-gnu.so
-- Set runtime path of "/home/maizaied03/ros2_ws/install/task_msgs/local/lib/python3.10/dist-packages/task_msgs/task_msgs_s__rosidl_typesupport_c.cpython-310-x86_64-linux-gnu.so" to ""
-- Installing: /home/maizaied03/ros2_ws/install/task_msgs/lib/libtask_msgs__rosidl_generator_py.so
-- Set runtime path of "/home/maizaied03/ros2_ws/install/task_msgs/lib/libtask_msgs__rosidl_generator_py.so" to ""
-- Installing: /home/maizaied03/ros2_ws/install/task_msgs/share/task_msgs/msg/Task.idl
-- Installing: /home/maizaied03/ros2_ws/install/task_msgs/share/task_msgs/msg/Task.msg
-- Installing: /home/maizaied03/ros2_ws/install/task_msgs/share/ament_index/resource_index/package_run_dependencies/task_msgs
-- Installing: /home/maizaied03/ros2_ws/install/task_msgs/share/ament_index/resource_index/parent_prefix_path/task_msgs
-- Installing: /home/maizaied03/ros2_ws/install/task_msgs/share/task_msgs/environment/ament_prefix_path.sh
-- Installing: /home/maizaied03/ros2_ws/install/task_msgs/share/task_msgs/environment/ament_prefix_path.dsv
-- Installing: /home/maizaied03/ros2_ws/install/task_msgs/share/task_msgs/environment/path.sh
-- Installing: /home/maizaied03/ros2_ws/install/task_msgs/share/task_msgs/environment/path.dsv
-- Installing: /home/maizaied03/ros2_ws/install/task_msgs/share/task_msgs/local_setup.bash
-- Installing: /home/maizaied03/ros2_ws/install/task_msgs/share/task_msgs/local_setup.sh
-- Installing: /home/maizaied03/ros2_ws/install/task_msgs/share/task_msgs/local_setup.zsh
-- Installing: /home/maizaied03/ros2_ws/install/task_msgs/share/task_msgs/local_setup.dsv
-- Installing: /home/maizaied03/ros2_ws/install/task_msgs/share/task_msgs/package.dsv
-- Installing: /home/maizaied03/ros2_ws/install/task_msgs/share/ament_index/resource_index/packages/task_msgs
-- Installing: /home/maizaied03/ros2_ws/install/task_msgs/share/task_msgs/cmake/export_task_msgs__rosidl_generator_cExport.cmake
-- Installing: /home/maizaied03/ros2_ws/install/task_msgs/share/task_msgs/cmake/export_task_msgs__rosidl_generator_cExport-noconfig.cmake
-- Installing: /home/maizaied03/ros2_ws/install/task_msgs/share/task_msgs/cmake/export_task_msgs__rosidl_typesupport_fastrtps_cExport.cmake
-- Installing: /home/maizaied03/ros2_ws/install/task_msgs/share/task_msgs/cmake/export_task_msgs__rosidl_typesupport_fastrtps_cExport-noconfig.cmake
-- Installing: /home/maizaied03/ros2_ws/install/task_msgs/share/task_msgs/cmake/task_msgs__rosidl_typesupport_introspection_cExport.cmake
-- Installing: /home/maizaied03/ros2_ws/install/task_msgs/share/task_msgs/cmake/task_msgs__rosidl_typesupport_introspection_cExport-noconfig.cmake
-- Installing: /home/maizaied03/ros2_ws/install/task_msgs/share/task_msgs/cmake/task_msgs__rosidl_typesupport_cExport.cmake
-- Installing: /home/maizaied03/ros2_ws/install/task_msgs/share/task_msgs/cmake/task_msgs__rosidl_typesupport_cExport-noconfig.cmake
-- Installing: /home/maizaied03/ros2_ws/install/task_msgs/share/task_msgs/cmake/export_task_msgs__rosidl_generator_cppExport.cmake
-- Installing: /home/maizaied03/ros2_ws/install/task_msgs/share/task_msgs/cmake/export_task_msgs__rosidl_typesupport_fastrtps_cppExport.cmake
-- Installing: /home/maizaied03/ros2_ws/install/task_msgs/share/task_msgs/cmake/export_task_msgs__rosidl_typesupport_fastrtps_cppExport-noconfig.cmake
-- Installing: /home/maizaied03/ros2_ws/install/task_msgs/share/task_msgs/cmake/task_msgs__rosidl_typesupport_introspection_cppExport.cmake
-- Installing: /home/maizaied03/ros2_ws/install/task_msgs/share/task_msgs/cmake/task_msgs__rosidl_typesupport_introspection_cppExport-noconfig.cmake
-- Installing: /home/maizaied03/ros2_ws/install/task_msgs/share/task_msgs/cmake/task_msgs__rosidl_typesupport_cppExport.cmake
-- Installing: /home/maizaied03/ros2_ws/install/task_msgs/share/task_msgs/cmake/task_msgs__rosidl_typesupport_cppExport-noconfig.cmake
-- Installing: /home/maizaied03/ros2_ws/install/task_msgs/share/task_msgs/cmake/export_task_msgs__rosidl_generator_pyExport.cmake
-- Installing: /home/maizaied03/ros2_ws/install/task_msgs/share/task_msgs/cmake/export_task_msgs__rosidl_generator_pyExport-noconfig.cmake
-- Installing: /home/maizaied03/ros2_ws/install/task_msgs/share/task_msgs/cmake/rosidl_cmake-extras.cmake
-- Installing: /home/maizaied03/ros2_ws/install/task_msgs/share/task_msgs/cmake/ament_cmake_export_dependencies-extras.cmake
-- Installing: /home/maizaied03/ros2_ws/install/task_msgs/share/task_msgs/cmake/ament_cmake_export_include_directories-extras.cmake
-- Installing: /home/maizaied03/ros2_ws/install/task_msgs/share/task_msgs/cmake/ament_cmake_export_libraries-extras.cmake
-- Installing: /home/maizaied03/ros2_ws/install/task_msgs/share/task_msgs/cmake/ament_cmake_export_targets-extras.cmake
-- Installing: /home/maizaied03/ros2_ws/install/task_msgs/share/task_msgs/cmake/rosidl_cmake_export_typesupport_targets-extras.cmake
-- Installing: /home/maizaied03/ros2_ws/install/task_msgs/share/task_msgs/cmake/rosidl_cmake_export_typesupport_libraries-extras.cmake
-- Installing: /home/maizaied03/ros2_ws/install/task_msgs/share/task_msgs/cmake/task_msgsConfig.cmake
-- Installing: /home/maizaied03/ros2_ws/install/task_msgs/share/task_msgs/cmake/task_msgsConfig-version.cmake
-- Installing: /home/maizaied03/ros2_ws/install/task_msgs/share/task_msgs/package.xml
