[0.008s] Invoking command in '/home/maizaied03/ros2_ws/build/task_msgs': CMAKE_PREFIX_PATH=/opt/ros/humble /usr/bin/cmake /home/maizaied03/ros2_ws/src/task_msgs -DCMAKE_INSTALL_PREFIX=/home/maizaied03/ros2_ws/install/task_msgs
[0.269s] -- The C compiler identification is GNU 11.4.0
[0.314s] -- The CXX compiler identification is GNU 11.4.0
[0.323s] -- Detecting C compiler ABI info
[0.401s] -- Detecting C compiler ABI info - done
[0.406s] -- Check for working C compiler: /usr/bin/cc - skipped
[0.407s] -- Detecting C compile features
[0.407s] -- Detecting C compile features - done
[0.410s] -- Detecting CXX compiler ABI info
[0.489s] -- Detecting CXX compiler ABI info - done
[0.494s] -- Check for working CXX compiler: /usr/bin/c++ - skipped
[0.494s] -- Detecting CXX compile features
[0.494s] -- Detecting CXX compile features - done
[0.515s] -- Found ament_cmake: 1.3.12 (/opt/ros/humble/share/ament_cmake/cmake)
[0.638s] -- Found Python3: /usr/bin/python3 (found version "3.10.12") found components: Interpreter 
[0.750s] -- Found rosidl_default_generators: 1.2.0 (/opt/ros/humble/share/rosidl_default_generators/cmake)
[0.757s] -- Using all available rosidl_typesupport_c: rosidl_typesupport_fastrtps_c;rosidl_typesupport_introspection_c
[0.764s] -- Found rosidl_adapter: 3.1.7 (/opt/ros/humble/share/rosidl_adapter/cmake)
[0.826s] -- Using all available rosidl_typesupport_cpp: rosidl_typesupport_fastrtps_cpp;rosidl_typesupport_introspection_cpp
[0.874s] -- Found builtin_interfaces: 1.2.2 (/opt/ros/humble/share/builtin_interfaces/cmake)
[1.063s] -- Found ament_cmake_ros: 0.10.0 (/opt/ros/humble/share/ament_cmake_ros/cmake)
[1.194s] -- Using all available rosidl_typesupport_c: rosidl_typesupport_fastrtps_c;rosidl_typesupport_introspection_c
[1.365s] -- Using all available rosidl_typesupport_cpp: rosidl_typesupport_fastrtps_cpp;rosidl_typesupport_introspection_cpp
[1.383s] -- Found PythonInterp: /usr/bin/python3 (found suitable version "3.10.12", minimum required is "3.6") 
[1.385s] -- Found python_cmake_module: 0.10.0 (/opt/ros/humble/share/python_cmake_module/cmake)
[1.409s] -- Found PythonLibs: /usr/lib/x86_64-linux-gnu/libpython3.10.so (found suitable version "3.10.12", minimum required is "3.5") 
[1.409s] -- Using PYTHON_EXECUTABLE: /usr/bin/python3
[1.409s] -- Using PYTHON_INCLUDE_DIRS: /usr/include/python3.10
[1.409s] -- Using PYTHON_LIBRARIES: /usr/lib/x86_64-linux-gnu/libpython3.10.so
[1.424s] -- Found PythonExtra: .so  
[1.456s] -- Configuring done
[1.478s] -- Generating done
[1.485s] -- Build files have been written to: /home/maizaied03/ros2_ws/build/task_msgs
[1.490s] Invoked command in '/home/maizaied03/ros2_ws/build/task_msgs' returned '0': CMAKE_PREFIX_PATH=/opt/ros/humble /usr/bin/cmake /home/maizaied03/ros2_ws/src/task_msgs -DCMAKE_INSTALL_PREFIX=/home/maizaied03/ros2_ws/install/task_msgs
[1.491s] Invoking command in '/home/maizaied03/ros2_ws/build/task_msgs': CMAKE_PREFIX_PATH=/opt/ros/humble /usr/bin/cmake --build /home/maizaied03/ros2_ws/build/task_msgs -- -j8 -l8
[1.518s] [  3%] [34m[1mGenerating C code for ROS interfaces[0m
[1.524s] [  6%] [34m[1mGenerating C++ code for ROS interfaces[0m
[1.532s] [  6%] Built target ament_cmake_python_copy_task_msgs
[1.692s] running egg_info
[1.692s] creating task_msgs.egg-info
[1.693s] writing task_msgs.egg-info/PKG-INFO
[1.693s] writing dependency_links to task_msgs.egg-info/dependency_links.txt
[1.693s] writing top-level names to task_msgs.egg-info/top_level.txt
[1.693s] writing manifest file 'task_msgs.egg-info/SOURCES.txt'
[1.694s] reading manifest file 'task_msgs.egg-info/SOURCES.txt'
[1.694s] writing manifest file 'task_msgs.egg-info/SOURCES.txt'
[1.714s] [  6%] Built target ament_cmake_python_build_task_msgs_egg
[1.757s] [  6%] Built target task_msgs__cpp
[1.763s] [ 16%] [34m[1mGenerating C++ type support for eProsima Fast-RTPS[0m
[1.763s] [ 16%] [34m[1mGenerating C++ introspection for ROS interfaces[0m
[1.763s] [ 16%] [34m[1mGenerating C++ type support dispatch for ROS interfaces[0m
[1.767s] [ 19%] [32mBuilding C object CMakeFiles/task_msgs__rosidl_generator_c.dir/rosidl_generator_c/task_msgs/msg/detail/task__functions.c.o[0m
[1.821s] [ 22%] [32m[1mLinking C shared library libtask_msgs__rosidl_generator_c.so[0m
[1.846s] [ 22%] Built target task_msgs__rosidl_generator_c
[1.855s] [ 25%] [34m[1mGenerating C introspection for ROS interfaces[0m
[1.856s] [ 29%] [34m[1mGenerating C type support for eProsima Fast-RTPS[0m
[1.856s] [ 32%] [34m[1mGenerating C type support dispatch for ROS interfaces[0m
[2.010s] [ 35%] [32mBuilding CXX object CMakeFiles/task_msgs__rosidl_typesupport_introspection_cpp.dir/rosidl_typesupport_introspection_cpp/task_msgs/msg/detail/task__type_support.cpp.o[0m
[2.048s] [ 38%] [32mBuilding CXX object CMakeFiles/task_msgs__rosidl_typesupport_cpp.dir/rosidl_typesupport_cpp/task_msgs/msg/task__type_support.cpp.o[0m
[2.049s] [ 41%] [32mBuilding CXX object CMakeFiles/task_msgs__rosidl_typesupport_fastrtps_cpp.dir/rosidl_typesupport_fastrtps_cpp/task_msgs/msg/detail/dds_fastrtps/task__type_support.cpp.o[0m
[2.225s] [ 45%] [32mBuilding CXX object CMakeFiles/task_msgs__rosidl_typesupport_c.dir/rosidl_typesupport_c/task_msgs/msg/task__type_support.cpp.o[0m
[2.251s] [ 48%] [32mBuilding CXX object CMakeFiles/task_msgs__rosidl_typesupport_fastrtps_c.dir/rosidl_typesupport_fastrtps_c/task_msgs/msg/detail/task__type_support_c.cpp.o[0m
[2.253s] [ 51%] [32mBuilding C object CMakeFiles/task_msgs__rosidl_typesupport_introspection_c.dir/rosidl_typesupport_introspection_c/task_msgs/msg/detail/task__type_support.c.o[0m
[2.260s] [ 54%] [32m[1mLinking CXX shared library libtask_msgs__rosidl_typesupport_c.so[0m
[2.295s] [ 58%] [32m[1mLinking C shared library libtask_msgs__rosidl_typesupport_introspection_c.so[0m
[2.296s] [ 58%] Built target task_msgs__rosidl_typesupport_c
[2.322s] [ 61%] [32m[1mLinking CXX shared library libtask_msgs__rosidl_typesupport_cpp.so[0m
[2.323s] [ 61%] Built target task_msgs__rosidl_typesupport_introspection_c
[2.338s] [ 64%] [32m[1mLinking CXX shared library libtask_msgs__rosidl_typesupport_introspection_cpp.so[0m
[2.354s] [ 64%] Built target task_msgs__rosidl_typesupport_cpp
[2.378s] [ 67%] [32m[1mLinking CXX shared library libtask_msgs__rosidl_typesupport_fastrtps_cpp.so[0m
[2.388s] [ 67%] Built target task_msgs__rosidl_typesupport_introspection_cpp
[2.436s] [ 67%] Built target task_msgs__rosidl_typesupport_fastrtps_cpp
[2.548s] [ 70%] [32m[1mLinking CXX shared library libtask_msgs__rosidl_typesupport_fastrtps_c.so[0m
[2.602s] [ 70%] Built target task_msgs__rosidl_typesupport_fastrtps_c
[2.615s] [ 70%] Built target task_msgs
[2.627s] [ 74%] [34m[1mGenerating Python code for ROS interfaces[0m
[2.948s] [ 74%] Built target task_msgs__py
[2.970s] [ 77%] [32mBuilding C object CMakeFiles/task_msgs__rosidl_generator_py.dir/rosidl_generator_py/task_msgs/msg/_task_s.c.o[0m
[3.208s] [ 80%] [32m[1mLinking C shared library rosidl_generator_py/task_msgs/libtask_msgs__rosidl_generator_py.so[0m
[3.239s] [ 80%] Built target task_msgs__rosidl_generator_py
[3.254s] [ 87%] [32mBuilding C object CMakeFiles/task_msgs__rosidl_typesupport_fastrtps_c__pyext.dir/rosidl_generator_py/task_msgs/_task_msgs_s.ep.rosidl_typesupport_fastrtps_c.c.o[0m
[3.254s] [ 87%] [32mBuilding C object CMakeFiles/task_msgs__rosidl_typesupport_introspection_c__pyext.dir/rosidl_generator_py/task_msgs/_task_msgs_s.ep.rosidl_typesupport_introspection_c.c.o[0m
[3.254s] [ 90%] [32mBuilding C object CMakeFiles/task_msgs__rosidl_typesupport_c__pyext.dir/rosidl_generator_py/task_msgs/_task_msgs_s.ep.rosidl_typesupport_c.c.o[0m
[3.321s] [ 96%] [32m[1mLinking C shared library rosidl_generator_py/task_msgs/task_msgs_s__rosidl_typesupport_introspection_c.cpython-310-x86_64-linux-gnu.so[0m
[3.321s] [ 96%] [32m[1mLinking C shared library rosidl_generator_py/task_msgs/task_msgs_s__rosidl_typesupport_fastrtps_c.cpython-310-x86_64-linux-gnu.so[0m
[3.325s] [100%] [32m[1mLinking C shared library rosidl_generator_py/task_msgs/task_msgs_s__rosidl_typesupport_c.cpython-310-x86_64-linux-gnu.so[0m
[3.346s] [100%] Built target task_msgs__rosidl_typesupport_introspection_c__pyext
[3.347s] [100%] Built target task_msgs__rosidl_typesupport_fastrtps_c__pyext
[3.351s] [100%] Built target task_msgs__rosidl_typesupport_c__pyext
[3.360s] Invoked command in '/home/maizaied03/ros2_ws/build/task_msgs' returned '0': CMAKE_PREFIX_PATH=/opt/ros/humble /usr/bin/cmake --build /home/maizaied03/ros2_ws/build/task_msgs -- -j8 -l8
[3.367s] Invoking command in '/home/maizaied03/ros2_ws/build/task_msgs': CMAKE_PREFIX_PATH=/opt/ros/humble /usr/bin/cmake --install /home/maizaied03/ros2_ws/build/task_msgs
[3.373s] -- Install configuration: ""
[3.373s] -- Installing: /home/maizaied03/ros2_ws/install/task_msgs/share/ament_index/resource_index/rosidl_interfaces/task_msgs
[3.373s] -- Installing: /home/maizaied03/ros2_ws/install/task_msgs/include/task_msgs/task_msgs
[3.373s] -- Installing: /home/maizaied03/ros2_ws/install/task_msgs/include/task_msgs/task_msgs/msg
[3.373s] -- Installing: /home/maizaied03/ros2_ws/install/task_msgs/include/task_msgs/task_msgs/msg/task.h
[3.373s] -- Installing: /home/maizaied03/ros2_ws/install/task_msgs/include/task_msgs/task_msgs/msg/rosidl_generator_c__visibility_control.h
[3.373s] -- Installing: /home/maizaied03/ros2_ws/install/task_msgs/include/task_msgs/task_msgs/msg/detail
[3.373s] -- Installing: /home/maizaied03/ros2_ws/install/task_msgs/include/task_msgs/task_msgs/msg/detail/task__functions.c
[3.373s] -- Installing: /home/maizaied03/ros2_ws/install/task_msgs/include/task_msgs/task_msgs/msg/detail/task__functions.h
[3.374s] -- Installing: /home/maizaied03/ros2_ws/install/task_msgs/include/task_msgs/task_msgs/msg/detail/task__struct.h
[3.374s] -- Installing: /home/maizaied03/ros2_ws/install/task_msgs/include/task_msgs/task_msgs/msg/detail/task__type_support.h
[3.374s] -- Installing: /home/maizaied03/ros2_ws/install/task_msgs/share/task_msgs/environment/library_path.sh
[3.374s] -- Installing: /home/maizaied03/ros2_ws/install/task_msgs/share/task_msgs/environment/library_path.dsv
[3.374s] -- Installing: /home/maizaied03/ros2_ws/install/task_msgs/lib/libtask_msgs__rosidl_generator_c.so
[3.374s] -- Set runtime path of "/home/maizaied03/ros2_ws/install/task_msgs/lib/libtask_msgs__rosidl_generator_c.so" to ""
[3.374s] -- Up-to-date: /home/maizaied03/ros2_ws/install/task_msgs/include/task_msgs/task_msgs
[3.374s] -- Up-to-date: /home/maizaied03/ros2_ws/install/task_msgs/include/task_msgs/task_msgs/msg
[3.374s] -- Installing: /home/maizaied03/ros2_ws/install/task_msgs/include/task_msgs/task_msgs/msg/rosidl_typesupport_fastrtps_c__visibility_control.h
[3.374s] -- Up-to-date: /home/maizaied03/ros2_ws/install/task_msgs/include/task_msgs/task_msgs/msg/detail
[3.374s] -- Installing: /home/maizaied03/ros2_ws/install/task_msgs/include/task_msgs/task_msgs/msg/detail/task__rosidl_typesupport_fastrtps_c.h
[3.374s] -- Installing: /home/maizaied03/ros2_ws/install/task_msgs/lib/libtask_msgs__rosidl_typesupport_fastrtps_c.so
[3.374s] -- Set runtime path of "/home/maizaied03/ros2_ws/install/task_msgs/lib/libtask_msgs__rosidl_typesupport_fastrtps_c.so" to ""
[3.374s] -- Up-to-date: /home/maizaied03/ros2_ws/install/task_msgs/include/task_msgs/task_msgs
[3.375s] -- Up-to-date: /home/maizaied03/ros2_ws/install/task_msgs/include/task_msgs/task_msgs/msg
[3.375s] -- Installing: /home/maizaied03/ros2_ws/install/task_msgs/include/task_msgs/task_msgs/msg/rosidl_typesupport_introspection_c__visibility_control.h
[3.375s] -- Up-to-date: /home/maizaied03/ros2_ws/install/task_msgs/include/task_msgs/task_msgs/msg/detail
[3.375s] -- Installing: /home/maizaied03/ros2_ws/install/task_msgs/include/task_msgs/task_msgs/msg/detail/task__rosidl_typesupport_introspection_c.h
[3.375s] -- Installing: /home/maizaied03/ros2_ws/install/task_msgs/include/task_msgs/task_msgs/msg/detail/task__type_support.c
[3.375s] -- Installing: /home/maizaied03/ros2_ws/install/task_msgs/lib/libtask_msgs__rosidl_typesupport_introspection_c.so
[3.375s] -- Set runtime path of "/home/maizaied03/ros2_ws/install/task_msgs/lib/libtask_msgs__rosidl_typesupport_introspection_c.so" to ""
[3.375s] -- Installing: /home/maizaied03/ros2_ws/install/task_msgs/lib/libtask_msgs__rosidl_typesupport_c.so
[3.375s] -- Set runtime path of "/home/maizaied03/ros2_ws/install/task_msgs/lib/libtask_msgs__rosidl_typesupport_c.so" to ""
[3.375s] -- Up-to-date: /home/maizaied03/ros2_ws/install/task_msgs/include/task_msgs/task_msgs
[3.375s] -- Up-to-date: /home/maizaied03/ros2_ws/install/task_msgs/include/task_msgs/task_msgs/msg
[3.375s] -- Installing: /home/maizaied03/ros2_ws/install/task_msgs/include/task_msgs/task_msgs/msg/task.hpp
[3.375s] -- Installing: /home/maizaied03/ros2_ws/install/task_msgs/include/task_msgs/task_msgs/msg/rosidl_generator_cpp__visibility_control.hpp
[3.375s] -- Up-to-date: /home/maizaied03/ros2_ws/install/task_msgs/include/task_msgs/task_msgs/msg/detail
[3.375s] -- Installing: /home/maizaied03/ros2_ws/install/task_msgs/include/task_msgs/task_msgs/msg/detail/task__struct.hpp
[3.376s] -- Installing: /home/maizaied03/ros2_ws/install/task_msgs/include/task_msgs/task_msgs/msg/detail/task__traits.hpp
[3.376s] -- Installing: /home/maizaied03/ros2_ws/install/task_msgs/include/task_msgs/task_msgs/msg/detail/task__type_support.hpp
[3.376s] -- Installing: /home/maizaied03/ros2_ws/install/task_msgs/include/task_msgs/task_msgs/msg/detail/task__builder.hpp
[3.376s] -- Up-to-date: /home/maizaied03/ros2_ws/install/task_msgs/include/task_msgs/task_msgs
[3.376s] -- Up-to-date: /home/maizaied03/ros2_ws/install/task_msgs/include/task_msgs/task_msgs/msg
[3.376s] -- Installing: /home/maizaied03/ros2_ws/install/task_msgs/include/task_msgs/task_msgs/msg/rosidl_typesupport_fastrtps_cpp__visibility_control.h
[3.376s] -- Up-to-date: /home/maizaied03/ros2_ws/install/task_msgs/include/task_msgs/task_msgs/msg/detail
[3.376s] -- Installing: /home/maizaied03/ros2_ws/install/task_msgs/include/task_msgs/task_msgs/msg/detail/dds_fastrtps
[3.376s] -- Installing: /home/maizaied03/ros2_ws/install/task_msgs/include/task_msgs/task_msgs/msg/detail/task__rosidl_typesupport_fastrtps_cpp.hpp
[3.376s] -- Installing: /home/maizaied03/ros2_ws/install/task_msgs/lib/libtask_msgs__rosidl_typesupport_fastrtps_cpp.so
[3.376s] -- Set runtime path of "/home/maizaied03/ros2_ws/install/task_msgs/lib/libtask_msgs__rosidl_typesupport_fastrtps_cpp.so" to ""
[3.376s] -- Up-to-date: /home/maizaied03/ros2_ws/install/task_msgs/include/task_msgs/task_msgs
[3.376s] -- Up-to-date: /home/maizaied03/ros2_ws/install/task_msgs/include/task_msgs/task_msgs/msg
[3.376s] -- Up-to-date: /home/maizaied03/ros2_ws/install/task_msgs/include/task_msgs/task_msgs/msg/detail
[3.376s] -- Installing: /home/maizaied03/ros2_ws/install/task_msgs/include/task_msgs/task_msgs/msg/detail/task__type_support.cpp
[3.376s] -- Installing: /home/maizaied03/ros2_ws/install/task_msgs/include/task_msgs/task_msgs/msg/detail/task__rosidl_typesupport_introspection_cpp.hpp
[3.376s] -- Installing: /home/maizaied03/ros2_ws/install/task_msgs/lib/libtask_msgs__rosidl_typesupport_introspection_cpp.so
[3.377s] -- Set runtime path of "/home/maizaied03/ros2_ws/install/task_msgs/lib/libtask_msgs__rosidl_typesupport_introspection_cpp.so" to ""
[3.377s] -- Installing: /home/maizaied03/ros2_ws/install/task_msgs/lib/libtask_msgs__rosidl_typesupport_cpp.so
[3.377s] -- Set runtime path of "/home/maizaied03/ros2_ws/install/task_msgs/lib/libtask_msgs__rosidl_typesupport_cpp.so" to ""
[3.377s] -- Installing: /home/maizaied03/ros2_ws/install/task_msgs/share/task_msgs/environment/pythonpath.sh
[3.377s] -- Installing: /home/maizaied03/ros2_ws/install/task_msgs/share/task_msgs/environment/pythonpath.dsv
[3.377s] -- Installing: /home/maizaied03/ros2_ws/install/task_msgs/local/lib/python3.10/dist-packages/task_msgs-0.0.1-py3.10.egg-info
[3.377s] -- Installing: /home/maizaied03/ros2_ws/install/task_msgs/local/lib/python3.10/dist-packages/task_msgs-0.0.1-py3.10.egg-info/SOURCES.txt
[3.377s] -- Installing: /home/maizaied03/ros2_ws/install/task_msgs/local/lib/python3.10/dist-packages/task_msgs-0.0.1-py3.10.egg-info/top_level.txt
[3.377s] -- Installing: /home/maizaied03/ros2_ws/install/task_msgs/local/lib/python3.10/dist-packages/task_msgs-0.0.1-py3.10.egg-info/dependency_links.txt
[3.377s] -- Installing: /home/maizaied03/ros2_ws/install/task_msgs/local/lib/python3.10/dist-packages/task_msgs-0.0.1-py3.10.egg-info/PKG-INFO
[3.377s] -- Installing: /home/maizaied03/ros2_ws/install/task_msgs/local/lib/python3.10/dist-packages/task_msgs
[3.377s] -- Installing: /home/maizaied03/ros2_ws/install/task_msgs/local/lib/python3.10/dist-packages/task_msgs/task_msgs_s__rosidl_typesupport_fastrtps_c.cpython-310-x86_64-linux-gnu.so
[3.377s] -- Installing: /home/maizaied03/ros2_ws/install/task_msgs/local/lib/python3.10/dist-packages/task_msgs/libtask_msgs__rosidl_generator_py.so
[3.377s] -- Installing: /home/maizaied03/ros2_ws/install/task_msgs/local/lib/python3.10/dist-packages/task_msgs/_task_msgs_s.ep.rosidl_typesupport_introspection_c.c
[3.378s] -- Installing: /home/maizaied03/ros2_ws/install/task_msgs/local/lib/python3.10/dist-packages/task_msgs/task_msgs_s__rosidl_typesupport_c.cpython-310-x86_64-linux-gnu.so
[3.378s] -- Installing: /home/maizaied03/ros2_ws/install/task_msgs/local/lib/python3.10/dist-packages/task_msgs/__init__.py
[3.378s] -- Installing: /home/maizaied03/ros2_ws/install/task_msgs/local/lib/python3.10/dist-packages/task_msgs/_task_msgs_s.ep.rosidl_typesupport_c.c
[3.378s] -- Installing: /home/maizaied03/ros2_ws/install/task_msgs/local/lib/python3.10/dist-packages/task_msgs/task_msgs_s__rosidl_typesupport_introspection_c.cpython-310-x86_64-linux-gnu.so
[3.378s] -- Installing: /home/maizaied03/ros2_ws/install/task_msgs/local/lib/python3.10/dist-packages/task_msgs/msg
[3.378s] -- Installing: /home/maizaied03/ros2_ws/install/task_msgs/local/lib/python3.10/dist-packages/task_msgs/msg/_task_s.c
[3.378s] -- Installing: /home/maizaied03/ros2_ws/install/task_msgs/local/lib/python3.10/dist-packages/task_msgs/msg/__init__.py
[3.378s] -- Installing: /home/maizaied03/ros2_ws/install/task_msgs/local/lib/python3.10/dist-packages/task_msgs/msg/_task.py
[3.378s] -- Installing: /home/maizaied03/ros2_ws/install/task_msgs/local/lib/python3.10/dist-packages/task_msgs/_task_msgs_s.ep.rosidl_typesupport_fastrtps_c.c
[3.402s] Listing '/home/maizaied03/ros2_ws/install/task_msgs/local/lib/python3.10/dist-packages/task_msgs'...
[3.402s] Compiling '/home/maizaied03/ros2_ws/install/task_msgs/local/lib/python3.10/dist-packages/task_msgs/__init__.py'...
[3.402s] Listing '/home/maizaied03/ros2_ws/install/task_msgs/local/lib/python3.10/dist-packages/task_msgs/msg'...
[3.402s] Compiling '/home/maizaied03/ros2_ws/install/task_msgs/local/lib/python3.10/dist-packages/task_msgs/msg/__init__.py'...
[3.402s] Compiling '/home/maizaied03/ros2_ws/install/task_msgs/local/lib/python3.10/dist-packages/task_msgs/msg/_task.py'...
[3.405s] -- Installing: /home/maizaied03/ros2_ws/install/task_msgs/local/lib/python3.10/dist-packages/task_msgs/task_msgs_s__rosidl_typesupport_fastrtps_c.cpython-310-x86_64-linux-gnu.so
[3.406s] -- Set runtime path of "/home/maizaied03/ros2_ws/install/task_msgs/local/lib/python3.10/dist-packages/task_msgs/task_msgs_s__rosidl_typesupport_fastrtps_c.cpython-310-x86_64-linux-gnu.so" to ""
[3.406s] -- Installing: /home/maizaied03/ros2_ws/install/task_msgs/local/lib/python3.10/dist-packages/task_msgs/task_msgs_s__rosidl_typesupport_introspection_c.cpython-310-x86_64-linux-gnu.so
[3.406s] -- Set runtime path of "/home/maizaied03/ros2_ws/install/task_msgs/local/lib/python3.10/dist-packages/task_msgs/task_msgs_s__rosidl_typesupport_introspection_c.cpython-310-x86_64-linux-gnu.so" to ""
[3.406s] -- Installing: /home/maizaied03/ros2_ws/install/task_msgs/local/lib/python3.10/dist-packages/task_msgs/task_msgs_s__rosidl_typesupport_c.cpython-310-x86_64-linux-gnu.so
[3.406s] -- Set runtime path of "/home/maizaied03/ros2_ws/install/task_msgs/local/lib/python3.10/dist-packages/task_msgs/task_msgs_s__rosidl_typesupport_c.cpython-310-x86_64-linux-gnu.so" to ""
[3.406s] -- Installing: /home/maizaied03/ros2_ws/install/task_msgs/lib/libtask_msgs__rosidl_generator_py.so
[3.406s] -- Set runtime path of "/home/maizaied03/ros2_ws/install/task_msgs/lib/libtask_msgs__rosidl_generator_py.so" to ""
[3.407s] -- Installing: /home/maizaied03/ros2_ws/install/task_msgs/share/task_msgs/msg/Task.idl
[3.407s] -- Installing: /home/maizaied03/ros2_ws/install/task_msgs/share/task_msgs/msg/Task.msg
[3.407s] -- Installing: /home/maizaied03/ros2_ws/install/task_msgs/share/ament_index/resource_index/package_run_dependencies/task_msgs
[3.407s] -- Installing: /home/maizaied03/ros2_ws/install/task_msgs/share/ament_index/resource_index/parent_prefix_path/task_msgs
[3.407s] -- Installing: /home/maizaied03/ros2_ws/install/task_msgs/share/task_msgs/environment/ament_prefix_path.sh
[3.407s] -- Installing: /home/maizaied03/ros2_ws/install/task_msgs/share/task_msgs/environment/ament_prefix_path.dsv
[3.407s] -- Installing: /home/maizaied03/ros2_ws/install/task_msgs/share/task_msgs/environment/path.sh
[3.407s] -- Installing: /home/maizaied03/ros2_ws/install/task_msgs/share/task_msgs/environment/path.dsv
[3.407s] -- Installing: /home/maizaied03/ros2_ws/install/task_msgs/share/task_msgs/local_setup.bash
[3.407s] -- Installing: /home/maizaied03/ros2_ws/install/task_msgs/share/task_msgs/local_setup.sh
[3.408s] -- Installing: /home/maizaied03/ros2_ws/install/task_msgs/share/task_msgs/local_setup.zsh
[3.408s] -- Installing: /home/maizaied03/ros2_ws/install/task_msgs/share/task_msgs/local_setup.dsv
[3.408s] -- Installing: /home/maizaied03/ros2_ws/install/task_msgs/share/task_msgs/package.dsv
[3.408s] -- Installing: /home/maizaied03/ros2_ws/install/task_msgs/share/ament_index/resource_index/packages/task_msgs
[3.408s] -- Installing: /home/maizaied03/ros2_ws/install/task_msgs/share/task_msgs/cmake/export_task_msgs__rosidl_generator_cExport.cmake
[3.408s] -- Installing: /home/maizaied03/ros2_ws/install/task_msgs/share/task_msgs/cmake/export_task_msgs__rosidl_generator_cExport-noconfig.cmake
[3.408s] -- Installing: /home/maizaied03/ros2_ws/install/task_msgs/share/task_msgs/cmake/export_task_msgs__rosidl_typesupport_fastrtps_cExport.cmake
[3.408s] -- Installing: /home/maizaied03/ros2_ws/install/task_msgs/share/task_msgs/cmake/export_task_msgs__rosidl_typesupport_fastrtps_cExport-noconfig.cmake
[3.408s] -- Installing: /home/maizaied03/ros2_ws/install/task_msgs/share/task_msgs/cmake/task_msgs__rosidl_typesupport_introspection_cExport.cmake
[3.409s] -- Installing: /home/maizaied03/ros2_ws/install/task_msgs/share/task_msgs/cmake/task_msgs__rosidl_typesupport_introspection_cExport-noconfig.cmake
[3.409s] -- Installing: /home/maizaied03/ros2_ws/install/task_msgs/share/task_msgs/cmake/task_msgs__rosidl_typesupport_cExport.cmake
[3.409s] -- Installing: /home/maizaied03/ros2_ws/install/task_msgs/share/task_msgs/cmake/task_msgs__rosidl_typesupport_cExport-noconfig.cmake
[3.409s] -- Installing: /home/maizaied03/ros2_ws/install/task_msgs/share/task_msgs/cmake/export_task_msgs__rosidl_generator_cppExport.cmake
[3.409s] -- Installing: /home/maizaied03/ros2_ws/install/task_msgs/share/task_msgs/cmake/export_task_msgs__rosidl_typesupport_fastrtps_cppExport.cmake
[3.409s] -- Installing: /home/maizaied03/ros2_ws/install/task_msgs/share/task_msgs/cmake/export_task_msgs__rosidl_typesupport_fastrtps_cppExport-noconfig.cmake
[3.409s] -- Installing: /home/maizaied03/ros2_ws/install/task_msgs/share/task_msgs/cmake/task_msgs__rosidl_typesupport_introspection_cppExport.cmake
[3.409s] -- Installing: /home/maizaied03/ros2_ws/install/task_msgs/share/task_msgs/cmake/task_msgs__rosidl_typesupport_introspection_cppExport-noconfig.cmake
[3.409s] -- Installing: /home/maizaied03/ros2_ws/install/task_msgs/share/task_msgs/cmake/task_msgs__rosidl_typesupport_cppExport.cmake
[3.409s] -- Installing: /home/maizaied03/ros2_ws/install/task_msgs/share/task_msgs/cmake/task_msgs__rosidl_typesupport_cppExport-noconfig.cmake
[3.410s] -- Installing: /home/maizaied03/ros2_ws/install/task_msgs/share/task_msgs/cmake/export_task_msgs__rosidl_generator_pyExport.cmake
[3.410s] -- Installing: /home/maizaied03/ros2_ws/install/task_msgs/share/task_msgs/cmake/export_task_msgs__rosidl_generator_pyExport-noconfig.cmake
[3.410s] -- Installing: /home/maizaied03/ros2_ws/install/task_msgs/share/task_msgs/cmake/rosidl_cmake-extras.cmake
[3.410s] -- Installing: /home/maizaied03/ros2_ws/install/task_msgs/share/task_msgs/cmake/ament_cmake_export_dependencies-extras.cmake
[3.410s] -- Installing: /home/maizaied03/ros2_ws/install/task_msgs/share/task_msgs/cmake/ament_cmake_export_include_directories-extras.cmake
[3.410s] -- Installing: /home/maizaied03/ros2_ws/install/task_msgs/share/task_msgs/cmake/ament_cmake_export_libraries-extras.cmake
[3.410s] -- Installing: /home/maizaied03/ros2_ws/install/task_msgs/share/task_msgs/cmake/ament_cmake_export_targets-extras.cmake
[3.410s] -- Installing: /home/maizaied03/ros2_ws/install/task_msgs/share/task_msgs/cmake/rosidl_cmake_export_typesupport_targets-extras.cmake
[3.410s] -- Installing: /home/maizaied03/ros2_ws/install/task_msgs/share/task_msgs/cmake/rosidl_cmake_export_typesupport_libraries-extras.cmake
[3.410s] -- Installing: /home/maizaied03/ros2_ws/install/task_msgs/share/task_msgs/cmake/task_msgsConfig.cmake
[3.411s] -- Installing: /home/maizaied03/ros2_ws/install/task_msgs/share/task_msgs/cmake/task_msgsConfig-version.cmake
[3.411s] -- Installing: /home/maizaied03/ros2_ws/install/task_msgs/share/task_msgs/package.xml
[3.412s] Invoked command in '/home/maizaied03/ros2_ws/build/task_msgs' returned '0': CMAKE_PREFIX_PATH=/opt/ros/humble /usr/bin/cmake --install /home/maizaied03/ros2_ws/build/task_msgs
