running egg_info
writing ../../build/drone_node/drone_node.egg-info/PKG-INFO
writing dependency_links to ../../build/drone_node/drone_node.egg-info/dependency_links.txt
writing entry points to ../../build/drone_node/drone_node.egg-info/entry_points.txt
writing requirements to ../../build/drone_node/drone_node.egg-info/requires.txt
writing top-level names to ../../build/drone_node/drone_node.egg-info/top_level.txt
reading manifest file '../../build/drone_node/drone_node.egg-info/SOURCES.txt'
writing manifest file '../../build/drone_node/drone_node.egg-info/SOURCES.txt'
running build
running build_py
copying drone_node/drone_task_publisher.py -> /home/maizaied03/ros2_ws/build/drone_node/build/lib/drone_node
running install
running install_lib
copying /home/maizaied03/ros2_ws/build/drone_node/build/lib/drone_node/drone_task_publisher.py -> /home/maizaied03/ros2_ws/install/drone_node/lib/python3.10/site-packages/drone_node
byte-compiling /home/maizaied03/ros2_ws/install/drone_node/lib/python3.10/site-packages/drone_node/drone_task_publisher.py to drone_task_publisher.cpython-310.pyc
running install_data
copying package.xml -> /home/maizaied03/ros2_ws/install/drone_node/share/drone_node
running install_egg_info
removing '/home/maizaied03/ros2_ws/install/drone_node/lib/python3.10/site-packages/drone_node-0.0.0-py3.10.egg-info' (and everything under it)
Copying ../../build/drone_node/drone_node.egg-info to /home/maizaied03/ros2_ws/install/drone_node/lib/python3.10/site-packages/drone_node-0.0.0-py3.10.egg-info
running install_scripts
Installing drone_reactor script to /home/maizaied03/ros2_ws/install/drone_node/lib/drone_node
Installing drone_status_publisher script to /home/maizaied03/ros2_ws/install/drone_node/lib/drone_node
Installing drone_task_publisher script to /home/maizaied03/ros2_ws/install/drone_node/lib/drone_node
writing list of installed files to '/home/maizaied03/ros2_ws/build/drone_node/install.log'
