[1.045s] Invoking command in '/home/dudz/multi-drone-disaster-response/src/multi_drone_offboard': DEBUGINFOD_URLS=https://debuginfod.ubuntu.com PYTHONPATH=/home/dudz/multi-drone-disaster-response/build/multi_drone_offboard/prefix_override:/usr/lib/python3/dist-packages/colcon_core/task/python/colcon_distutils_commands:/home/dudz/multi-drone-disaster-response/install/multi_drone_offboard/lib/python3.12/site-packages:${PYTHONPATH} /usr/bin/python3 -W ignore:setup.py install is deprecated -W ignore:easy_install command is deprecated setup.py egg_info --egg-base ../../build/multi_drone_offboard build --build-base /home/dudz/multi-drone-disaster-response/build/multi_drone_offboard/build install --record /home/dudz/multi-drone-disaster-response/build/multi_drone_offboard/install.log --single-version-externally-managed install_data
[1.334s] running egg_info
[1.334s] creating ../../build/multi_drone_offboard/multi_drone_offboard.egg-info
[1.346s] writing ../../build/multi_drone_offboard/multi_drone_offboard.egg-info/PKG-INFO
[1.346s] writing dependency_links to ../../build/multi_drone_offboard/multi_drone_offboard.egg-info/dependency_links.txt
[1.346s] writing entry points to ../../build/multi_drone_offboard/multi_drone_offboard.egg-info/entry_points.txt
[1.346s] writing requirements to ../../build/multi_drone_offboard/multi_drone_offboard.egg-info/requires.txt
[1.347s] writing top-level names to ../../build/multi_drone_offboard/multi_drone_offboard.egg-info/top_level.txt
[1.347s] writing manifest file '../../build/multi_drone_offboard/multi_drone_offboard.egg-info/SOURCES.txt'
[1.374s] reading manifest file '../../build/multi_drone_offboard/multi_drone_offboard.egg-info/SOURCES.txt'
[1.374s] writing manifest file '../../build/multi_drone_offboard/multi_drone_offboard.egg-info/SOURCES.txt'
[1.375s] running build
[1.375s] running build_py
[1.375s] creating /home/dudz/multi-drone-disaster-response/build/multi_drone_offboard/build
[1.375s] creating /home/dudz/multi-drone-disaster-response/build/multi_drone_offboard/build/lib
[1.375s] creating /home/dudz/multi-drone-disaster-response/build/multi_drone_offboard/build/lib/multi_drone_offboard
[1.376s] copying multi_drone_offboard/swarm_monitor.py -> /home/dudz/multi-drone-disaster-response/build/multi_drone_offboard/build/lib/multi_drone_offboard
[1.376s] copying multi_drone_offboard/__init__.py -> /home/dudz/multi-drone-disaster-response/build/multi_drone_offboard/build/lib/multi_drone_offboard
[1.376s] copying multi_drone_offboard/offboard_control.py -> /home/dudz/multi-drone-disaster-response/build/multi_drone_offboard/build/lib/multi_drone_offboard
[1.376s] running install
[1.380s] running install_lib
[1.393s] creating /home/dudz/multi-drone-disaster-response/install/multi_drone_offboard/lib/python3.12/site-packages/multi_drone_offboard
[1.394s] copying /home/dudz/multi-drone-disaster-response/build/multi_drone_offboard/build/lib/multi_drone_offboard/swarm_monitor.py -> /home/dudz/multi-drone-disaster-response/install/multi_drone_offboard/lib/python3.12/site-packages/multi_drone_offboard
[1.394s] copying /home/dudz/multi-drone-disaster-response/build/multi_drone_offboard/build/lib/multi_drone_offboard/__init__.py -> /home/dudz/multi-drone-disaster-response/install/multi_drone_offboard/lib/python3.12/site-packages/multi_drone_offboard
[1.394s] copying /home/dudz/multi-drone-disaster-response/build/multi_drone_offboard/build/lib/multi_drone_offboard/offboard_control.py -> /home/dudz/multi-drone-disaster-response/install/multi_drone_offboard/lib/python3.12/site-packages/multi_drone_offboard
[1.395s] byte-compiling /home/dudz/multi-drone-disaster-response/install/multi_drone_offboard/lib/python3.12/site-packages/multi_drone_offboard/swarm_monitor.py to swarm_monitor.cpython-312.pyc
[1.395s] byte-compiling /home/dudz/multi-drone-disaster-response/install/multi_drone_offboard/lib/python3.12/site-packages/multi_drone_offboard/__init__.py to __init__.cpython-312.pyc
[1.395s] byte-compiling /home/dudz/multi-drone-disaster-response/install/multi_drone_offboard/lib/python3.12/site-packages/multi_drone_offboard/offboard_control.py to offboard_control.cpython-312.pyc
[1.396s] running install_data
[1.396s] creating /home/dudz/multi-drone-disaster-response/install/multi_drone_offboard/share/ament_index
[1.397s] creating /home/dudz/multi-drone-disaster-response/install/multi_drone_offboard/share/ament_index/resource_index
[1.397s] creating /home/dudz/multi-drone-disaster-response/install/multi_drone_offboard/share/ament_index/resource_index/packages
[1.400s] copying resource/multi_drone_offboard -> /home/dudz/multi-drone-disaster-response/install/multi_drone_offboard/share/ament_index/resource_index/packages
[1.400s] copying package.xml -> /home/dudz/multi-drone-disaster-response/install/multi_drone_offboard/share/multi_drone_offboard
[1.400s] running install_egg_info
[1.416s] Copying ../../build/multi_drone_offboard/multi_drone_offboard.egg-info to /home/dudz/multi-drone-disaster-response/install/multi_drone_offboard/lib/python3.12/site-packages/multi_drone_offboard-0.0.0-py3.12.egg-info
[1.416s] running install_scripts
[1.531s] Installing camera_bridge script to /home/dudz/multi-drone-disaster-response/install/multi_drone_offboard/lib/multi_drone_offboard
[1.531s] Installing monitor script to /home/dudz/multi-drone-disaster-response/install/multi_drone_offboard/lib/multi_drone_offboard
[1.531s] Installing offboard script to /home/dudz/multi-drone-disaster-response/install/multi_drone_offboard/lib/multi_drone_offboard
[1.533s] writing list of installed files to '/home/dudz/multi-drone-disaster-response/build/multi_drone_offboard/install.log'
[1.553s] Invoked command in '/home/dudz/multi-drone-disaster-response/src/multi_drone_offboard' returned '0': DEBUGINFOD_URLS=https://debuginfod.ubuntu.com PYTHONPATH=/home/dudz/multi-drone-disaster-response/build/multi_drone_offboard/prefix_override:/usr/lib/python3/dist-packages/colcon_core/task/python/colcon_distutils_commands:/home/dudz/multi-drone-disaster-response/install/multi_drone_offboard/lib/python3.12/site-packages:${PYTHONPATH} /usr/bin/python3 -W ignore:setup.py install is deprecated -W ignore:easy_install command is deprecated setup.py egg_info --egg-base ../../build/multi_drone_offboard build --build-base /home/dudz/multi-drone-disaster-response/build/multi_drone_offboard/build install --record /home/dudz/multi-drone-disaster-response/build/multi_drone_offboard/install.log --single-version-externally-managed install_data
