-- The C compiler identification is GNU 13.3.0
-- The CXX compiler identification is GNU 13.3.0
-- Detecting C compiler ABI info
-- Detecting C compiler ABI info - done
-- Check for working C compiler: /usr/bin/cc - skipped
-- Detecting C compile features
-- Detecting C compile features - done
-- Detecting CXX compiler ABI info
-- Detecting CXX compiler ABI info - done
-- Check for working CXX compiler: /usr/bin/c++ - skipped
-- Detecting CXX compile features
-- Detecting CXX compile features - done
-- Found ament_cmake: 2.5.6 (/opt/ros/jazzy/share/ament_cmake/cmake)
-- Found Python3: /usr/bin/python3 (found version "3.12.3") found components: Interpreter 
-- Found rosidl_default_generators: 1.6.0 (/opt/ros/jazzy/share/rosidl_default_generators/cmake)
-- Using all available rosidl_typesupport_c: rosidl_typesupport_fastrtps_c;rosidl_typesupport_introspection_c
-- Using all available rosidl_typesupport_cpp: rosidl_typesupport_fastrtps_cpp;rosidl_typesupport_introspection_cpp
-- Found rosidl_adapter: 4.6.7 (/opt/ros/jazzy/share/rosidl_adapter/cmake)
-- Found builtin_interfaces: 2.0.3 (/opt/ros/jazzy/share/builtin_interfaces/cmake)
-- Found ament_cmake_ros: 0.12.0 (/opt/ros/jazzy/share/ament_cmake_ros/cmake)
-- Using all available rosidl_typesupport_c: rosidl_typesupport_fastrtps_c;rosidl_typesupport_introspection_c
-- Using all available rosidl_typesupport_cpp: rosidl_typesupport_fastrtps_cpp;rosidl_typesupport_introspection_cpp
-- Found python_cmake_module: 0.11.1 (/opt/ros/jazzy/share/python_cmake_module/cmake)
-- Found PythonExtra: /usr/bin/python3  
-- Found Python3: /usr/bin/python3 (found version "3.12.3") found components: Interpreter Development NumPy Development.Module Development.Embed 
-- Found Python3: /usr/bin/python3 (found version "3.12.3") found components: Interpreter 
-- Configuring done (2.6s)
-- Generating done (0.0s)
-- Build files have been written to: /home/dudz/multi-drone-disaster-response/build/task_msgs
[  2%] [34m[1mGenerating Rust code for ROS interfaces[0m
[  5%] [34m[1mGenerating type hashes for ROS interfaces[0m
[  5%] Built target task_msgs__rs
[  5%] Built target task_msgs__rosidl_generator_type_description
[  5%] Built target ament_cmake_python_copy_task_msgs
[  8%] [34m[1mGenerating C code for ROS interfaces[0m
[ 11%] [34m[1mGenerating C++ code for ROS interfaces[0m
[ 11%] Built target task_msgs__cpp
[ 14%] [32mBuilding C object CMakeFiles/task_msgs__rosidl_generator_c.dir/rosidl_generator_c/task_msgs/msg/detail/task__description.c.o[0m
[ 17%] [32mBuilding C object CMakeFiles/task_msgs__rosidl_generator_c.dir/rosidl_generator_c/task_msgs/msg/detail/task__functions.c.o[0m
[ 20%] [32mBuilding C object CMakeFiles/task_msgs__rosidl_generator_c.dir/rosidl_generator_c/task_msgs/msg/detail/task__type_support.c.o[0m
[ 22%] [32m[1mLinking C shared library libtask_msgs__rosidl_generator_c.so[0m
[ 22%] Built target task_msgs__rosidl_generator_c
[ 25%] [34m[1mGenerating C++ type support dispatch for ROS interfaces[0m
running egg_info
creating task_msgs.egg-info
writing task_msgs.egg-info/PKG-INFO
writing dependency_links to task_msgs.egg-info/dependency_links.txt
writing top-level names to task_msgs.egg-info/top_level.txt
writing manifest file 'task_msgs.egg-info/SOURCES.txt'
reading manifest file 'task_msgs.egg-info/SOURCES.txt'
writing manifest file 'task_msgs.egg-info/SOURCES.txt'
[ 25%] Built target ament_cmake_python_build_task_msgs_egg
[ 28%] [34m[1mGenerating C type support dispatch for ROS interfaces[0m
[ 31%] [32mBuilding CXX object CMakeFiles/task_msgs__rosidl_typesupport_cpp.dir/rosidl_typesupport_cpp/task_msgs/msg/task__type_support.cpp.o[0m
[ 34%] [32mBuilding CXX object CMakeFiles/task_msgs__rosidl_typesupport_c.dir/rosidl_typesupport_c/task_msgs/msg/task__type_support.cpp.o[0m
[ 37%] [32m[1mLinking CXX shared library libtask_msgs__rosidl_typesupport_c.so[0m
[ 40%] [32m[1mLinking CXX shared library libtask_msgs__rosidl_typesupport_cpp.so[0m
[ 40%] Built target task_msgs__rosidl_typesupport_c
[ 42%] [34m[1mGenerating C type support for eProsima Fast-RTPS[0m
[ 42%] Built target task_msgs__rosidl_typesupport_cpp
[ 45%] [34m[1mGenerating C introspection for ROS interfaces[0m
[ 48%] [32mBuilding CXX object CMakeFiles/task_msgs__rosidl_typesupport_fastrtps_c.dir/rosidl_typesupport_fastrtps_c/task_msgs/msg/detail/task__type_support_c.cpp.o[0m
[ 51%] [32mBuilding C object CMakeFiles/task_msgs__rosidl_typesupport_introspection_c.dir/rosidl_typesupport_introspection_c/task_msgs/msg/detail/task__type_support.c.o[0m
[ 54%] [32m[1mLinking C shared library libtask_msgs__rosidl_typesupport_introspection_c.so[0m
[ 54%] Built target task_msgs__rosidl_typesupport_introspection_c
[ 57%] [34m[1mGenerating C++ type support for eProsima Fast-RTPS[0m
[ 60%] [32m[1mLinking CXX shared library libtask_msgs__rosidl_typesupport_fastrtps_c.so[0m
[ 60%] Built target task_msgs__rosidl_typesupport_fastrtps_c
[ 62%] [34m[1mGenerating C++ introspection for ROS interfaces[0m
[ 65%] [32mBuilding CXX object CMakeFiles/task_msgs__rosidl_typesupport_fastrtps_cpp.dir/rosidl_typesupport_fastrtps_cpp/task_msgs/msg/detail/dds_fastrtps/task__type_support.cpp.o[0m
[ 68%] [32mBuilding CXX object CMakeFiles/task_msgs__rosidl_typesupport_introspection_cpp.dir/rosidl_typesupport_introspection_cpp/task_msgs/msg/detail/task__type_support.cpp.o[0m
[ 71%] [32m[1mLinking CXX shared library libtask_msgs__rosidl_typesupport_fastrtps_cpp.so[0m
[ 71%] Built target task_msgs__rosidl_typesupport_fastrtps_cpp
[ 74%] [32m[1mLinking CXX shared library libtask_msgs__rosidl_typesupport_introspection_cpp.so[0m
[ 74%] Built target task_msgs__rosidl_typesupport_introspection_cpp
[ 74%] Built target task_msgs
[ 77%] [34m[1mGenerating Python code for ROS interfaces[0m
[ 77%] Built target task_msgs__py
[ 80%] [32mBuilding C object CMakeFiles/task_msgs__rosidl_generator_py.dir/rosidl_generator_py/task_msgs/msg/_task_s.c.o[0m
[ 82%] [32m[1mLinking C shared library libtask_msgs__rosidl_generator_py.so[0m
[ 82%] Built target task_msgs__rosidl_generator_py
[ 85%] [32mBuilding C object CMakeFiles/task_msgs_s__rosidl_typesupport_fastrtps_c.dir/rosidl_generator_py/task_msgs/_task_msgs_s.ep.rosidl_typesupport_fastrtps_c.c.o[0m
[ 88%] [32mBuilding C object CMakeFiles/task_msgs_s__rosidl_typesupport_introspection_c.dir/rosidl_generator_py/task_msgs/_task_msgs_s.ep.rosidl_typesupport_introspection_c.c.o[0m
[ 91%] [32m[1mLinking C shared module rosidl_generator_py/task_msgs/task_msgs_s__rosidl_typesupport_fastrtps_c.so[0m
[ 91%] Built target task_msgs_s__rosidl_typesupport_fastrtps_c
[ 94%] [32mBuilding C object CMakeFiles/task_msgs_s__rosidl_typesupport_c.dir/rosidl_generator_py/task_msgs/_task_msgs_s.ep.rosidl_typesupport_c.c.o[0m
[ 97%] [32m[1mLinking C shared module rosidl_generator_py/task_msgs/task_msgs_s__rosidl_typesupport_introspection_c.so[0m
[ 97%] Built target task_msgs_s__rosidl_typesupport_introspection_c
[100%] [32m[1mLinking C shared module rosidl_generator_py/task_msgs/task_msgs_s__rosidl_typesupport_c.so[0m
[100%] Built target task_msgs_s__rosidl_typesupport_c
-- Install configuration: ""
-- Installing: /home/dudz/multi-drone-disaster-response/install/task_msgs/share/ament_index/resource_index/rosidl_interfaces/task_msgs
-- Installing: /home/dudz/multi-drone-disaster-response/install/task_msgs/share/task_msgs/msg/Task.json
-- Installing: /home/dudz/multi-drone-disaster-response/install/task_msgs/include/task_msgs/task_msgs
-- Installing: /home/dudz/multi-drone-disaster-response/install/task_msgs/include/task_msgs/task_msgs/msg
-- Installing: /home/dudz/multi-drone-disaster-response/install/task_msgs/include/task_msgs/task_msgs/msg/task.h
-- Installing: /home/dudz/multi-drone-disaster-response/install/task_msgs/include/task_msgs/task_msgs/msg/rosidl_generator_c__visibility_control.h
-- Installing: /home/dudz/multi-drone-disaster-response/install/task_msgs/include/task_msgs/task_msgs/msg/detail
-- Installing: /home/dudz/multi-drone-disaster-response/install/task_msgs/include/task_msgs/task_msgs/msg/detail/task__functions.h
-- Installing: /home/dudz/multi-drone-disaster-response/install/task_msgs/include/task_msgs/task_msgs/msg/detail/task__type_support.h
-- Installing: /home/dudz/multi-drone-disaster-response/install/task_msgs/include/task_msgs/task_msgs/msg/detail/task__struct.h
-- Installing: /home/dudz/multi-drone-disaster-response/install/task_msgs/include/task_msgs/task_msgs/msg/detail/task__description.c
-- Installing: /home/dudz/multi-drone-disaster-response/install/task_msgs/include/task_msgs/task_msgs/msg/detail/task__type_support.c
-- Installing: /home/dudz/multi-drone-disaster-response/install/task_msgs/include/task_msgs/task_msgs/msg/detail/task__functions.c
-- Installing: /home/dudz/multi-drone-disaster-response/install/task_msgs/share/task_msgs/environment/library_path.sh
-- Installing: /home/dudz/multi-drone-disaster-response/install/task_msgs/share/task_msgs/environment/library_path.dsv
-- Installing: /home/dudz/multi-drone-disaster-response/install/task_msgs/lib/libtask_msgs__rosidl_generator_c.so
-- Set non-toolchain portion of runtime path of "/home/dudz/multi-drone-disaster-response/install/task_msgs/lib/libtask_msgs__rosidl_generator_c.so" to ""
-- Up-to-date: /home/dudz/multi-drone-disaster-response/install/task_msgs/include/task_msgs/task_msgs
-- Up-to-date: /home/dudz/multi-drone-disaster-response/install/task_msgs/include/task_msgs/task_msgs/msg
-- Installing: /home/dudz/multi-drone-disaster-response/install/task_msgs/include/task_msgs/task_msgs/msg/rosidl_typesupport_fastrtps_c__visibility_control.h
-- Up-to-date: /home/dudz/multi-drone-disaster-response/install/task_msgs/include/task_msgs/task_msgs/msg/detail
-- Installing: /home/dudz/multi-drone-disaster-response/install/task_msgs/include/task_msgs/task_msgs/msg/detail/task__rosidl_typesupport_fastrtps_c.h
-- Installing: /home/dudz/multi-drone-disaster-response/install/task_msgs/lib/libtask_msgs__rosidl_typesupport_fastrtps_c.so
-- Set non-toolchain portion of runtime path of "/home/dudz/multi-drone-disaster-response/install/task_msgs/lib/libtask_msgs__rosidl_typesupport_fastrtps_c.so" to ""
-- Up-to-date: /home/dudz/multi-drone-disaster-response/install/task_msgs/include/task_msgs/task_msgs
-- Up-to-date: /home/dudz/multi-drone-disaster-response/install/task_msgs/include/task_msgs/task_msgs/msg
-- Installing: /home/dudz/multi-drone-disaster-response/install/task_msgs/include/task_msgs/task_msgs/msg/rosidl_typesupport_introspection_c__visibility_control.h
-- Up-to-date: /home/dudz/multi-drone-disaster-response/install/task_msgs/include/task_msgs/task_msgs/msg/detail
-- Installing: /home/dudz/multi-drone-disaster-response/install/task_msgs/include/task_msgs/task_msgs/msg/detail/task__rosidl_typesupport_introspection_c.h
-- Installing: /home/dudz/multi-drone-disaster-response/install/task_msgs/include/task_msgs/task_msgs/msg/detail/task__type_support.c
-- Installing: /home/dudz/multi-drone-disaster-response/install/task_msgs/lib/libtask_msgs__rosidl_typesupport_introspection_c.so
-- Set non-toolchain portion of runtime path of "/home/dudz/multi-drone-disaster-response/install/task_msgs/lib/libtask_msgs__rosidl_typesupport_introspection_c.so" to ""
-- Installing: /home/dudz/multi-drone-disaster-response/install/task_msgs/lib/libtask_msgs__rosidl_typesupport_c.so
-- Set non-toolchain portion of runtime path of "/home/dudz/multi-drone-disaster-response/install/task_msgs/lib/libtask_msgs__rosidl_typesupport_c.so" to ""
-- Up-to-date: /home/dudz/multi-drone-disaster-response/install/task_msgs/include/task_msgs/task_msgs
-- Up-to-date: /home/dudz/multi-drone-disaster-response/install/task_msgs/include/task_msgs/task_msgs/msg
-- Installing: /home/dudz/multi-drone-disaster-response/install/task_msgs/include/task_msgs/task_msgs/msg/rosidl_generator_cpp__visibility_control.hpp
-- Up-to-date: /home/dudz/multi-drone-disaster-response/install/task_msgs/include/task_msgs/task_msgs/msg/detail
-- Installing: /home/dudz/multi-drone-disaster-response/install/task_msgs/include/task_msgs/task_msgs/msg/detail/task__type_support.hpp
-- Installing: /home/dudz/multi-drone-disaster-response/install/task_msgs/include/task_msgs/task_msgs/msg/detail/task__traits.hpp
-- Installing: /home/dudz/multi-drone-disaster-response/install/task_msgs/include/task_msgs/task_msgs/msg/detail/task__builder.hpp
-- Installing: /home/dudz/multi-drone-disaster-response/install/task_msgs/include/task_msgs/task_msgs/msg/detail/task__struct.hpp
-- Installing: /home/dudz/multi-drone-disaster-response/install/task_msgs/include/task_msgs/task_msgs/msg/task.hpp
-- Up-to-date: /home/dudz/multi-drone-disaster-response/install/task_msgs/include/task_msgs/task_msgs
-- Up-to-date: /home/dudz/multi-drone-disaster-response/install/task_msgs/include/task_msgs/task_msgs/msg
-- Installing: /home/dudz/multi-drone-disaster-response/install/task_msgs/include/task_msgs/task_msgs/msg/rosidl_typesupport_fastrtps_cpp__visibility_control.h
-- Up-to-date: /home/dudz/multi-drone-disaster-response/install/task_msgs/include/task_msgs/task_msgs/msg/detail
-- Installing: /home/dudz/multi-drone-disaster-response/install/task_msgs/include/task_msgs/task_msgs/msg/detail/task__rosidl_typesupport_fastrtps_cpp.hpp
-- Installing: /home/dudz/multi-drone-disaster-response/install/task_msgs/include/task_msgs/task_msgs/msg/detail/dds_fastrtps
-- Installing: /home/dudz/multi-drone-disaster-response/install/task_msgs/lib/libtask_msgs__rosidl_typesupport_fastrtps_cpp.so
-- Set non-toolchain portion of runtime path of "/home/dudz/multi-drone-disaster-response/install/task_msgs/lib/libtask_msgs__rosidl_typesupport_fastrtps_cpp.so" to ""
-- Up-to-date: /home/dudz/multi-drone-disaster-response/install/task_msgs/include/task_msgs/task_msgs
-- Up-to-date: /home/dudz/multi-drone-disaster-response/install/task_msgs/include/task_msgs/task_msgs/msg
-- Up-to-date: /home/dudz/multi-drone-disaster-response/install/task_msgs/include/task_msgs/task_msgs/msg/detail
-- Installing: /home/dudz/multi-drone-disaster-response/install/task_msgs/include/task_msgs/task_msgs/msg/detail/task__rosidl_typesupport_introspection_cpp.hpp
-- Installing: /home/dudz/multi-drone-disaster-response/install/task_msgs/include/task_msgs/task_msgs/msg/detail/task__type_support.cpp
-- Installing: /home/dudz/multi-drone-disaster-response/install/task_msgs/lib/libtask_msgs__rosidl_typesupport_introspection_cpp.so
-- Set non-toolchain portion of runtime path of "/home/dudz/multi-drone-disaster-response/install/task_msgs/lib/libtask_msgs__rosidl_typesupport_introspection_cpp.so" to ""
-- Installing: /home/dudz/multi-drone-disaster-response/install/task_msgs/lib/libtask_msgs__rosidl_typesupport_cpp.so
-- Set non-toolchain portion of runtime path of "/home/dudz/multi-drone-disaster-response/install/task_msgs/lib/libtask_msgs__rosidl_typesupport_cpp.so" to ""
-- Installing: /home/dudz/multi-drone-disaster-response/install/task_msgs/share/task_msgs/environment/pythonpath.sh
-- Installing: /home/dudz/multi-drone-disaster-response/install/task_msgs/share/task_msgs/environment/pythonpath.dsv
-- Installing: /home/dudz/multi-drone-disaster-response/install/task_msgs/lib/python3.12/site-packages/task_msgs-0.0.1-py3.12.egg-info
-- Installing: /home/dudz/multi-drone-disaster-response/install/task_msgs/lib/python3.12/site-packages/task_msgs-0.0.1-py3.12.egg-info/PKG-INFO
-- Installing: /home/dudz/multi-drone-disaster-response/install/task_msgs/lib/python3.12/site-packages/task_msgs-0.0.1-py3.12.egg-info/top_level.txt
-- Installing: /home/dudz/multi-drone-disaster-response/install/task_msgs/lib/python3.12/site-packages/task_msgs-0.0.1-py3.12.egg-info/SOURCES.txt
-- Installing: /home/dudz/multi-drone-disaster-response/install/task_msgs/lib/python3.12/site-packages/task_msgs-0.0.1-py3.12.egg-info/dependency_links.txt
-- Installing: /home/dudz/multi-drone-disaster-response/install/task_msgs/lib/python3.12/site-packages/task_msgs
-- Installing: /home/dudz/multi-drone-disaster-response/install/task_msgs/lib/python3.12/site-packages/task_msgs/_task_msgs_s.ep.rosidl_typesupport_introspection_c.c
-- Installing: /home/dudz/multi-drone-disaster-response/install/task_msgs/lib/python3.12/site-packages/task_msgs/__init__.py
-- Installing: /home/dudz/multi-drone-disaster-response/install/task_msgs/lib/python3.12/site-packages/task_msgs/_task_msgs_s.ep.rosidl_typesupport_c.c
-- Installing: /home/dudz/multi-drone-disaster-response/install/task_msgs/lib/python3.12/site-packages/task_msgs/task_msgs_s__rosidl_typesupport_c.so
-- Installing: /home/dudz/multi-drone-disaster-response/install/task_msgs/lib/python3.12/site-packages/task_msgs/_task_msgs_s.ep.rosidl_typesupport_fastrtps_c.c
-- Installing: /home/dudz/multi-drone-disaster-response/install/task_msgs/lib/python3.12/site-packages/task_msgs/msg
-- Installing: /home/dudz/multi-drone-disaster-response/install/task_msgs/lib/python3.12/site-packages/task_msgs/msg/__init__.py
-- Installing: /home/dudz/multi-drone-disaster-response/install/task_msgs/lib/python3.12/site-packages/task_msgs/msg/_task_s.c
-- Installing: /home/dudz/multi-drone-disaster-response/install/task_msgs/lib/python3.12/site-packages/task_msgs/msg/_task.py
-- Installing: /home/dudz/multi-drone-disaster-response/install/task_msgs/lib/python3.12/site-packages/task_msgs/task_msgs_s__rosidl_typesupport_fastrtps_c.so
-- Installing: /home/dudz/multi-drone-disaster-response/install/task_msgs/lib/python3.12/site-packages/task_msgs/task_msgs_s__rosidl_typesupport_introspection_c.so
Listing '/home/dudz/multi-drone-disaster-response/install/task_msgs/lib/python3.12/site-packages/task_msgs'...
Compiling '/home/dudz/multi-drone-disaster-response/install/task_msgs/lib/python3.12/site-packages/task_msgs/__init__.py'...
Listing '/home/dudz/multi-drone-disaster-response/install/task_msgs/lib/python3.12/site-packages/task_msgs/msg'...
Compiling '/home/dudz/multi-drone-disaster-response/install/task_msgs/lib/python3.12/site-packages/task_msgs/msg/__init__.py'...
Compiling '/home/dudz/multi-drone-disaster-response/install/task_msgs/lib/python3.12/site-packages/task_msgs/msg/_task.py'...
-- Installing: /home/dudz/multi-drone-disaster-response/install/task_msgs/lib/python3.12/site-packages/task_msgs/task_msgs_s__rosidl_typesupport_fastrtps_c.so
-- Set non-toolchain portion of runtime path of "/home/dudz/multi-drone-disaster-response/install/task_msgs/lib/python3.12/site-packages/task_msgs/task_msgs_s__rosidl_typesupport_fastrtps_c.so" to ""
-- Installing: /home/dudz/multi-drone-disaster-response/install/task_msgs/lib/python3.12/site-packages/task_msgs/task_msgs_s__rosidl_typesupport_introspection_c.so
-- Set non-toolchain portion of runtime path of "/home/dudz/multi-drone-disaster-response/install/task_msgs/lib/python3.12/site-packages/task_msgs/task_msgs_s__rosidl_typesupport_introspection_c.so" to ""
-- Installing: /home/dudz/multi-drone-disaster-response/install/task_msgs/lib/python3.12/site-packages/task_msgs/task_msgs_s__rosidl_typesupport_c.so
-- Set non-toolchain portion of runtime path of "/home/dudz/multi-drone-disaster-response/install/task_msgs/lib/python3.12/site-packages/task_msgs/task_msgs_s__rosidl_typesupport_c.so" to ""
-- Installing: /home/dudz/multi-drone-disaster-response/install/task_msgs/lib/libtask_msgs__rosidl_generator_py.so
-- Set non-toolchain portion of runtime path of "/home/dudz/multi-drone-disaster-response/install/task_msgs/lib/libtask_msgs__rosidl_generator_py.so" to ""
-- Installing: /home/dudz/multi-drone-disaster-response/install/task_msgs/share/ament_index/resource_index/rust_packages/task_msgs
-- Installing: /home/dudz/multi-drone-disaster-response/install/task_msgs/share/task_msgs/rust
-- Installing: /home/dudz/multi-drone-disaster-response/install/task_msgs/share/task_msgs/rust/src
-- Installing: /home/dudz/multi-drone-disaster-response/install/task_msgs/share/task_msgs/rust/src/msg.rs
-- Installing: /home/dudz/multi-drone-disaster-response/install/task_msgs/share/task_msgs/rust/src/msg
-- Installing: /home/dudz/multi-drone-disaster-response/install/task_msgs/share/task_msgs/rust/src/msg/rmw.rs
-- Installing: /home/dudz/multi-drone-disaster-response/install/task_msgs/share/task_msgs/rust/src/lib.rs
-- Installing: /home/dudz/multi-drone-disaster-response/install/task_msgs/share/task_msgs/rust/Cargo.toml
-- Installing: /home/dudz/multi-drone-disaster-response/install/task_msgs/share/task_msgs/rust/build.rs
-- Installing: /home/dudz/multi-drone-disaster-response/install/task_msgs/share/task_msgs/msg/Task.idl
-- Installing: /home/dudz/multi-drone-disaster-response/install/task_msgs/share/task_msgs/msg/Task.msg
-- Installing: /home/dudz/multi-drone-disaster-response/install/task_msgs/share/ament_index/resource_index/package_run_dependencies/task_msgs
-- Installing: /home/dudz/multi-drone-disaster-response/install/task_msgs/share/ament_index/resource_index/parent_prefix_path/task_msgs
-- Installing: /home/dudz/multi-drone-disaster-response/install/task_msgs/share/task_msgs/environment/ament_prefix_path.sh
-- Installing: /home/dudz/multi-drone-disaster-response/install/task_msgs/share/task_msgs/environment/ament_prefix_path.dsv
-- Installing: /home/dudz/multi-drone-disaster-response/install/task_msgs/share/task_msgs/environment/path.sh
-- Installing: /home/dudz/multi-drone-disaster-response/install/task_msgs/share/task_msgs/environment/path.dsv
-- Installing: /home/dudz/multi-drone-disaster-response/install/task_msgs/share/task_msgs/local_setup.bash
-- Installing: /home/dudz/multi-drone-disaster-response/install/task_msgs/share/task_msgs/local_setup.sh
-- Installing: /home/dudz/multi-drone-disaster-response/install/task_msgs/share/task_msgs/local_setup.zsh
-- Installing: /home/dudz/multi-drone-disaster-response/install/task_msgs/share/task_msgs/local_setup.dsv
-- Installing: /home/dudz/multi-drone-disaster-response/install/task_msgs/share/task_msgs/package.dsv
-- Installing: /home/dudz/multi-drone-disaster-response/install/task_msgs/share/ament_index/resource_index/packages/task_msgs
-- Installing: /home/dudz/multi-drone-disaster-response/install/task_msgs/share/task_msgs/cmake/export_task_msgs__rosidl_generator_cExport.cmake
-- Installing: /home/dudz/multi-drone-disaster-response/install/task_msgs/share/task_msgs/cmake/export_task_msgs__rosidl_generator_cExport-noconfig.cmake
-- Installing: /home/dudz/multi-drone-disaster-response/install/task_msgs/share/task_msgs/cmake/export_task_msgs__rosidl_typesupport_fastrtps_cExport.cmake
-- Installing: /home/dudz/multi-drone-disaster-response/install/task_msgs/share/task_msgs/cmake/export_task_msgs__rosidl_typesupport_fastrtps_cExport-noconfig.cmake
-- Installing: /home/dudz/multi-drone-disaster-response/install/task_msgs/share/task_msgs/cmake/task_msgs__rosidl_typesupport_introspection_cExport.cmake
-- Installing: /home/dudz/multi-drone-disaster-response/install/task_msgs/share/task_msgs/cmake/task_msgs__rosidl_typesupport_introspection_cExport-noconfig.cmake
-- Installing: /home/dudz/multi-drone-disaster-response/install/task_msgs/share/task_msgs/cmake/task_msgs__rosidl_typesupport_cExport.cmake
-- Installing: /home/dudz/multi-drone-disaster-response/install/task_msgs/share/task_msgs/cmake/task_msgs__rosidl_typesupport_cExport-noconfig.cmake
-- Installing: /home/dudz/multi-drone-disaster-response/install/task_msgs/share/task_msgs/cmake/export_task_msgs__rosidl_generator_cppExport.cmake
-- Installing: /home/dudz/multi-drone-disaster-response/install/task_msgs/share/task_msgs/cmake/export_task_msgs__rosidl_typesupport_fastrtps_cppExport.cmake
-- Installing: /home/dudz/multi-drone-disaster-response/install/task_msgs/share/task_msgs/cmake/export_task_msgs__rosidl_typesupport_fastrtps_cppExport-noconfig.cmake
-- Installing: /home/dudz/multi-drone-disaster-response/install/task_msgs/share/task_msgs/cmake/task_msgs__rosidl_typesupport_introspection_cppExport.cmake
-- Installing: /home/dudz/multi-drone-disaster-response/install/task_msgs/share/task_msgs/cmake/task_msgs__rosidl_typesupport_introspection_cppExport-noconfig.cmake
-- Installing: /home/dudz/multi-drone-disaster-response/install/task_msgs/share/task_msgs/cmake/task_msgs__rosidl_typesupport_cppExport.cmake
-- Installing: /home/dudz/multi-drone-disaster-response/install/task_msgs/share/task_msgs/cmake/task_msgs__rosidl_typesupport_cppExport-noconfig.cmake
-- Installing: /home/dudz/multi-drone-disaster-response/install/task_msgs/share/task_msgs/cmake/export_task_msgs__rosidl_generator_pyExport.cmake
-- Installing: /home/dudz/multi-drone-disaster-response/install/task_msgs/share/task_msgs/cmake/export_task_msgs__rosidl_generator_pyExport-noconfig.cmake
-- Installing: /home/dudz/multi-drone-disaster-response/install/task_msgs/share/task_msgs/cmake/rosidl_cmake-extras.cmake
-- Installing: /home/dudz/multi-drone-disaster-response/install/task_msgs/share/task_msgs/cmake/ament_cmake_export_dependencies-extras.cmake
-- Installing: /home/dudz/multi-drone-disaster-response/install/task_msgs/share/task_msgs/cmake/ament_cmake_export_include_directories-extras.cmake
-- Installing: /home/dudz/multi-drone-disaster-response/install/task_msgs/share/task_msgs/cmake/ament_cmake_export_libraries-extras.cmake
-- Installing: /home/dudz/multi-drone-disaster-response/install/task_msgs/share/task_msgs/cmake/ament_cmake_export_targets-extras.cmake
-- Installing: /home/dudz/multi-drone-disaster-response/install/task_msgs/share/task_msgs/cmake/rosidl_cmake_export_typesupport_targets-extras.cmake
-- Installing: /home/dudz/multi-drone-disaster-response/install/task_msgs/share/task_msgs/cmake/rosidl_cmake_export_typesupport_libraries-extras.cmake
-- Installing: /home/dudz/multi-drone-disaster-response/install/task_msgs/share/task_msgs/cmake/task_msgsConfig.cmake
-- Installing: /home/dudz/multi-drone-disaster-response/install/task_msgs/share/task_msgs/cmake/task_msgsConfig-version.cmake
-- Installing: /home/dudz/multi-drone-disaster-response/install/task_msgs/share/task_msgs/package.xml
