[0.019s] Invoking command in '/home/dudz/multi-drone-disaster-response/build/task_msgs': CMAKE_PREFIX_PATH=${CMAKE_PREFIX_PATH}:/home/dudz/multi-drone-disaster-response/install/fog_node:/home/dudz/multi-drone-disaster-response/install/drone_node:/home/dudz/multi-drone-disaster-response/install/multi_drone_offboard:/home/dudz/multi-drone-disaster-response/install/cloud_node:/opt/ros/jazzy DEBUGINFOD_URLS=https://debuginfod.ubuntu.com /usr/bin/cmake /home/dudz/multi-drone-disaster-response/src/task_msgs -DCMAKE_INSTALL_PREFIX=/home/dudz/multi-drone-disaster-response/install/task_msgs
[0.107s] -- The C compiler identification is GNU 13.3.0
[0.179s] -- The CXX compiler identification is GNU 13.3.0
[0.192s] -- Detecting C compiler ABI info
[0.283s] -- Detecting C compiler ABI info - done
[0.292s] -- Check for working C compiler: /usr/bin/cc - skipped
[0.292s] -- Detecting C compile features
[0.292s] -- Detecting C compile features - done
[0.301s] -- Detecting CXX compiler ABI info
[0.377s] -- Detecting CXX compiler ABI info - done
[0.386s] -- Check for working CXX compiler: /usr/bin/c++ - skipped
[0.386s] -- Detecting CXX compile features
[0.386s] -- Detecting CXX compile features - done
[0.391s] -- Found ament_cmake: 2.5.6 (/opt/ros/jazzy/share/ament_cmake/cmake)
[0.510s] -- Found Python3: /usr/bin/python3 (found version "3.12.3") found components: Interpreter 
[0.611s] -- Found rosidl_default_generators: 1.6.0 (/opt/ros/jazzy/share/rosidl_default_generators/cmake)
[0.619s] -- Using all available rosidl_typesupport_c: rosidl_typesupport_fastrtps_c;rosidl_typesupport_introspection_c
[0.670s] -- Using all available rosidl_typesupport_cpp: rosidl_typesupport_fastrtps_cpp;rosidl_typesupport_introspection_cpp
[0.717s] -- Found rosidl_adapter: 4.6.7 (/opt/ros/jazzy/share/rosidl_adapter/cmake)
[0.720s] -- Found builtin_interfaces: 2.0.3 (/opt/ros/jazzy/share/builtin_interfaces/cmake)
[1.250s] -- Found ament_cmake_ros: 0.12.0 (/opt/ros/jazzy/share/ament_cmake_ros/cmake)
[1.648s] -- Using all available rosidl_typesupport_c: rosidl_typesupport_fastrtps_c;rosidl_typesupport_introspection_c
[2.066s] -- Using all available rosidl_typesupport_cpp: rosidl_typesupport_fastrtps_cpp;rosidl_typesupport_introspection_cpp
[2.071s] -- Found python_cmake_module: 0.11.1 (/opt/ros/jazzy/share/python_cmake_module/cmake)
[2.181s] -- Found PythonExtra: /usr/bin/python3  
[2.537s] -- Found Python3: /usr/bin/python3 (found version "3.12.3") found components: Interpreter Development NumPy Development.Module Development.Embed 
[2.585s] -- Found Python3: /usr/bin/python3 (found version "3.12.3") found components: Interpreter 
[2.592s] -- Configuring done (2.6s)
[2.622s] -- Generating done (0.0s)
[2.629s] -- Build files have been written to: /home/dudz/multi-drone-disaster-response/build/task_msgs
[2.635s] Invoked command in '/home/dudz/multi-drone-disaster-response/build/task_msgs' returned '0': CMAKE_PREFIX_PATH=${CMAKE_PREFIX_PATH}:/home/dudz/multi-drone-disaster-response/install/fog_node:/home/dudz/multi-drone-disaster-response/install/drone_node:/home/dudz/multi-drone-disaster-response/install/multi_drone_offboard:/home/dudz/multi-drone-disaster-response/install/cloud_node:/opt/ros/jazzy DEBUGINFOD_URLS=https://debuginfod.ubuntu.com /usr/bin/cmake /home/dudz/multi-drone-disaster-response/src/task_msgs -DCMAKE_INSTALL_PREFIX=/home/dudz/multi-drone-disaster-response/install/task_msgs
[2.636s] Invoking command in '/home/dudz/multi-drone-disaster-response/build/task_msgs': CMAKE_PREFIX_PATH=${CMAKE_PREFIX_PATH}:/home/dudz/multi-drone-disaster-response/install/fog_node:/home/dudz/multi-drone-disaster-response/install/drone_node:/home/dudz/multi-drone-disaster-response/install/multi_drone_offboard:/home/dudz/multi-drone-disaster-response/install/cloud_node:/opt/ros/jazzy DEBUGINFOD_URLS=https://debuginfod.ubuntu.com /usr/bin/cmake --build /home/dudz/multi-drone-disaster-response/build/task_msgs -- -j2 -l2
[2.685s] [  2%] [34m[1mGenerating Rust code for ROS interfaces[0m
[2.685s] [  5%] [34m[1mGenerating type hashes for ROS interfaces[0m
[2.966s] [  5%] Built target task_msgs__rs
[2.995s] [  5%] Built target task_msgs__rosidl_generator_type_description
[2.996s] [  5%] Built target ament_cmake_python_copy_task_msgs
[3.008s] [  8%] [34m[1mGenerating C code for ROS interfaces[0m
[3.022s] [ 11%] [34m[1mGenerating C++ code for ROS interfaces[0m
[3.358s] [ 11%] Built target task_msgs__cpp
[3.374s] [ 14%] [32mBuilding C object CMakeFiles/task_msgs__rosidl_generator_c.dir/rosidl_generator_c/task_msgs/msg/detail/task__description.c.o[0m
[3.439s] [ 17%] [32mBuilding C object CMakeFiles/task_msgs__rosidl_generator_c.dir/rosidl_generator_c/task_msgs/msg/detail/task__functions.c.o[0m
[3.499s] [ 20%] [32mBuilding C object CMakeFiles/task_msgs__rosidl_generator_c.dir/rosidl_generator_c/task_msgs/msg/detail/task__type_support.c.o[0m
[3.546s] [ 22%] [32m[1mLinking C shared library libtask_msgs__rosidl_generator_c.so[0m
[3.597s] [ 22%] Built target task_msgs__rosidl_generator_c
[3.611s] [ 25%] [34m[1mGenerating C++ type support dispatch for ROS interfaces[0m
[3.696s] running egg_info
[3.697s] creating task_msgs.egg-info
[3.720s] writing task_msgs.egg-info/PKG-INFO
[3.721s] writing dependency_links to task_msgs.egg-info/dependency_links.txt
[3.721s] writing top-level names to task_msgs.egg-info/top_level.txt
[3.721s] writing manifest file 'task_msgs.egg-info/SOURCES.txt'
[3.770s] reading manifest file 'task_msgs.egg-info/SOURCES.txt'
[3.771s] writing manifest file 'task_msgs.egg-info/SOURCES.txt'
[3.810s] [ 25%] Built target ament_cmake_python_build_task_msgs_egg
[3.816s] [ 28%] [34m[1mGenerating C type support dispatch for ROS interfaces[0m
[3.901s] [ 31%] [32mBuilding CXX object CMakeFiles/task_msgs__rosidl_typesupport_cpp.dir/rosidl_typesupport_cpp/task_msgs/msg/task__type_support.cpp.o[0m
[4.086s] [ 34%] [32mBuilding CXX object CMakeFiles/task_msgs__rosidl_typesupport_c.dir/rosidl_typesupport_c/task_msgs/msg/task__type_support.cpp.o[0m
[4.158s] [ 37%] [32m[1mLinking CXX shared library libtask_msgs__rosidl_typesupport_c.so[0m
[4.217s] [ 40%] [32m[1mLinking CXX shared library libtask_msgs__rosidl_typesupport_cpp.so[0m
[4.222s] [ 40%] Built target task_msgs__rosidl_typesupport_c
[4.232s] [ 42%] [34m[1mGenerating C type support for eProsima Fast-RTPS[0m
[4.274s] [ 42%] Built target task_msgs__rosidl_typesupport_cpp
[4.292s] [ 45%] [34m[1mGenerating C introspection for ROS interfaces[0m
[4.548s] [ 48%] [32mBuilding CXX object CMakeFiles/task_msgs__rosidl_typesupport_fastrtps_c.dir/rosidl_typesupport_fastrtps_c/task_msgs/msg/detail/task__type_support_c.cpp.o[0m
[4.614s] [ 51%] [32mBuilding C object CMakeFiles/task_msgs__rosidl_typesupport_introspection_c.dir/rosidl_typesupport_introspection_c/task_msgs/msg/detail/task__type_support.c.o[0m
[4.682s] [ 54%] [32m[1mLinking C shared library libtask_msgs__rosidl_typesupport_introspection_c.so[0m
[4.738s] [ 54%] Built target task_msgs__rosidl_typesupport_introspection_c
[4.757s] [ 57%] [34m[1mGenerating C++ type support for eProsima Fast-RTPS[0m
[5.039s] [ 60%] [32m[1mLinking CXX shared library libtask_msgs__rosidl_typesupport_fastrtps_c.so[0m
[5.104s] [ 60%] Built target task_msgs__rosidl_typesupport_fastrtps_c
[5.113s] [ 62%] [34m[1mGenerating C++ introspection for ROS interfaces[0m
[5.181s] [ 65%] [32mBuilding CXX object CMakeFiles/task_msgs__rosidl_typesupport_fastrtps_cpp.dir/rosidl_typesupport_fastrtps_cpp/task_msgs/msg/detail/dds_fastrtps/task__type_support.cpp.o[0m
[5.439s] [ 68%] [32mBuilding CXX object CMakeFiles/task_msgs__rosidl_typesupport_introspection_cpp.dir/rosidl_typesupport_introspection_cpp/task_msgs/msg/detail/task__type_support.cpp.o[0m
[5.698s] [ 71%] [32m[1mLinking CXX shared library libtask_msgs__rosidl_typesupport_fastrtps_cpp.so[0m
[5.762s] [ 71%] Built target task_msgs__rosidl_typesupport_fastrtps_cpp
[5.814s] [ 74%] [32m[1mLinking CXX shared library libtask_msgs__rosidl_typesupport_introspection_cpp.so[0m
[5.878s] [ 74%] Built target task_msgs__rosidl_typesupport_introspection_cpp
[5.901s] [ 74%] Built target task_msgs
[5.918s] [ 77%] [34m[1mGenerating Python code for ROS interfaces[0m
[6.234s] [ 77%] Built target task_msgs__py
[6.266s] [ 80%] [32mBuilding C object CMakeFiles/task_msgs__rosidl_generator_py.dir/rosidl_generator_py/task_msgs/msg/_task_s.c.o[0m
[6.376s] [ 82%] [32m[1mLinking C shared library libtask_msgs__rosidl_generator_py.so[0m
[6.422s] [ 82%] Built target task_msgs__rosidl_generator_py
[6.443s] [ 85%] [32mBuilding C object CMakeFiles/task_msgs_s__rosidl_typesupport_fastrtps_c.dir/rosidl_generator_py/task_msgs/_task_msgs_s.ep.rosidl_typesupport_fastrtps_c.c.o[0m
[6.454s] [ 88%] [32mBuilding C object CMakeFiles/task_msgs_s__rosidl_typesupport_introspection_c.dir/rosidl_generator_py/task_msgs/_task_msgs_s.ep.rosidl_typesupport_introspection_c.c.o[0m
[6.541s] [ 91%] [32m[1mLinking C shared module rosidl_generator_py/task_msgs/task_msgs_s__rosidl_typesupport_fastrtps_c.so[0m
[6.571s] [ 91%] Built target task_msgs_s__rosidl_typesupport_fastrtps_c
[6.588s] [ 94%] [32mBuilding C object CMakeFiles/task_msgs_s__rosidl_typesupport_c.dir/rosidl_generator_py/task_msgs/_task_msgs_s.ep.rosidl_typesupport_c.c.o[0m
[6.613s] [ 97%] [32m[1mLinking C shared module rosidl_generator_py/task_msgs/task_msgs_s__rosidl_typesupport_introspection_c.so[0m
[6.702s] [ 97%] Built target task_msgs_s__rosidl_typesupport_introspection_c
[6.720s] [100%] [32m[1mLinking C shared module rosidl_generator_py/task_msgs/task_msgs_s__rosidl_typesupport_c.so[0m
[6.746s] [100%] Built target task_msgs_s__rosidl_typesupport_c
[6.759s] Invoked command in '/home/dudz/multi-drone-disaster-response/build/task_msgs' returned '0': CMAKE_PREFIX_PATH=${CMAKE_PREFIX_PATH}:/home/dudz/multi-drone-disaster-response/install/fog_node:/home/dudz/multi-drone-disaster-response/install/drone_node:/home/dudz/multi-drone-disaster-response/install/multi_drone_offboard:/home/dudz/multi-drone-disaster-response/install/cloud_node:/opt/ros/jazzy DEBUGINFOD_URLS=https://debuginfod.ubuntu.com /usr/bin/cmake --build /home/dudz/multi-drone-disaster-response/build/task_msgs -- -j2 -l2
[6.769s] Invoking command in '/home/dudz/multi-drone-disaster-response/build/task_msgs': CMAKE_PREFIX_PATH=${CMAKE_PREFIX_PATH}:/home/dudz/multi-drone-disaster-response/install/fog_node:/home/dudz/multi-drone-disaster-response/install/drone_node:/home/dudz/multi-drone-disaster-response/install/multi_drone_offboard:/home/dudz/multi-drone-disaster-response/install/cloud_node:/opt/ros/jazzy DEBUGINFOD_URLS=https://debuginfod.ubuntu.com /usr/bin/cmake --install /home/dudz/multi-drone-disaster-response/build/task_msgs
[6.775s] -- Install configuration: ""
[6.776s] -- Installing: /home/dudz/multi-drone-disaster-response/install/task_msgs/share/ament_index/resource_index/rosidl_interfaces/task_msgs
[6.776s] -- Installing: /home/dudz/multi-drone-disaster-response/install/task_msgs/share/task_msgs/msg/Task.json
[6.776s] -- Installing: /home/dudz/multi-drone-disaster-response/install/task_msgs/include/task_msgs/task_msgs
[6.776s] -- Installing: /home/dudz/multi-drone-disaster-response/install/task_msgs/include/task_msgs/task_msgs/msg
[6.776s] -- Installing: /home/dudz/multi-drone-disaster-response/install/task_msgs/include/task_msgs/task_msgs/msg/task.h
[6.776s] -- Installing: /home/dudz/multi-drone-disaster-response/install/task_msgs/include/task_msgs/task_msgs/msg/rosidl_generator_c__visibility_control.h
[6.776s] -- Installing: /home/dudz/multi-drone-disaster-response/install/task_msgs/include/task_msgs/task_msgs/msg/detail
[6.777s] -- Installing: /home/dudz/multi-drone-disaster-response/install/task_msgs/include/task_msgs/task_msgs/msg/detail/task__functions.h
[6.778s] -- Installing: /home/dudz/multi-drone-disaster-response/install/task_msgs/include/task_msgs/task_msgs/msg/detail/task__type_support.h
[6.778s] -- Installing: /home/dudz/multi-drone-disaster-response/install/task_msgs/include/task_msgs/task_msgs/msg/detail/task__struct.h
[6.778s] -- Installing: /home/dudz/multi-drone-disaster-response/install/task_msgs/include/task_msgs/task_msgs/msg/detail/task__description.c
[6.778s] -- Installing: /home/dudz/multi-drone-disaster-response/install/task_msgs/include/task_msgs/task_msgs/msg/detail/task__type_support.c
[6.778s] -- Installing: /home/dudz/multi-drone-disaster-response/install/task_msgs/include/task_msgs/task_msgs/msg/detail/task__functions.c
[6.778s] -- Installing: /home/dudz/multi-drone-disaster-response/install/task_msgs/share/task_msgs/environment/library_path.sh
[6.778s] -- Installing: /home/dudz/multi-drone-disaster-response/install/task_msgs/share/task_msgs/environment/library_path.dsv
[6.778s] -- Installing: /home/dudz/multi-drone-disaster-response/install/task_msgs/lib/libtask_msgs__rosidl_generator_c.so
[6.778s] -- Set non-toolchain portion of runtime path of "/home/dudz/multi-drone-disaster-response/install/task_msgs/lib/libtask_msgs__rosidl_generator_c.so" to ""
[6.778s] -- Up-to-date: /home/dudz/multi-drone-disaster-response/install/task_msgs/include/task_msgs/task_msgs
[6.778s] -- Up-to-date: /home/dudz/multi-drone-disaster-response/install/task_msgs/include/task_msgs/task_msgs/msg
[6.778s] -- Installing: /home/dudz/multi-drone-disaster-response/install/task_msgs/include/task_msgs/task_msgs/msg/rosidl_typesupport_fastrtps_c__visibility_control.h
[6.778s] -- Up-to-date: /home/dudz/multi-drone-disaster-response/install/task_msgs/include/task_msgs/task_msgs/msg/detail
[6.778s] -- Installing: /home/dudz/multi-drone-disaster-response/install/task_msgs/include/task_msgs/task_msgs/msg/detail/task__rosidl_typesupport_fastrtps_c.h
[6.778s] -- Installing: /home/dudz/multi-drone-disaster-response/install/task_msgs/lib/libtask_msgs__rosidl_typesupport_fastrtps_c.so
[6.778s] -- Set non-toolchain portion of runtime path of "/home/dudz/multi-drone-disaster-response/install/task_msgs/lib/libtask_msgs__rosidl_typesupport_fastrtps_c.so" to ""
[6.778s] -- Up-to-date: /home/dudz/multi-drone-disaster-response/install/task_msgs/include/task_msgs/task_msgs
[6.778s] -- Up-to-date: /home/dudz/multi-drone-disaster-response/install/task_msgs/include/task_msgs/task_msgs/msg
[6.778s] -- Installing: /home/dudz/multi-drone-disaster-response/install/task_msgs/include/task_msgs/task_msgs/msg/rosidl_typesupport_introspection_c__visibility_control.h
[6.779s] -- Up-to-date: /home/dudz/multi-drone-disaster-response/install/task_msgs/include/task_msgs/task_msgs/msg/detail
[6.779s] -- Installing: /home/dudz/multi-drone-disaster-response/install/task_msgs/include/task_msgs/task_msgs/msg/detail/task__rosidl_typesupport_introspection_c.h
[6.779s] -- Installing: /home/dudz/multi-drone-disaster-response/install/task_msgs/include/task_msgs/task_msgs/msg/detail/task__type_support.c
[6.779s] -- Installing: /home/dudz/multi-drone-disaster-response/install/task_msgs/lib/libtask_msgs__rosidl_typesupport_introspection_c.so
[6.779s] -- Set non-toolchain portion of runtime path of "/home/dudz/multi-drone-disaster-response/install/task_msgs/lib/libtask_msgs__rosidl_typesupport_introspection_c.so" to ""
[6.779s] -- Installing: /home/dudz/multi-drone-disaster-response/install/task_msgs/lib/libtask_msgs__rosidl_typesupport_c.so
[6.779s] -- Set non-toolchain portion of runtime path of "/home/dudz/multi-drone-disaster-response/install/task_msgs/lib/libtask_msgs__rosidl_typesupport_c.so" to ""
[6.779s] -- Up-to-date: /home/dudz/multi-drone-disaster-response/install/task_msgs/include/task_msgs/task_msgs
[6.779s] -- Up-to-date: /home/dudz/multi-drone-disaster-response/install/task_msgs/include/task_msgs/task_msgs/msg
[6.779s] -- Installing: /home/dudz/multi-drone-disaster-response/install/task_msgs/include/task_msgs/task_msgs/msg/rosidl_generator_cpp__visibility_control.hpp
[6.779s] -- Up-to-date: /home/dudz/multi-drone-disaster-response/install/task_msgs/include/task_msgs/task_msgs/msg/detail
[6.779s] -- Installing: /home/dudz/multi-drone-disaster-response/install/task_msgs/include/task_msgs/task_msgs/msg/detail/task__type_support.hpp
[6.779s] -- Installing: /home/dudz/multi-drone-disaster-response/install/task_msgs/include/task_msgs/task_msgs/msg/detail/task__traits.hpp
[6.779s] -- Installing: /home/dudz/multi-drone-disaster-response/install/task_msgs/include/task_msgs/task_msgs/msg/detail/task__builder.hpp
[6.779s] -- Installing: /home/dudz/multi-drone-disaster-response/install/task_msgs/include/task_msgs/task_msgs/msg/detail/task__struct.hpp
[6.780s] -- Installing: /home/dudz/multi-drone-disaster-response/install/task_msgs/include/task_msgs/task_msgs/msg/task.hpp
[6.780s] -- Up-to-date: /home/dudz/multi-drone-disaster-response/install/task_msgs/include/task_msgs/task_msgs
[6.780s] -- Up-to-date: /home/dudz/multi-drone-disaster-response/install/task_msgs/include/task_msgs/task_msgs/msg
[6.780s] -- Installing: /home/dudz/multi-drone-disaster-response/install/task_msgs/include/task_msgs/task_msgs/msg/rosidl_typesupport_fastrtps_cpp__visibility_control.h
[6.780s] -- Up-to-date: /home/dudz/multi-drone-disaster-response/install/task_msgs/include/task_msgs/task_msgs/msg/detail
[6.780s] -- Installing: /home/dudz/multi-drone-disaster-response/install/task_msgs/include/task_msgs/task_msgs/msg/detail/task__rosidl_typesupport_fastrtps_cpp.hpp
[6.780s] -- Installing: /home/dudz/multi-drone-disaster-response/install/task_msgs/include/task_msgs/task_msgs/msg/detail/dds_fastrtps
[6.780s] -- Installing: /home/dudz/multi-drone-disaster-response/install/task_msgs/lib/libtask_msgs__rosidl_typesupport_fastrtps_cpp.so
[6.782s] -- Set non-toolchain portion of runtime path of "/home/dudz/multi-drone-disaster-response/install/task_msgs/lib/libtask_msgs__rosidl_typesupport_fastrtps_cpp.so" to ""
[6.782s] -- Up-to-date: /home/dudz/multi-drone-disaster-response/install/task_msgs/include/task_msgs/task_msgs
[6.782s] -- Up-to-date: /home/dudz/multi-drone-disaster-response/install/task_msgs/include/task_msgs/task_msgs/msg
[6.782s] -- Up-to-date: /home/dudz/multi-drone-disaster-response/install/task_msgs/include/task_msgs/task_msgs/msg/detail
[6.782s] -- Installing: /home/dudz/multi-drone-disaster-response/install/task_msgs/include/task_msgs/task_msgs/msg/detail/task__rosidl_typesupport_introspection_cpp.hpp
[6.782s] -- Installing: /home/dudz/multi-drone-disaster-response/install/task_msgs/include/task_msgs/task_msgs/msg/detail/task__type_support.cpp
[6.782s] -- Installing: /home/dudz/multi-drone-disaster-response/install/task_msgs/lib/libtask_msgs__rosidl_typesupport_introspection_cpp.so
[6.782s] -- Set non-toolchain portion of runtime path of "/home/dudz/multi-drone-disaster-response/install/task_msgs/lib/libtask_msgs__rosidl_typesupport_introspection_cpp.so" to ""
[6.782s] -- Installing: /home/dudz/multi-drone-disaster-response/install/task_msgs/lib/libtask_msgs__rosidl_typesupport_cpp.so
[6.782s] -- Set non-toolchain portion of runtime path of "/home/dudz/multi-drone-disaster-response/install/task_msgs/lib/libtask_msgs__rosidl_typesupport_cpp.so" to ""
[6.782s] -- Installing: /home/dudz/multi-drone-disaster-response/install/task_msgs/share/task_msgs/environment/pythonpath.sh
[6.782s] -- Installing: /home/dudz/multi-drone-disaster-response/install/task_msgs/share/task_msgs/environment/pythonpath.dsv
[6.782s] -- Installing: /home/dudz/multi-drone-disaster-response/install/task_msgs/lib/python3.12/site-packages/task_msgs-0.0.1-py3.12.egg-info
[6.782s] -- Installing: /home/dudz/multi-drone-disaster-response/install/task_msgs/lib/python3.12/site-packages/task_msgs-0.0.1-py3.12.egg-info/PKG-INFO
[6.782s] -- Installing: /home/dudz/multi-drone-disaster-response/install/task_msgs/lib/python3.12/site-packages/task_msgs-0.0.1-py3.12.egg-info/top_level.txt
[6.782s] -- Installing: /home/dudz/multi-drone-disaster-response/install/task_msgs/lib/python3.12/site-packages/task_msgs-0.0.1-py3.12.egg-info/SOURCES.txt
[6.782s] -- Installing: /home/dudz/multi-drone-disaster-response/install/task_msgs/lib/python3.12/site-packages/task_msgs-0.0.1-py3.12.egg-info/dependency_links.txt
[6.782s] -- Installing: /home/dudz/multi-drone-disaster-response/install/task_msgs/lib/python3.12/site-packages/task_msgs
[6.782s] -- Installing: /home/dudz/multi-drone-disaster-response/install/task_msgs/lib/python3.12/site-packages/task_msgs/_task_msgs_s.ep.rosidl_typesupport_introspection_c.c
[6.782s] -- Installing: /home/dudz/multi-drone-disaster-response/install/task_msgs/lib/python3.12/site-packages/task_msgs/__init__.py
[6.782s] -- Installing: /home/dudz/multi-drone-disaster-response/install/task_msgs/lib/python3.12/site-packages/task_msgs/_task_msgs_s.ep.rosidl_typesupport_c.c
[6.782s] -- Installing: /home/dudz/multi-drone-disaster-response/install/task_msgs/lib/python3.12/site-packages/task_msgs/task_msgs_s__rosidl_typesupport_c.so
[6.783s] -- Installing: /home/dudz/multi-drone-disaster-response/install/task_msgs/lib/python3.12/site-packages/task_msgs/_task_msgs_s.ep.rosidl_typesupport_fastrtps_c.c
[6.783s] -- Installing: /home/dudz/multi-drone-disaster-response/install/task_msgs/lib/python3.12/site-packages/task_msgs/msg
[6.783s] -- Installing: /home/dudz/multi-drone-disaster-response/install/task_msgs/lib/python3.12/site-packages/task_msgs/msg/__init__.py
[6.783s] -- Installing: /home/dudz/multi-drone-disaster-response/install/task_msgs/lib/python3.12/site-packages/task_msgs/msg/_task_s.c
[6.783s] -- Installing: /home/dudz/multi-drone-disaster-response/install/task_msgs/lib/python3.12/site-packages/task_msgs/msg/_task.py
[6.783s] -- Installing: /home/dudz/multi-drone-disaster-response/install/task_msgs/lib/python3.12/site-packages/task_msgs/task_msgs_s__rosidl_typesupport_fastrtps_c.so
[6.783s] -- Installing: /home/dudz/multi-drone-disaster-response/install/task_msgs/lib/python3.12/site-packages/task_msgs/task_msgs_s__rosidl_typesupport_introspection_c.so
[6.812s] Listing '/home/dudz/multi-drone-disaster-response/install/task_msgs/lib/python3.12/site-packages/task_msgs'...
[6.812s] Compiling '/home/dudz/multi-drone-disaster-response/install/task_msgs/lib/python3.12/site-packages/task_msgs/__init__.py'...
[6.812s] Listing '/home/dudz/multi-drone-disaster-response/install/task_msgs/lib/python3.12/site-packages/task_msgs/msg'...
[6.812s] Compiling '/home/dudz/multi-drone-disaster-response/install/task_msgs/lib/python3.12/site-packages/task_msgs/msg/__init__.py'...
[6.812s] Compiling '/home/dudz/multi-drone-disaster-response/install/task_msgs/lib/python3.12/site-packages/task_msgs/msg/_task.py'...
[6.817s] -- Installing: /home/dudz/multi-drone-disaster-response/install/task_msgs/lib/python3.12/site-packages/task_msgs/task_msgs_s__rosidl_typesupport_fastrtps_c.so
[6.817s] -- Set non-toolchain portion of runtime path of "/home/dudz/multi-drone-disaster-response/install/task_msgs/lib/python3.12/site-packages/task_msgs/task_msgs_s__rosidl_typesupport_fastrtps_c.so" to ""
[6.817s] -- Installing: /home/dudz/multi-drone-disaster-response/install/task_msgs/lib/python3.12/site-packages/task_msgs/task_msgs_s__rosidl_typesupport_introspection_c.so
[6.817s] -- Set non-toolchain portion of runtime path of "/home/dudz/multi-drone-disaster-response/install/task_msgs/lib/python3.12/site-packages/task_msgs/task_msgs_s__rosidl_typesupport_introspection_c.so" to ""
[6.817s] -- Installing: /home/dudz/multi-drone-disaster-response/install/task_msgs/lib/python3.12/site-packages/task_msgs/task_msgs_s__rosidl_typesupport_c.so
[6.817s] -- Set non-toolchain portion of runtime path of "/home/dudz/multi-drone-disaster-response/install/task_msgs/lib/python3.12/site-packages/task_msgs/task_msgs_s__rosidl_typesupport_c.so" to ""
[6.818s] -- Installing: /home/dudz/multi-drone-disaster-response/install/task_msgs/lib/libtask_msgs__rosidl_generator_py.so
[6.819s] -- Set non-toolchain portion of runtime path of "/home/dudz/multi-drone-disaster-response/install/task_msgs/lib/libtask_msgs__rosidl_generator_py.so" to ""
[6.819s] -- Installing: /home/dudz/multi-drone-disaster-response/install/task_msgs/share/ament_index/resource_index/rust_packages/task_msgs
[6.819s] -- Installing: /home/dudz/multi-drone-disaster-response/install/task_msgs/share/task_msgs/rust
[6.819s] -- Installing: /home/dudz/multi-drone-disaster-response/install/task_msgs/share/task_msgs/rust/src
[6.819s] -- Installing: /home/dudz/multi-drone-disaster-response/install/task_msgs/share/task_msgs/rust/src/msg.rs
[6.819s] -- Installing: /home/dudz/multi-drone-disaster-response/install/task_msgs/share/task_msgs/rust/src/msg
[6.819s] -- Installing: /home/dudz/multi-drone-disaster-response/install/task_msgs/share/task_msgs/rust/src/msg/rmw.rs
[6.819s] -- Installing: /home/dudz/multi-drone-disaster-response/install/task_msgs/share/task_msgs/rust/src/lib.rs
[6.819s] -- Installing: /home/dudz/multi-drone-disaster-response/install/task_msgs/share/task_msgs/rust/Cargo.toml
[6.819s] -- Installing: /home/dudz/multi-drone-disaster-response/install/task_msgs/share/task_msgs/rust/build.rs
[6.819s] -- Installing: /home/dudz/multi-drone-disaster-response/install/task_msgs/share/task_msgs/msg/Task.idl
[6.819s] -- Installing: /home/dudz/multi-drone-disaster-response/install/task_msgs/share/task_msgs/msg/Task.msg
[6.820s] -- Installing: /home/dudz/multi-drone-disaster-response/install/task_msgs/share/ament_index/resource_index/package_run_dependencies/task_msgs
[6.820s] -- Installing: /home/dudz/multi-drone-disaster-response/install/task_msgs/share/ament_index/resource_index/parent_prefix_path/task_msgs
[6.820s] -- Installing: /home/dudz/multi-drone-disaster-response/install/task_msgs/share/task_msgs/environment/ament_prefix_path.sh
[6.821s] -- Installing: /home/dudz/multi-drone-disaster-response/install/task_msgs/share/task_msgs/environment/ament_prefix_path.dsv
[6.821s] -- Installing: /home/dudz/multi-drone-disaster-response/install/task_msgs/share/task_msgs/environment/path.sh
[6.821s] -- Installing: /home/dudz/multi-drone-disaster-response/install/task_msgs/share/task_msgs/environment/path.dsv
[6.821s] -- Installing: /home/dudz/multi-drone-disaster-response/install/task_msgs/share/task_msgs/local_setup.bash
[6.821s] -- Installing: /home/dudz/multi-drone-disaster-response/install/task_msgs/share/task_msgs/local_setup.sh
[6.821s] -- Installing: /home/dudz/multi-drone-disaster-response/install/task_msgs/share/task_msgs/local_setup.zsh
[6.821s] -- Installing: /home/dudz/multi-drone-disaster-response/install/task_msgs/share/task_msgs/local_setup.dsv
[6.821s] -- Installing: /home/dudz/multi-drone-disaster-response/install/task_msgs/share/task_msgs/package.dsv
[6.821s] -- Installing: /home/dudz/multi-drone-disaster-response/install/task_msgs/share/ament_index/resource_index/packages/task_msgs
[6.821s] -- Installing: /home/dudz/multi-drone-disaster-response/install/task_msgs/share/task_msgs/cmake/export_task_msgs__rosidl_generator_cExport.cmake
[6.821s] -- Installing: /home/dudz/multi-drone-disaster-response/install/task_msgs/share/task_msgs/cmake/export_task_msgs__rosidl_generator_cExport-noconfig.cmake
[6.821s] -- Installing: /home/dudz/multi-drone-disaster-response/install/task_msgs/share/task_msgs/cmake/export_task_msgs__rosidl_typesupport_fastrtps_cExport.cmake
[6.821s] -- Installing: /home/dudz/multi-drone-disaster-response/install/task_msgs/share/task_msgs/cmake/export_task_msgs__rosidl_typesupport_fastrtps_cExport-noconfig.cmake
[6.821s] -- Installing: /home/dudz/multi-drone-disaster-response/install/task_msgs/share/task_msgs/cmake/task_msgs__rosidl_typesupport_introspection_cExport.cmake
[6.821s] -- Installing: /home/dudz/multi-drone-disaster-response/install/task_msgs/share/task_msgs/cmake/task_msgs__rosidl_typesupport_introspection_cExport-noconfig.cmake
[6.821s] -- Installing: /home/dudz/multi-drone-disaster-response/install/task_msgs/share/task_msgs/cmake/task_msgs__rosidl_typesupport_cExport.cmake
[6.821s] -- Installing: /home/dudz/multi-drone-disaster-response/install/task_msgs/share/task_msgs/cmake/task_msgs__rosidl_typesupport_cExport-noconfig.cmake
[6.821s] -- Installing: /home/dudz/multi-drone-disaster-response/install/task_msgs/share/task_msgs/cmake/export_task_msgs__rosidl_generator_cppExport.cmake
[6.821s] -- Installing: /home/dudz/multi-drone-disaster-response/install/task_msgs/share/task_msgs/cmake/export_task_msgs__rosidl_typesupport_fastrtps_cppExport.cmake
[6.822s] -- Installing: /home/dudz/multi-drone-disaster-response/install/task_msgs/share/task_msgs/cmake/export_task_msgs__rosidl_typesupport_fastrtps_cppExport-noconfig.cmake
[6.822s] -- Installing: /home/dudz/multi-drone-disaster-response/install/task_msgs/share/task_msgs/cmake/task_msgs__rosidl_typesupport_introspection_cppExport.cmake
[6.822s] -- Installing: /home/dudz/multi-drone-disaster-response/install/task_msgs/share/task_msgs/cmake/task_msgs__rosidl_typesupport_introspection_cppExport-noconfig.cmake
[6.824s] -- Installing: /home/dudz/multi-drone-disaster-response/install/task_msgs/share/task_msgs/cmake/task_msgs__rosidl_typesupport_cppExport.cmake
[6.824s] -- Installing: /home/dudz/multi-drone-disaster-response/install/task_msgs/share/task_msgs/cmake/task_msgs__rosidl_typesupport_cppExport-noconfig.cmake
[6.824s] -- Installing: /home/dudz/multi-drone-disaster-response/install/task_msgs/share/task_msgs/cmake/export_task_msgs__rosidl_generator_pyExport.cmake
[6.824s] -- Installing: /home/dudz/multi-drone-disaster-response/install/task_msgs/share/task_msgs/cmake/export_task_msgs__rosidl_generator_pyExport-noconfig.cmake
[6.824s] -- Installing: /home/dudz/multi-drone-disaster-response/install/task_msgs/share/task_msgs/cmake/rosidl_cmake-extras.cmake
[6.824s] -- Installing: /home/dudz/multi-drone-disaster-response/install/task_msgs/share/task_msgs/cmake/ament_cmake_export_dependencies-extras.cmake
[6.824s] -- Installing: /home/dudz/multi-drone-disaster-response/install/task_msgs/share/task_msgs/cmake/ament_cmake_export_include_directories-extras.cmake
[6.824s] -- Installing: /home/dudz/multi-drone-disaster-response/install/task_msgs/share/task_msgs/cmake/ament_cmake_export_libraries-extras.cmake
[6.824s] -- Installing: /home/dudz/multi-drone-disaster-response/install/task_msgs/share/task_msgs/cmake/ament_cmake_export_targets-extras.cmake
[6.824s] -- Installing: /home/dudz/multi-drone-disaster-response/install/task_msgs/share/task_msgs/cmake/rosidl_cmake_export_typesupport_targets-extras.cmake
[6.824s] -- Installing: /home/dudz/multi-drone-disaster-response/install/task_msgs/share/task_msgs/cmake/rosidl_cmake_export_typesupport_libraries-extras.cmake
[6.824s] -- Installing: /home/dudz/multi-drone-disaster-response/install/task_msgs/share/task_msgs/cmake/task_msgsConfig.cmake
[6.824s] -- Installing: /home/dudz/multi-drone-disaster-response/install/task_msgs/share/task_msgs/cmake/task_msgsConfig-version.cmake
[6.824s] -- Installing: /home/dudz/multi-drone-disaster-response/install/task_msgs/share/task_msgs/package.xml
[6.825s] Invoked command in '/home/dudz/multi-drone-disaster-response/build/task_msgs' returned '0': CMAKE_PREFIX_PATH=${CMAKE_PREFIX_PATH}:/home/dudz/multi-drone-disaster-response/install/fog_node:/home/dudz/multi-drone-disaster-response/install/drone_node:/home/dudz/multi-drone-disaster-response/install/multi_drone_offboard:/home/dudz/multi-drone-disaster-response/install/cloud_node:/opt/ros/jazzy DEBUGINFOD_URLS=https://debuginfod.ubuntu.com /usr/bin/cmake --install /home/dudz/multi-drone-disaster-response/build/task_msgs
