[0.370s] Invoking command in '/home/maizaied03/ros2_ws/build/drone_node': PYTHONPATH=/home/maizaied03/ros2_ws/build/drone_node/prefix_override:/usr/lib/python3/dist-packages/colcon_core/task/python/colcon_distutils_commands:/home/maizaied03/ros2_ws/install/drone_node/lib/python3.10/site-packages:${PYTHONPATH} /usr/bin/python3 -W ignore:setup.py install is deprecated -W ignore:easy_install command is deprecated setup.py develop --editable --build-directory /home/maizaied03/ros2_ws/build/drone_node/build --no-deps symlink_data
[0.556s] running develop
[0.648s] running egg_info
[0.648s] writing drone_node.egg-info/PKG-INFO
[0.649s] writing dependency_links to drone_node.egg-info/dependency_links.txt
[0.649s] writing entry points to drone_node.egg-info/entry_points.txt
[0.649s] writing requirements to drone_node.egg-info/requires.txt
[0.649s] writing top-level names to drone_node.egg-info/top_level.txt
[0.650s] reading manifest file 'drone_node.egg-info/SOURCES.txt'
[0.650s] writing manifest file 'drone_node.egg-info/SOURCES.txt'
[0.651s] running build_ext
[0.651s] Creating /home/maizaied03/ros2_ws/install/drone_node/lib/python3.10/site-packages/drone-node.egg-link (link to .)
[0.652s] Installing camera_bridge_simple script to /home/maizaied03/ros2_ws/install/drone_node/lib/drone_node
[0.652s] Installing drone_commander script to /home/maizaied03/ros2_ws/install/drone_node/lib/drone_node
[0.652s] Installing drone_reactor script to /home/maizaied03/ros2_ws/install/drone_node/lib/drone_node
[0.652s] Installing drone_status_publisher script to /home/maizaied03/ros2_ws/install/drone_node/lib/drone_node
[0.652s] Installing drone_task_publisher script to /home/maizaied03/ros2_ws/install/drone_node/lib/drone_node
[0.652s] 
[0.652s] Installed /home/maizaied03/ros2_ws/build/drone_node
[0.652s] running symlink_data
[0.671s] Invoked command in '/home/maizaied03/ros2_ws/build/drone_node' returned '0': PYTHONPATH=/home/maizaied03/ros2_ws/build/drone_node/prefix_override:/usr/lib/python3/dist-packages/colcon_core/task/python/colcon_distutils_commands:/home/maizaied03/ros2_ws/install/drone_node/lib/python3.10/site-packages:${PYTHONPATH} /usr/bin/python3 -W ignore:setup.py install is deprecated -W ignore:easy_install command is deprecated setup.py develop --editable --build-directory /home/maizaied03/ros2_ws/build/drone_node/build --no-deps symlink_data
